Component: ARM Compiler 5.06 update 2 (build 183) Tool: armlink [4d35b7]

==============================================================================

Section Cross References

    main.o(i.main) refers to delay.o(i.delay_init) for delay_init
    main.o(i.main) refers to usart.o(i.uart_init) for uart_init
    main.o(i.main) refers to oled.o(i.OLED_Init) for OLED_Init
    main.o(i.main) refers to oled.o(i.OLED_Clear) for OLED_Clear
    main.o(i.main) refers to mpu6050.o(i.MPU_Init) for MPU_Init
    main.o(i.main) refers to kalman.o(i.ini_theta) for ini_theta
    main.o(i.main) refers to pwm.o(i.TIM2_PWM_Init) for TIM2_PWM_Init
    main.o(i.main) refers to tim.o(i.TIM3_Init) for TIM3_Init
    main.o(i.main) refers to fadd.o(.text) for __aeabi_fadd
    main.o(i.main) refers to oled.o(i.GUI_ShowFloat) for GUI_ShowFloat
    main.o(i.main) refers to fflti.o(.text) for __aeabi_i2f
    main.o(i.main) refers to kalman.o(.data) for theta_deg2
    main.o(i.main) refers to pid.o(.data) for powerL
    delay.o(i.delay_init) refers to misc.o(i.SysTick_CLKSourceConfig) for SysTick_CLKSourceConfig
    delay.o(i.delay_init) refers to system_stm32f10x.o(.data) for SystemCoreClock
    delay.o(i.delay_init) refers to delay.o(.data) for fac_us
    delay.o(i.delay_ms) refers to delay.o(.data) for fac_ms
    delay.o(i.delay_us) refers to delay.o(.data) for fac_us
    usart.o(i.Str_dec) refers to strtod.o(i.strtod) for strtod
    usart.o(i.Str_dec) refers to d2f.o(.text) for __aeabi_d2f
    usart.o(i.Str_dec) refers to strlen.o(.text) for strlen
    usart.o(i.USART1_IRQHandler) refers to stm32f10x_usart.o(i.USART_GetITStatus) for USART_GetITStatus
    usart.o(i.USART1_IRQHandler) refers to stm32f10x_usart.o(i.USART_ReceiveData) for USART_ReceiveData
    usart.o(i.USART1_IRQHandler) refers to usart.o(i.Usart_str) for Usart_str
    usart.o(i.USART1_IRQHandler) refers to usart.o(i.Str_dec) for Str_dec
    usart.o(i.USART1_IRQHandler) refers to printfa.o(i.__0printf) for __2printf
    usart.o(i.USART1_IRQHandler) refers to usart.o(.bss) for Str_sta
    usart.o(i.USART1_IRQHandler) refers to usart.o(.data) for pid_control
    usart.o(i.Usart_str) refers to usart.o(.data) for i
    usart.o(i.uart_init) refers to stm32f10x_rcc.o(i.RCC_APB2PeriphClockCmd) for RCC_APB2PeriphClockCmd
    usart.o(i.uart_init) refers to stm32f10x_gpio.o(i.GPIO_Init) for GPIO_Init
    usart.o(i.uart_init) refers to misc.o(i.NVIC_PriorityGroupConfig) for NVIC_PriorityGroupConfig
    usart.o(i.uart_init) refers to misc.o(i.NVIC_Init) for NVIC_Init
    usart.o(i.uart_init) refers to stm32f10x_usart.o(i.USART_Init) for USART_Init
    usart.o(i.uart_init) refers to stm32f10x_usart.o(i.USART_ITConfig) for USART_ITConfig
    usart.o(i.uart_init) refers to stm32f10x_usart.o(i.USART_Cmd) for USART_Cmd
    kalman.o(i.acc_init) refers to kalman.o(i.get_acc_data) for get_acc_data
    kalman.o(i.acc_init) refers to delay.o(i.delay_ms) for delay_ms
    kalman.o(i.acc_init) refers to fadd.o(.text) for __aeabi_fadd
    kalman.o(i.acc_init) refers to fdiv.o(.text) for __aeabi_fdiv
    kalman.o(i.acc_init) refers to fmul.o(.text) for __aeabi_fmul
    kalman.o(i.acc_init) refers to kalman.o(.data) for theta_mean
    kalman.o(i.get_acc_data) refers to mpu6050.o(i.MPU_Get_Accelerometer) for MPU_Get_Accelerometer
    kalman.o(i.get_acc_data) refers to dflti.o(.text) for __aeabi_i2d
    kalman.o(i.get_acc_data) refers to atan2.o(i.atan2) for atan2
    kalman.o(i.get_acc_data) refers to dmul.o(.text) for __aeabi_dmul
    kalman.o(i.get_acc_data) refers to d2f.o(.text) for __aeabi_d2f
    kalman.o(i.get_acc_data) refers to kalman.o(.data) for accZ
    kalman.o(i.get_gyro_data) refers to mpu6050.o(i.MPU_Get_Gyroscope) for MPU_Get_Gyroscope
    kalman.o(i.get_gyro_data) refers to fflti.o(.text) for __aeabi_i2f
    kalman.o(i.get_gyro_data) refers to fdiv.o(.text) for __aeabi_fdiv
    kalman.o(i.get_gyro_data) refers to kalman.o(.data) for gyroZ
    kalman.o(i.gyro_init) refers to kalman.o(i.get_gyro_data) for get_gyro_data
    kalman.o(i.gyro_init) refers to delay.o(i.delay_ms) for delay_ms
    kalman.o(i.gyro_init) refers to fadd.o(.text) for __aeabi_fadd
    kalman.o(i.gyro_init) refers to fdiv.o(.text) for __aeabi_fdiv
    kalman.o(i.gyro_init) refers to fmul.o(.text) for __aeabi_fmul
    kalman.o(i.gyro_init) refers to kalman.o(.data) for theta_dot_mean
    kalman.o(i.ini_theta) refers to kalman.o(i.acc_init) for acc_init
    kalman.o(i.ini_theta) refers to kalman.o(i.gyro_init) for gyro_init
    kalman.o(i.ini_theta) refers to kalman.o(.data) for theta_data_predict
    kalman.o(i.ini_theta) refers to kalman.o(.bss) for P_theta_predict
    kalman.o(i.mat_add) refers to fadd.o(.text) for __aeabi_fadd
    kalman.o(i.mat_inv) refers to malloc.o(i.malloc) for malloc
    kalman.o(i.mat_inv) refers to cfrcmple.o(.text) for __aeabi_cfrcmple
    kalman.o(i.mat_inv) refers to fdiv.o(.text) for __aeabi_fdiv
[...]
    Removing stm32f10x_tim.o(i.TIM_SetCounter), (4 bytes).
    Removing stm32f10x_tim.o(i.TIM_SetIC1Prescaler), (18 bytes).
    Removing stm32f10x_tim.o(i.TIM_SetIC2Prescaler), (26 bytes).
    Removing stm32f10x_tim.o(i.TIM_SetIC3Prescaler), (18 bytes).
    Removing stm32f10x_tim.o(i.TIM_SetIC4Prescaler), (26 bytes).
    Removing stm32f10x_tim.o(i.TIM_TIxExternalClockConfig), (62 bytes).
    Removing stm32f10x_tim.o(i.TIM_TimeBaseStructInit), (18 bytes).
    Removing stm32f10x_tim.o(i.TIM_UpdateDisableConfig), (24 bytes).
    Removing stm32f10x_tim.o(i.TIM_UpdateRequestConfig), (24 bytes).
    Removing stm32f10x_usart.o(.rev16_text), (4 bytes).
    Removing stm32f10x_usart.o(.revsh_text), (4 bytes).
    Removing stm32f10x_usart.o(.rrx_text), (6 bytes).
    Removing stm32f10x_usart.o(i.USART_ClearFlag), (18 bytes).
    Removing stm32f10x_usart.o(i.USART_ClearITPendingBit), (30 bytes).
    Removing stm32f10x_usart.o(i.USART_ClockInit), (34 bytes).
    Removing stm32f10x_usart.o(i.USART_ClockStructInit), (12 bytes).
    Removing stm32f10x_usart.o(i.USART_DMACmd), (18 bytes).
    Removing stm32f10x_usart.o(i.USART_DeInit), (156 bytes).
    Removing stm32f10x_usart.o(i.USART_GetFlagStatus), (26 bytes).
    Removing stm32f10x_usart.o(i.USART_HalfDuplexCmd), (24 bytes).
    Removing stm32f10x_usart.o(i.USART_IrDACmd), (24 bytes).
    Removing stm32f10x_usart.o(i.USART_IrDAConfig), (18 bytes).
    Removing stm32f10x_usart.o(i.USART_LINBreakDetectLengthConfig), (18 bytes).
    Removing stm32f10x_usart.o(i.USART_LINCmd), (24 bytes).
    Removing stm32f10x_usart.o(i.USART_OneBitMethodCmd), (24 bytes).
    Removing stm32f10x_usart.o(i.USART_OverSampling8Cmd), (22 bytes).
    Removing stm32f10x_usart.o(i.USART_ReceiverWakeUpCmd), (24 bytes).
    Removing stm32f10x_usart.o(i.USART_SendBreak), (10 bytes).
    Removing stm32f10x_usart.o(i.USART_SendData), (8 bytes).
    Removing stm32f10x_usart.o(i.USART_SetAddress), (18 bytes).
    Removing stm32f10x_usart.o(i.USART_SetGuardTime), (16 bytes).
    Removing stm32f10x_usart.o(i.USART_SetPrescaler), (16 bytes).
    Removing stm32f10x_usart.o(i.USART_SmartCardCmd), (24 bytes).
    Removing stm32f10x_usart.o(i.USART_SmartCardNACKCmd), (24 bytes).
    Removing stm32f10x_usart.o(i.USART_StructInit), (24 bytes).
    Removing stm32f10x_usart.o(i.USART_WakeUpConfig), (18 bytes).
    Removing startup_stm32f10x_ld.o(HEAP), (512 bytes).
    Removing system_stm32f10x.o(.rev16_text), (4 bytes).
    Removing system_stm32f10x.o(.revsh_text), (4 bytes).
    Removing system_stm32f10x.o(.rrx_text), (6 bytes).
    Removing system_stm32f10x.o(i.SystemCoreClockUpdate), (164 bytes).
    Removing cfrcmple.o(.text), (20 bytes).

251 unused section(s) (total 9966 bytes) removed from the image.

==============================================================================

Image Symbol Table

    Local Symbols

    Symbol Name                              Value     Ov Type        Size  Object(Section)

    ../clib/microlib/ctype/ctype.c           0x00000000   Number         0  isspace_c.o ABSOLUTE
    ../clib/microlib/ctype/ctype.c           0x00000000   Number         0  ctype_c.o ABSOLUTE
    ../clib/microlib/division.c              0x00000000   Number         0  uidiv.o ABSOLUTE
    ../clib/microlib/division.c              0x00000000   Number         0  uldiv.o ABSOLUTE
    ../clib/microlib/errno.c                 0x00000000   Number         0  errno.o ABSOLUTE
    ../clib/microlib/init/entry.s            0x00000000   Number         0  entry2.o ABSOLUTE
    ../clib/microlib/init/entry.s            0x00000000   Number         0  entry10a.o ABSOLUTE
    ../clib/microlib/init/entry.s            0x00000000   Number         0  entry10b.o ABSOLUTE
    ../clib/microlib/init/entry.s            0x00000000   Number         0  entry11a.o ABSOLUTE
    ../clib/microlib/init/entry.s            0x00000000   Number         0  entry11b.o ABSOLUTE
    ../clib/microlib/init/entry.s            0x00000000   Number         0  entry5.o ABSOLUTE
    ../clib/microlib/init/entry.s            0x00000000   Number         0  entry7a.o ABSOLUTE
    ../clib/microlib/init/entry.s            0x00000000   Number         0  entry.o ABSOLUTE
    ../clib/microlib/init/entry.s            0x00000000   Number         0  entry7b.o ABSOLUTE
    ../clib/microlib/init/entry.s            0x00000000   Number         0  entry8a.o ABSOLUTE
    ../clib/microlib/init/entry.s            0x00000000   Number         0  entry8b.o ABSOLUTE
    ../clib/microlib/init/entry.s            0x00000000   Number         0  entry9a.o ABSOLUTE
    ../clib/microlib/init/entry.s            0x00000000   Number         0  entry9b.o ABSOLUTE
    ../clib/microlib/longlong.c              0x00000000   Number         0  llsshr.o ABSOLUTE
    ../clib/microlib/longlong.c              0x00000000   Number         0  llshl.o ABSOLUTE
    ../clib/microlib/longlong.c              0x00000000   Number         0  llushr.o ABSOLUTE
    ../clib/microlib/malloc/malloc.c         0x00000000   Number         0  mallocra.o ABSOLUTE
    ../clib/microlib/malloc/malloc.c         0x00000000   Number         0  mallocr.o ABSOLUTE
    ../clib/microlib/malloc/malloc.c         0x00000000   Number         0  malloc.o ABSOLUTE
    ../clib/microlib/malloc/malloc.c         0x00000000   Number         0  malloca.o ABSOLUTE
    ../clib/microlib/malloc/mvars.c          0x00000000   Number         0  mvars.o ABSOLUTE
    ../clib/microlib/printf/printf.c         0x00000000   Number         0  printf8.o ABSOLUTE
    ../clib/microlib/printf/printf.c         0x00000000   Number         0  printf7.o ABSOLUTE
    ../clib/microlib/printf/printf.c         0x00000000   Number         0  printf6.o ABSOLUTE
    ../clib/microlib/printf/printf.c         0x00000000   Number         0  printf4.o ABSOLUTE
    ../clib/microlib/printf/printf.c         0x00000000   Number         0  printf3.o ABSOLUTE
    ../clib/microlib/printf/printf.c         0x00000000   Number         0  printf2.o ABSOLUTE
    ../clib/microlib/printf/printf.c         0x00000000   Number         0  printf1.o ABSOLUTE
    ../clib/microlib/printf/printf.c         0x00000000   Number         0  printf0.o ABSOLUTE
    ../clib/microlib/printf/printf.c         0x00000000   Number         0  printfb.o ABSOLUTE
    ../clib/microlib/printf/printf.c         0x00000000   Number         0  printf5.o ABSOLUTE
    ../clib/microlib/printf/printf.c         0x00000000   Number         0  printfa.o ABSOLUTE
    ../clib/microlib/printf/stubs.s          0x00000000   Number         0  stubs.o ABSOLUTE
    ../clib/microlib/string/memcpy.c         0x00000000   Number         0  memcpya.o ABSOLUTE
    ../clib/microlib/string/memcpy.c         0x00000000   Number         0  memcpyb.o ABSOLUTE
    ../clib/microlib/string/memset.c         0x00000000   Number         0  memseta.o ABSOLUTE
    ../clib/microlib/string/strlen.c         0x00000000   Number         0  strlen.o ABSOLUTE
    ../clib/microlib/stubs.s                 0x00000000   Number         0  iusefp.o ABSOLUTE
    ../clib/microlib/stubs.s                 0x00000000   Number         0  useno.o ABSOLUTE
    ../clib/scanf.c                          0x00000000   Number         0  strtod.o ABSOLUTE
    ../clib/scanf.c                          0x00000000   Number         0  scanf_fp.o ABSOLUTE
    ../clib/scanf.c                          0x00000000   Number         0  _sgetc.o ABSOLUTE
    ../fplib/microlib/d2f.c                  0x00000000   Number         0  d2f.o ABSOLUTE
    ../fplib/microlib/f2d.c                  0x00000000   Number         0  f2d.o ABSOLUTE
    ../fplib/microlib/fpadd.c                0x00000000   Number         0  dadd.o ABSOLUTE
    ../fplib/microlib/fpadd.c                0x00000000   Number         0  fadd.o ABSOLUTE
    ../fplib/microlib/fpcmp4.c               0x00000000   Number         0  dcmp4.o ABSOLUTE
    ../fplib/microlib/fpdiv.c                0x00000000   Number         0  ddiv.o ABSOLUTE
    ../fplib/microlib/fpdiv.c                0x00000000   Number         0  fdiv.o ABSOLUTE
    ../fplib/microlib/fpepilogue.c           0x00000000   Number         0  fepilogue.o ABSOLUTE
    ../fplib/microlib/fpepilogue.c           0x00000000   Number         0  depilogue.o ABSOLUTE
    ../fplib/microlib/fpfix.c                0x00000000   Number         0  dfixul.o ABSOLUTE
    ../fplib/microlib/fpfix.c                0x00000000   Number         0  dfixi.o ABSOLUTE
    ../fplib/microlib/fpfix.c                0x00000000   Number         0  ffixi.o ABSOLUTE
    ../fplib/microlib/fpflt.c                0x00000000   Number         0  dfltul.o ABSOLUTE
    ../fplib/microlib/fpflt.c                0x00000000   Number         0  fflti.o ABSOLUTE
    ../fplib/microlib/fpflt.c                0x00000000   Number         0  dflti.o ABSOLUTE
    ../fplib/microlib/fpmul.c                0x00000000   Number         0  dmul.o ABSOLUTE
    ../fplib/microlib/fpmul.c                0x00000000   Number         0  fmul.o ABSOLUTE
    ../fplib/microlib/fpscalb.c              0x00000000   Number         0  dscalb.o ABSOLUTE
    ../mathlib/atan.c                        0x00000000   Number         0  atan_x.o ABSOLUTE
    ../mathlib/atan.c                        0x00000000   Number         0  atan.o ABSOLUTE
    ../mathlib/atan2.c                       0x00000000   Number         0  atan2_x.o ABSOLUTE
    ../mathlib/atan2.c                       0x00000000   Number         0  atan2.o ABSOLUTE
    ../mathlib/dunder.c                      0x00000000   Number         0  dunder.o ABSOLUTE
    ../mathlib/fmax.c                        0x00000000   Number         0  fmin.o ABSOLUTE
    ../mathlib/fmax.c                        0x00000000   Number         0  fmax.o ABSOLUTE
    ../mathlib/fpclassify.c                  0x00000000   Number         0  fpclassify.o ABSOLUTE
    ../mathlib/poly.c                        0x00000000   Number         0  poly.o ABSOLUTE
    ../mathlib/qnan.c                        0x00000000   Number         0  qnan.o ABSOLUTE
    ../mathlib/strtod.c                      0x00000000   Number         0  strtod.o ABSOLUTE
    C:\Keil_v5\ARM\PACK\Keil\STM32F1xx_DFP\2.2.0\Device\StdPeriph_Driver\src\misc.c 0x00000000   Number         0  misc.o ABSOLUTE
    C:\Keil_v5\ARM\PACK\Keil\STM32F1xx_DFP\2.2.0\Device\StdPeriph_Driver\src\stm32f10x_gpio.c 0x00000000   Number         0  stm32f10x_gpio.o ABSOLUTE
    C:\Keil_v5\ARM\PACK\Keil\STM32F1xx_DFP\2.2.0\Device\StdPeriph_Driver\src\stm32f10x_rcc.c 0x00000000   Number         0  stm32f10x_rcc.o ABSOLUTE
    C:\Keil_v5\ARM\PACK\Keil\STM32F1xx_DFP\2.2.0\Device\StdPeriph_Driver\src\stm32f10x_spi.c 0x00000000   Number         0  stm32f10x_spi.o ABSOLUTE
    C:\Keil_v5\ARM\PACK\Keil\STM32F1xx_DFP\2.2.0\Device\StdPeriph_Driver\src\stm32f10x_tim.c 0x00000000   Number         0  stm32f10x_tim.o ABSOLUTE
    C:\Keil_v5\ARM\PACK\Keil\STM32F1xx_DFP\2.2.0\Device\StdPeriph_Driver\src\stm32f10x_usart.c 0x00000000   Number         0  stm32f10x_usart.o ABSOLUTE
    C:\\Keil_v5\\ARM\\PACK\\Keil\\STM32F1xx_DFP\\2.2.0\\Device\\StdPeriph_Driver\\src\\misc.c 0x00000000   Number         0  misc.o ABSOLUTE
    C:\\Keil_v5\\ARM\\PACK\\Keil\\STM32F1xx_DFP\\2.2.0\\Device\\StdPeriph_Driver\\src\\stm32f10x_gpio.c 0x00000000   Number         0  stm32f10x_gpio.o ABSOLUTE
    C:\\Keil_v5\\ARM\\PACK\\Keil\\STM32F1xx_DFP\\2.2.0\\Device\\StdPeriph_Driver\\src\\stm32f10x_rcc.c 0x00000000   Number         0  stm32f10x_rcc.o ABSOLUTE
    C:\\Keil_v5\\ARM\\PACK\\Keil\\STM32F1xx_DFP\\2.2.0\\Device\\StdPeriph_Driver\\src\\stm32f10x_spi.c 0x00000000   Number         0  stm32f10x_spi.o ABSOLUTE
    C:\\Keil_v5\\ARM\\PACK\\Keil\\STM32F1xx_DFP\\2.2.0\\Device\\StdPeriph_Driver\\src\\stm32f10x_tim.c 0x00000000   Number         0  stm32f10x_tim.o ABSOLUTE
    C:\\Keil_v5\\ARM\\PACK\\Keil\\STM32F1xx_DFP\\2.2.0\\Device\\StdPeriph_Driver\\src\\stm32f10x_usart.c 0x00000000   Number         0  stm32f10x_usart.o ABSOLUTE
    Drive\MPU6050\mpu6050.c                  0x00000000   Number         0  mpu6050.o ABSOLUTE
    Drive\MPU6050\mpuiic.c                   0x00000000   Number         0  mpuiic.o ABSOLUTE
    Drive\\MPU6050\\mpu6050.c                0x00000000   Number         0  mpu6050.o ABSOLUTE
    Drive\\MPU6050\\mpuiic.c                 0x00000000   Number         0  mpuiic.o ABSOLUTE
    Drive\\kalman\\kalman.c                  0x00000000   Number         0  kalman.o ABSOLUTE
    Drive\\oled\\oled.c                      0x00000000   Number         0  oled.o ABSOLUTE
    Drive\\pid\\pid.c                        0x00000000   Number         0  pid.o ABSOLUTE
    Drive\\pwm\\pwm.c                        0x00000000   Number         0  pwm.o ABSOLUTE
    Drive\\tim\\tim.c                        0x00000000   Number         0  tim.o ABSOLUTE
    Drive\kalman\kalman.c                    0x00000000   Number         0  kalman.o ABSOLUTE
    Drive\oled\oled.c                        0x00000000   Number         0  oled.o ABSOLUTE
    Drive\pid\pid.c                          0x00000000   Number         0  pid.o ABSOLUTE
    Drive\pwm\pwm.c                          0x00000000   Number         0  pwm.o ABSOLUTE
    Drive\tim\tim.c                          0x00000000   Number         0  tim.o ABSOLUTE
    RTE\Device\STM32F103C6\startup_stm32f10x_ld.s 0x00000000   Number         0  startup_stm32f10x_ld.o ABSOLUTE
    RTE\Device\STM32F103C6\system_stm32f10x.c 0x00000000   Number         0  system_stm32f10x.o ABSOLUTE
    RTE\\Device\\STM32F103C6\\system_stm32f10x.c 0x00000000   Number         0  system_stm32f10x.o ABSOLUTE
    SYSTEM\\delay\\delay.c                   0x00000000   Number         0  delay.o ABSOLUTE
    SYSTEM\\sys\\sys.c                       0x00000000   Number         0  sys.o ABSOLUTE
    SYSTEM\\usart\\usart.c                   0x00000000   Number         0  usart.o ABSOLUTE
    SYSTEM\delay\delay.c                     0x00000000   Number         0  delay.o ABSOLUTE
    SYSTEM\sys\sys.c                         0x00000000   Number         0  sys.o ABSOLUTE
    SYSTEM\usart\usart.c                     0x00000000   Number         0  usart.o ABSOLUTE
    USER\\main.c                             0x00000000   Number         0  main.o ABSOLUTE
    USER\main.c                              0x00000000   Number         0  main.o ABSOLUTE
    cdcmple.s                                0x00000000   Number         0  cdcmple.o ABSOLUTE
    cdrcmple.s                               0x00000000   Number         0  cdrcmple.o ABSOLUTE
    cfcmple.s                                0x00000000   Number         0  cfcmple.o ABSOLUTE
    cfrcmple.s                               0x00000000   Number         0  cfrcmple.o ABSOLUTE
    dc.s                                     0x00000000   Number         0  dc.o ABSOLUTE
    handlers.s                               0x00000000   Number         0  handlers.o ABSOLUTE
    init.s                                   0x00000000   Number         0  init.o ABSOLUTE
    RESET                                    0x08000000   Section      236  startup_stm32f10x_ld.o(RESET)
    .ARM.Collect$$$$00000000                 0x080000ec   Section        0  entry.o(.ARM.Collect$$$$00000000)
    .ARM.Collect$$$$00000001                 0x080000ec   Section        4  entry2.o(.ARM.Collect$$$$00000001)
    .ARM.Collect$$$$00000004                 0x080000f0   Section        4  entry5.o(.ARM.Collect$$$$00000004)
    .ARM.Collect$$$$00000008                 0x080000f4   Section        0  entry7b.o(.ARM.Collect$$$$00000008)
    .ARM.Collect$$$$0000000A                 0x080000f4   Section        0  entry8b.o(.ARM.Collect$$$$0000000A)
    .ARM.Collect$$$$0000000B                 0x080000f4   Section        8  entry9a.o(.ARM.Collect$$$$0000000B)
    .ARM.Collect$$$$0000000D                 0x080000fc   Section        0  entry10a.o(.ARM.Collect$$$$0000000D)
    .ARM.Collect$$$$0000000F                 0x080000fc   Section        0  entry11a.o(.ARM.Collect$$$$0000000F)
    .ARM.Collect$$$$00002712                 0x080000fc   Section        4  entry2.o(.ARM.Collect$$$$00002712)
    __lit__00000000                          0x080000fc   Data           4  entry2.o(.ARM.Collect$$$$00002712)
    .text                                    0x08000100   Section       36  startup_stm32f10x_ld.o(.text)
    .text                                    0x08000124   Section        0  memseta.o(.text)
    .text                                    0x08000148   Section        0  strlen.o(.text)
    .text                                    0x08000156   Section        0  fadd.o(.text)
    .text                                    0x08000206   Section        0  fmul.o(.text)
    .text                                    0x0800026a   Section        0  fdiv.o(.text)
    .text                                    0x080002e6   Section        0  dadd.o(.text)
    .text                                    0x08000434   Section        0  dmul.o(.text)
    .text                                    0x08000518   Section        0  ddiv.o(.text)
    .text                                    0x080005f6   Section        0  fflti.o(.text)
    .text                                    0x08000608   Section        0  dflti.o(.text)
    .text                                    0x0800062a   Section        0  ffixi.o(.text)
    .text                                    0x0800065c   Section        0  dfixi.o(.text)
    .text                                    0x0800069a   Section        0  f2d.o(.text)
    .text                                    0x080006c0   Section       48  cdcmple.o(.text)
    .text                                    0x080006f0   Section       48  cdrcmple.o(.text)
    .text                                    0x08000720   Section        0  d2f.o(.text)
    .text                                    0x08000758   Section       20  cfcmple.o(.text)
    .text                                    0x0800076c   Section        0  uidiv.o(.text)
    .text                                    0x08000798   Section        0  uldiv.o(.text)
    .text                                    0x080007fa   Section        0  llshl.o(.text)
    .text                                    0x08000818   Section        0  llushr.o(.text)
    .text                                    0x08000838   Section        0  llsshr.o(.text)
    .text                                    0x0800085c   Section        0  strtod.o(.text)
    _local_sscanf                            0x0800085d   Thumb Code    54  strtod.o(.text)
    .text                                    0x080008f8   Section        0  fepilogue.o(.text)
    .text                                    0x080008f8   Section        0  iusefp.o(.text)
    .text                                    0x08000966   Section        0  depilogue.o(.text)
    .text                                    0x08000a20   Section        0  dfixul.o(.text)
    .text                                    0x08000a50   Section        0  dcmp4.o(.text)
    .text                                    0x08000ab0   Section       36  init.o(.text)
    .text                                    0x08000ad4   Section        0  isspace_c.o(.text)
    .text                                    0x08000ae0   Section        0  scanf_fp.o(.text)
    _fp_value                                0x08000ae1   Thumb Code   256  scanf_fp.o(.text)
    .text                                    0x08000e18   Section        0  _sgetc.o(.text)
    .text                                    0x08000e58   Section        0  dscalb.o(.text)
    .text                                    0x08000e88   Section        0  ctype_c.o(.text)
    .text                                    0x08000eb0   Section        0  dfltul.o(.text)
    i.GPIO_Init                              0x08000ec8   Section        0  stm32f10x_gpio.o(i.GPIO_Init)
    i.GPIO_ResetBits                         0x08000fde   Section        0  stm32f10x_gpio.o(i.GPIO_ResetBits)
    i.GPIO_SetBits                           0x08000fe2   Section        0  stm32f10x_gpio.o(i.GPIO_SetBits)
    i.GUI_ShowChar                           0x08000fe8   Section        0  oled.o(i.GUI_ShowChar)
    i.GUI_ShowFloat                          0x080010f8   Section        0  oled.o(i.GUI_ShowFloat)
    i.GUI_ShowString                         0x08001148   Section        0  oled.o(i.GUI_ShowString)
    i.MPU_Get_Accelerometer                  0x080011b6   Section        0  mpu6050.o(i.MPU_Get_Accelerometer)
    i.MPU_Get_Gyroscope                      0x08001206   Section        0  mpu6050.o(i.MPU_Get_Gyroscope)
    i.MPU_IIC_Ack                            0x08001258   Section        0  mpuiic.o(i.MPU_IIC_Ack)
    i.MPU_IIC_Delay                          0x080012a4   Section        0  mpuiic.o(i.MPU_IIC_Delay)
    i.MPU_IIC_Init                           0x080012b0   Section        0  mpuiic.o(i.MPU_IIC_Init)
    i.MPU_IIC_NAck                           0x080012dc   Section        0  mpuiic.o(i.MPU_IIC_NAck)
    i.MPU_IIC_Read_Byte                      0x08001328   Section        0  mpuiic.o(i.MPU_IIC_Read_Byte)
    i.MPU_IIC_Send_Byte                      0x08001394   Section        0  mpuiic.o(i.MPU_IIC_Send_Byte)
    i.MPU_IIC_Start                          0x080013f0   Section        0  mpuiic.o(i.MPU_IIC_Start)
    i.MPU_IIC_Stop                           0x08001438   Section        0  mpuiic.o(i.MPU_IIC_Stop)
    i.MPU_IIC_Wait_Ack                       0x08001480   Section        0  mpuiic.o(i.MPU_IIC_Wait_Ack)
    i.MPU_Init                               0x080014e4   Section        0  mpu6050.o(i.MPU_Init)
    i.MPU_Read_Byte                          0x0800155a   Section        0  mpu6050.o(i.MPU_Read_Byte)
    i.MPU_Read_Len                           0x08001594   Section        0  mpu6050.o(i.MPU_Read_Len)
    i.MPU_Set_Accel_Fsr                      0x08001608   Section        0  mpu6050.o(i.MPU_Set_Accel_Fsr)
    i.MPU_Set_Gyro_Fsr                       0x08001618   Section        0  mpu6050.o(i.MPU_Set_Gyro_Fsr)
    i.MPU_Set_LPF                            0x08001628   Section        0  mpu6050.o(i.MPU_Set_LPF)
    i.MPU_Set_Rate                           0x08001662   Section        0  mpu6050.o(i.MPU_Set_Rate)
    i.MPU_Write_Byte                         0x0800169c   Section        0  mpu6050.o(i.MPU_Write_Byte)
    i.NVIC_Init                              0x080016e0   Section        0  misc.o(i.NVIC_Init)
    i.NVIC_PriorityGroupConfig               0x08001750   Section        0  misc.o(i.NVIC_PriorityGroupConfig)
    i.OLED_Clear                             0x08001764   Section        0  oled.o(i.OLED_Clear)
    i.OLED_Display                           0x0800178c   Section        0  oled.o(i.OLED_Display)
    i.OLED_Init                              0x080017d4   Section        0  oled.o(i.OLED_Init)
    i.OLED_Init_GPIO                         0x080018b4   Section        0  oled.o(i.OLED_Init_GPIO)
    i.OLED_Reset                             0x080018ec   Section        0  oled.o(i.OLED_Reset)
    i.OLED_Set_Pixel                         0x08001918   Section        0  oled.o(i.OLED_Set_Pixel)
    i.OLED_WR_Byte                           0x08001998   Section        0  oled.o(i.OLED_WR_Byte)
    i.PID_control                            0x080019dc   Section        0  pid.o(i.PID_control)
    i.PWM_LoadL                              0x08001c98   Section        0  pwm.o(i.PWM_LoadL)
    i.PWM_LoadR                              0x08001cb4   Section        0  pwm.o(i.PWM_LoadR)
    i.RCC_APB1PeriphClockCmd                 0x08001cd0   Section        0  stm32f10x_rcc.o(i.RCC_APB1PeriphClockCmd)
    i.RCC_APB2PeriphClockCmd                 0x08001cf0   Section        0  stm32f10x_rcc.o(i.RCC_APB2PeriphClockCmd)
    i.RCC_GetClocksFreq                      0x08001d10   Section        0  stm32f10x_rcc.o(i.RCC_GetClocksFreq)
    i.SPI1_Init                              0x08001de4   Section        0  oled.o(i.SPI1_Init)
    i.SPI_Cmd                                0x08001e80   Section        0  stm32f10x_spi.o(i.SPI_Cmd)
    i.SPI_Init                               0x08001e98   Section        0  stm32f10x_spi.o(i.SPI_Init)
    i.SPI_WriteByte                          0x08001ed4   Section        0  oled.o(i.SPI_WriteByte)
    i.SetSysClock                            0x08001ef6   Section        0  system_stm32f10x.o(i.SetSysClock)
    SetSysClock                              0x08001ef7   Thumb Code     8  system_stm32f10x.o(i.SetSysClock)
    i.SetSysClockTo72                        0x08001f00   Section        0  system_stm32f10x.o(i.SetSysClockTo72)
    SetSysClockTo72                          0x08001f01   Thumb Code   214  system_stm32f10x.o(i.SetSysClockTo72)
    i.Str_dec                                0x08001fe0   Section        0  usart.o(i.Str_dec)
    i.SysTick_CLKSourceConfig                0x08002086   Section        0  misc.o(i.SysTick_CLKSourceConfig)
    i.SystemInit                             0x080020b0   Section        0  system_stm32f10x.o(i.SystemInit)
    i.TIM2_PWM_Init                          0x08002110   Section        0  pwm.o(i.TIM2_PWM_Init)
    i.TIM3_IRQHandler                        0x080021e0   Section        0  tim.o(i.TIM3_IRQHandler)
    i.TIM3_Init                              0x08002204   Section        0  tim.o(i.TIM3_Init)
    i.TIM_ARRPreloadConfig                   0x08002268   Section        0  stm32f10x_tim.o(i.TIM_ARRPreloadConfig)
    i.TIM_ClearITPendingBit                  0x08002280   Section        0  stm32f10x_tim.o(i.TIM_ClearITPendingBit)
    i.TIM_Cmd                                0x08002286   Section        0  stm32f10x_tim.o(i.TIM_Cmd)
    i.TIM_GetITStatus                        0x0800229e   Section        0  stm32f10x_tim.o(i.TIM_GetITStatus)
    i.TIM_ITConfig                           0x080022c0   Section        0  stm32f10x_tim.o(i.TIM_ITConfig)
    i.TIM_OC1Init                            0x080022d4   Section        0  stm32f10x_tim.o(i.TIM_OC1Init)
    i.TIM_OC1PreloadConfig                   0x0800236c   Section        0  stm32f10x_tim.o(i.TIM_OC1PreloadConfig)
    i.TIM_OC2Init                            0x08002380   Section        0  stm32f10x_tim.o(i.TIM_OC2Init)
    i.TIM_OC2PreloadConfig                   0x08002424   Section        0  stm32f10x_tim.o(i.TIM_OC2PreloadConfig)
    i.TIM_OC3Init                            0x08002440   Section        0  stm32f10x_tim.o(i.TIM_OC3Init)
    i.TIM_OC3PreloadConfig                   0x080024e0   Section        0  stm32f10x_tim.o(i.TIM_OC3PreloadConfig)
    i.TIM_OC4Init                            0x080024f4   Section        0  stm32f10x_tim.o(i.TIM_OC4Init)
    i.TIM_OC4PreloadConfig                   0x08002570   Section        0  stm32f10x_tim.o(i.TIM_OC4PreloadConfig)
    i.TIM_SetCompare1                        0x0800258a   Section        0  stm32f10x_tim.o(i.TIM_SetCompare1)
    i.TIM_SetCompare2                        0x0800258e   Section        0  stm32f10x_tim.o(i.TIM_SetCompare2)
    i.TIM_SetCompare3                        0x08002592   Section        0  stm32f10x_tim.o(i.TIM_SetCompare3)
    i.TIM_SetCompare4                        0x08002596   Section        0  stm32f10x_tim.o(i.TIM_SetCompare4)
    i.TIM_TimeBaseInit                       0x0800259c   Section        0  stm32f10x_tim.o(i.TIM_TimeBaseInit)
    i.Turn                                   0x08002640   Section        0  pid.o(i.Turn)
    i.USART1_IRQHandler                      0x0800268c   Section        0  usart.o(i.USART1_IRQHandler)
    i.USART_Cmd                              0x08002740   Section        0  stm32f10x_usart.o(i.USART_Cmd)
    i.USART_GetITStatus                      0x08002758   Section        0  stm32f10x_usart.o(i.USART_GetITStatus)
    i.USART_ITConfig                         0x080027ac   Section        0  stm32f10x_usart.o(i.USART_ITConfig)
    i.USART_Init                             0x080027f8   Section        0  stm32f10x_usart.o(i.USART_Init)
    i.USART_ReceiveData                      0x080028d0   Section        0  stm32f10x_usart.o(i.USART_ReceiveData)
    i.Usart_str                              0x080028dc   Section        0  usart.o(i.Usart_str)
    i.__0printf                              0x08002904   Section        0  printfa.o(i.__0printf)
    i.__0sprintf                             0x08002924   Section        0  printfa.o(i.__0sprintf)
    i.__ARM_fpclassify                       0x0800294c   Section        0  fpclassify.o(i.__ARM_fpclassify)
    i.__kernel_poly                          0x08002974   Section        0  poly.o(i.__kernel_poly)
    i.__mathlib_dbl_infnan                   0x08002a1e   Section        0  dunder.o(i.__mathlib_dbl_infnan)
    i.__mathlib_dbl_infnan2                  0x08002a24   Section        0  dunder.o(i.__mathlib_dbl_infnan2)
    i.__mathlib_dbl_underflow                0x08002a28   Section        0  dunder.o(i.__mathlib_dbl_underflow)
    i.__scatterload_copy                     0x08002a38   Section       14  handlers.o(i.__scatterload_copy)
    i.__scatterload_null                     0x08002a46   Section        2  handlers.o(i.__scatterload_null)
    i.__scatterload_zeroinit                 0x08002a48   Section       14  handlers.o(i.__scatterload_zeroinit)
    i._fp_digits                             0x08002a58   Section        0  printfa.o(i._fp_digits)
    _fp_digits                               0x08002a59   Thumb Code   334  printfa.o(i._fp_digits)
    i._is_digit                              0x08002bbc   Section        0  scanf_fp.o(i._is_digit)
    i._printf_core                           0x08002bcc   Section        0  printfa.o(i._printf_core)
    _printf_core                             0x08002bcd   Thumb Code  1744  printfa.o(i._printf_core)
    i._printf_post_padding                   0x080032a8   Section        0  printfa.o(i._printf_post_padding)
    _printf_post_padding                     0x080032a9   Thumb Code    36  printfa.o(i._printf_post_padding)
    i._printf_pre_padding                    0x080032cc   Section        0  printfa.o(i._printf_pre_padding)
    _printf_pre_padding                      0x080032cd   Thumb Code    46  printfa.o(i._printf_pre_padding)
    i._sputc                                 0x080032fa   Section        0  printfa.o(i._sputc)
    _sputc                                   0x080032fb   Thumb Code    10  printfa.o(i._sputc)
    i.acc_init                               0x08003304   Section        0  kalman.o(i.acc_init)
    i.atan                                   0x080033a4   Section        0  atan.o(i.atan)
    i.atan2                                  0x080035c4   Section        0  atan2.o(i.atan2)
    i.delay_init                             0x08003744   Section        0  delay.o(i.delay_init)
    i.delay_ms                               0x08003788   Section        0  delay.o(i.delay_ms)
    i.delay_us                               0x080037d4   Section        0  delay.o(i.delay_us)
    i.fmax                                   0x08003820   Section        0  fmax.o(i.fmax)
    i.fmin                                   0x08003862   Section        0  fmin.o(i.fmin)
    i.fputc                                  0x080038a4   Section        0  usart.o(i.fputc)
    i.get_acc_data                           0x080038c0   Section        0  kalman.o(i.get_acc_data)
    i.get_gyro_data                          0x08003924   Section        0  kalman.o(i.get_gyro_data)
    i.gyro_init                              0x08003960   Section        0  kalman.o(i.gyro_init)
    i.ini_theta                              0x08003a00   Section        0  kalman.o(i.ini_theta)
    i.main                                   0x08003a40   Section        0  main.o(i.main)
    i.mat_add                                0x08003b68   Section        0  kalman.o(i.mat_add)
    i.mat_mul                                0x08003baa   Section        0  kalman.o(i.mat_mul)
    i.mat_mul_const                          0x08003c16   Section        0  kalman.o(i.mat_mul_const)
    i.mat_sub                                0x08003c52   Section        0  kalman.o(i.mat_sub)
    i.mat_tran                               0x08003c94   Section        0  kalman.o(i.mat_tran)
    i.strtod                                 0x08003cc0   Section        0  strtod.o(i.strtod)
    i.uart_init                              0x08003cdc   Section        0  usart.o(i.uart_init)
    i.update_theta                           0x08003d84   Section        0  kalman.o(i.update_theta)
    .constdata                               0x08003fdc   Section       24  kalman.o(.constdata)
    .constdata                               0x08003ff4   Section     4048  oled.o(.constdata)
    .constdata                               0x08004fc8   Section      152  atan.o(.constdata)
    atanhi                                   0x08004fc8   Data          32  atan.o(.constdata)
    atanlo                                   0x08004fe8   Data          32  atan.o(.constdata)
    aTodd                                    0x08005008   Data          40  atan.o(.constdata)
    aTeven                                   0x08005030   Data          48  atan.o(.constdata)
    .constdata                               0x08005060   Section        8  qnan.o(.constdata)
    .constdata                               0x08005068   Section       64  ctype_c.o(.constdata)
    .data                                    0x20000000   Section        4  delay.o(.data)
    fac_us                                   0x20000000   Data           1  delay.o(.data)
    fac_ms                                   0x20000002   Data           2  delay.o(.data)
    .data                                    0x20000004   Section       17  usart.o(.data)
    i                                        0x20000014   Data           1  usart.o(.data)
    .data                                    0x20000018   Section       92  kalman.o(.data)
    .data                                    0x20000074   Section       52  pid.o(.data)
    thetaI_last                              0x200000a0   Data           4  pid.o(.data)
    thetaI_Low                               0x200000a4   Data           4  pid.o(.data)
    .data                                    0x200000a8   Section       20  stm32f10x_rcc.o(.data)
    APBAHBPrescTable                         0x200000a8   Data          16  stm32f10x_rcc.o(.data)
    ADCPrescTable                            0x200000b8   Data           4  stm32f10x_rcc.o(.data)
    .data                                    0x200000bc   Section       20  system_stm32f10x.o(.data)
    .bss                                     0x200000d0   Section      250  usart.o(.bss)
    .bss                                     0x200001cc   Section       32  kalman.o(.bss)
    .bss                                     0x200001ec   Section     1024  oled.o(.bss)
    OLED_buffer                              0x200001ec   Data        1024  oled.o(.bss)
    STACK                                    0x200005f0   Section     1024  startup_stm32f10x_ld.o(STACK)

    Global Symbols

    Symbol Name                              Value     Ov Type        Size  Object(Section)

    BuildAttributes$$THM_ISAv4$P$D$K$B$S$PE$A:L22UL41UL21$X:L11$S22US41US21$IEEE1$IW$USESV6$~STKCKD$USESV7$~SHL$OTIME$ROPI$IEEEX$EBA8$MICROLIB$REQ8$PRES8$EABIv2 0x00000000   Number         0  anon$$obj.o ABSOLUTE
    __ARM_use_no_argv                        0x00000000   Number         0  main.o ABSOLUTE
    __use_no_errno                           0x00000000   Number         0  useno.o ABSOLUTE
    __use_no_exception_handling              0x00000000   Number         0  useno.o ABSOLUTE
    __use_no_fp                              0x00000000   Number         0  useno.o ABSOLUTE
    __use_no_heap                            0x00000000   Number         0  useno.o ABSOLUTE
    __use_no_heap_region                     0x00000000   Number         0  useno.o ABSOLUTE
    __use_no_semihosting                     0x00000000   Number         0  useno.o ABSOLUTE
    __use_no_semihosting_swi                 0x00000000   Number         0  useno.o ABSOLUTE
    __use_no_signal_handling                 0x00000000   Number         0  useno.o ABSOLUTE
    _printf_a                                0x00000000   Number         0  stubs.o ABSOLUTE
    _printf_c                                0x00000000   Number         0  stubs.o ABSOLUTE
    _printf_charcount                        0x00000000   Number         0  stubs.o ABSOLUTE
    _printf_d                                0x00000000   Number         0  stubs.o ABSOLUTE
    _printf_e                                0x00000000   Number         0  stubs.o ABSOLUTE
    _printf_f                                0x00000000   Number         0  stubs.o ABSOLUTE
    _printf_flags                            0x00000000   Number         0  stubs.o ABSOLUTE
    _printf_fp_dec                           0x00000000   Number         0  stubs.o ABSOLUTE
    _printf_fp_hex                           0x00000000   Number         0  stubs.o ABSOLUTE
    _printf_g                                0x00000000   Number         0  stubs.o ABSOLUTE
    _printf_i                                0x00000000   Number         0  stubs.o ABSOLUTE
    _printf_int_dec                          0x00000000   Number         0  stubs.o ABSOLUTE
    _printf_l                                0x00000000   Number         0  stubs.o ABSOLUTE
    _printf_lc                               0x00000000   Number         0  stubs.o ABSOLUTE
    _printf_ll                               0x00000000   Number         0  stubs.o ABSOLUTE
    _printf_lld                              0x00000000   Number         0  stubs.o ABSOLUTE
    _printf_lli                              0x00000000   Number         0  stubs.o ABSOLUTE
    _printf_llo                              0x00000000   Number         0  stubs.o ABSOLUTE
    _printf_llu                              0x00000000   Number         0  stubs.o ABSOLUTE
    _printf_llx                              0x00000000   Number         0  stubs.o ABSOLUTE
    _printf_longlong_dec                     0x00000000   Number         0  stubs.o ABSOLUTE
    _printf_longlong_hex                     0x00000000   Number         0  stubs.o ABSOLUTE
    _printf_longlong_oct                     0x00000000   Number         0  stubs.o ABSOLUTE
    _printf_ls                               0x00000000   Number         0  stubs.o ABSOLUTE
    _printf_mbtowc                           0x00000000   Number         0  stubs.o ABSOLUTE
    _printf_n                                0x00000000   Number         0  stubs.o ABSOLUTE
    _printf_o                                0x00000000   Number         0  stubs.o ABSOLUTE
    _printf_p                                0x00000000   Number         0  stubs.o ABSOLUTE
    _printf_percent                          0x00000000   Number         0  stubs.o ABSOLUTE
    _printf_pre_padding                      0x00000000   Number         0  stubs.o ABSOLUTE
    _printf_return_value                     0x00000000   Number         0  stubs.o ABSOLUTE
    _printf_s                                0x00000000   Number         0  stubs.o ABSOLUTE
    _printf_sizespec                         0x00000000   Number         0  stubs.o ABSOLUTE
    _printf_str                              0x00000000   Number         0  stubs.o ABSOLUTE
    _printf_truncate_signed                  0x00000000   Number         0  stubs.o ABSOLUTE
    _printf_truncate_unsigned                0x00000000   Number         0  stubs.o ABSOLUTE
    _printf_u                                0x00000000   Number         0  stubs.o ABSOLUTE
    _printf_wc                               0x00000000   Number         0  stubs.o ABSOLUTE
    _printf_wctomb                           0x00000000   Number         0  stubs.o ABSOLUTE
    _printf_widthprec                        0x00000000   Number         0  stubs.o ABSOLUTE
    _printf_x                                0x00000000   Number         0  stubs.o ABSOLUTE
    __cpp_initialize__aeabi_                  - Undefined Weak Reference
    __cxa_finalize                            - Undefined Weak Reference
    __decompress                              - Undefined Weak Reference
    _clock_init                               - Undefined Weak Reference
    _microlib_exit                            - Undefined Weak Reference
    __Vectors_Size                           0x000000ec   Number         0  startup_stm32f10x_ld.o ABSOLUTE
    __Vectors                                0x08000000   Data           4  startup_stm32f10x_ld.o(RESET)
    __Vectors_End                            0x080000ec   Data           0  startup_stm32f10x_ld.o(RESET)
    __main                                   0x080000ed   Thumb Code     0  entry.o(.ARM.Collect$$$$00000000)
    _main_stk                                0x080000ed   Thumb Code     0  entry2.o(.ARM.Collect$$$$00000001)
    _main_scatterload                        0x080000f1   Thumb Code     0  entry5.o(.ARM.Collect$$$$00000004)
    __main_after_scatterload                 0x080000f5   Thumb Code     0  entry5.o(.ARM.Collect$$$$00000004)
    _main_clock                              0x080000f5   Thumb Code     0  entry7b.o(.ARM.Collect$$$$00000008)
    _main_cpp_init                           0x080000f5   Thumb Code     0  entry8b.o(.ARM.Collect$$$$0000000A)
    _main_init                               0x080000f5   Thumb Code     0  entry9a.o(.ARM.Collect$$$$0000000B)
    __rt_final_cpp                           0x080000fd   Thumb Code     0  entry10a.o(.ARM.Collect$$$$0000000D)
    __rt_final_exit                          0x080000fd   Thumb Code     0  entry11a.o(.ARM.Collect$$$$0000000F)
    Reset_Handler                            0x08000101   Thumb Code     8  startup_stm32f10x_ld.o(.text)
    NMI_Handler                              0x08000109   Thumb Code     2  startup_stm32f10x_ld.o(.text)
    HardFault_Handler                        0x0800010b   Thumb Code     2  startup_stm32f10x_ld.o(.text)
    MemManage_Handler                        0x0800010d   Thumb Code     2  startup_stm32f10x_ld.o(.text)
    BusFault_Handler                         0x0800010f   Thumb Code     2  startup_stm32f10x_ld.o(.text)
    UsageFault_Handler                       0x08000111   Thumb Code     2  startup_stm32f10x_ld.o(.text)
    SVC_Handler                              0x08000113   Thumb Code     2  startup_stm32f10x_ld.o(.text)
    DebugMon_Handler                         0x08000115   Thumb Code     2  startup_stm32f10x_ld.o(.text)
    PendSV_Handler                           0x08000117   Thumb Code     2  startup_stm32f10x_ld.o(.text)
    SysTick_Handler                          0x08000119   Thumb Code     2  startup_stm32f10x_ld.o(.text)
    ADC1_2_IRQHandler                        0x0800011b   Thumb Code     0  startup_stm32f10x_ld.o(.text)
    CAN1_RX1_IRQHandler                      0x0800011b   Thumb Code     0  startup_stm32f10x_ld.o(.text)
    CAN1_SCE_IRQHandler                      0x0800011b   Thumb Code     0  startup_stm32f10x_ld.o(.text)
    DMA1_Channel1_IRQHandler                 0x0800011b   Thumb Code     0  startup_stm32f10x_ld.o(.text)
    DMA1_Channel2_IRQHandler                 0x0800011b   Thumb Code     0  startup_stm32f10x_ld.o(.text)
    DMA1_Channel3_IRQHandler                 0x0800011b   Thumb Code     0  startup_stm32f10x_ld.o(.text)
    DMA1_Channel4_IRQHandler                 0x0800011b   Thumb Code     0  startup_stm32f10x_ld.o(.text)
    DMA1_Channel5_IRQHandler                 0x0800011b   Thumb Code     0  startup_stm32f10x_ld.o(.text)
    DMA1_Channel6_IRQHandler                 0x0800011b   Thumb Code     0  startup_stm32f10x_ld.o(.text)
    DMA1_Channel7_IRQHandler                 0x0800011b   Thumb Code     0  startup_stm32f10x_ld.o(.text)
    EXTI0_IRQHandler                         0x0800011b   Thumb Code     0  startup_stm32f10x_ld.o(.text)
    EXTI15_10_IRQHandler                     0x0800011b   Thumb Code     0  startup_stm32f10x_ld.o(.text)
    EXTI1_IRQHandler                         0x0800011b   Thumb Code     0  startup_stm32f10x_ld.o(.text)
    EXTI2_IRQHandler                         0x0800011b   Thumb Code     0  startup_stm32f10x_ld.o(.text)
    EXTI3_IRQHandler                         0x0800011b   Thumb Code     0  startup_stm32f10x_ld.o(.text)
    EXTI4_IRQHandler                         0x0800011b   Thumb Code     0  startup_stm32f10x_ld.o(.text)
    EXTI9_5_IRQHandler                       0x0800011b   Thumb Code     0  startup_stm32f10x_ld.o(.text)
    FLASH_IRQHandler                         0x0800011b   Thumb Code     0  startup_stm32f10x_ld.o(.text)
    I2C1_ER_IRQHandler                       0x0800011b   Thumb Code     0  startup_stm32f10x_ld.o(.text)
    I2C1_EV_IRQHandler                       0x0800011b   Thumb Code     0  startup_stm32f10x_ld.o(.text)
    PVD_IRQHandler                           0x0800011b   Thumb Code     0  startup_stm32f10x_ld.o(.text)
    RCC_IRQHandler                           0x0800011b   Thumb Code     0  startup_stm32f10x_ld.o(.text)
    RTCAlarm_IRQHandler                      0x0800011b   Thumb Code     0  startup_stm32f10x_ld.o(.text)
    RTC_IRQHandler                           0x0800011b   Thumb Code     0  startup_stm32f10x_ld.o(.text)
    SPI1_IRQHandler                          0x0800011b   Thumb Code     0  startup_stm32f10x_ld.o(.text)
    TAMPER_IRQHandler                        0x0800011b   Thumb Code     0  startup_stm32f10x_ld.o(.text)
    TIM1_BRK_IRQHandler                      0x0800011b   Thumb Code     0  startup_stm32f10x_ld.o(.text)
    TIM1_CC_IRQHandler                       0x0800011b   Thumb Code     0  startup_stm32f10x_ld.o(.text)
    TIM1_TRG_COM_IRQHandler                  0x0800011b   Thumb Code     0  startup_stm32f10x_ld.o(.text)
    TIM1_UP_IRQHandler                       0x0800011b   Thumb Code     0  startup_stm32f10x_ld.o(.text)
    TIM2_IRQHandler                          0x0800011b   Thumb Code     0  startup_stm32f10x_ld.o(.text)
    USART2_IRQHandler                        0x0800011b   Thumb Code     0  startup_stm32f10x_ld.o(.text)
    USBWakeUp_IRQHandler                     0x0800011b   Thumb Code     0  startup_stm32f10x_ld.o(.text)
    USB_HP_CAN1_TX_IRQHandler                0x0800011b   Thumb Code     0  startup_stm32f10x_ld.o(.text)
    USB_LP_CAN1_RX0_IRQHandler               0x0800011b   Thumb Code     0  startup_stm32f10x_ld.o(.text)
    WWDG_IRQHandler                          0x0800011b   Thumb Code     0  startup_stm32f10x_ld.o(.text)
    __aeabi_memset                           0x08000125   Thumb Code    14  memseta.o(.text)
    __aeabi_memset4                          0x08000125   Thumb Code     0  memseta.o(.text)
    __aeabi_memset8                          0x08000125   Thumb Code     0  memseta.o(.text)
    __aeabi_memclr                           0x08000133   Thumb Code     4  memseta.o(.text)
    __aeabi_memclr4                          0x08000133   Thumb Code     0  memseta.o(.text)
    __aeabi_memclr8                          0x08000133   Thumb Code     0  memseta.o(.text)
    _memset$wrapper                          0x08000137   Thumb Code    18  memseta.o(.text)
    strlen                                   0x08000149   Thumb Code    14  strlen.o(.text)
    __aeabi_fadd                             0x08000157   Thumb Code   164  fadd.o(.text)
    __aeabi_fsub                             0x080001fb   Thumb Code     6  fadd.o(.text)
    __aeabi_frsub                            0x08000201   Thumb Code     6  fadd.o(.text)
    __aeabi_fmul                             0x08000207   Thumb Code   100  fmul.o(.text)
    __aeabi_fdiv                             0x0800026b   Thumb Code   124  fdiv.o(.text)
    __aeabi_dadd                             0x080002e7   Thumb Code   322  dadd.o(.text)
    __aeabi_dsub                             0x08000429   Thumb Code     6  dadd.o(.text)
    __aeabi_drsub                            0x0800042f   Thumb Code     6  dadd.o(.text)
    __aeabi_dmul                             0x08000435   Thumb Code   228  dmul.o(.text)
    __aeabi_ddiv                             0x08000519   Thumb Code   222  ddiv.o(.text)
    __aeabi_i2f                              0x080005f7   Thumb Code    18  fflti.o(.text)
    __aeabi_i2d                              0x08000609   Thumb Code    34  dflti.o(.text)
    __aeabi_f2iz                             0x0800062b   Thumb Code    50  ffixi.o(.text)
    __aeabi_d2iz                             0x0800065d   Thumb Code    62  dfixi.o(.text)
    __aeabi_f2d                              0x0800069b   Thumb Code    38  f2d.o(.text)
    __aeabi_cdcmpeq                          0x080006c1   Thumb Code     0  cdcmple.o(.text)
    __aeabi_cdcmple                          0x080006c1   Thumb Code    48  cdcmple.o(.text)
    __aeabi_cdrcmple                         0x080006f1   Thumb Code    48  cdrcmple.o(.text)
    __aeabi_d2f                              0x08000721   Thumb Code    56  d2f.o(.text)
    __aeabi_cfcmpeq                          0x08000759   Thumb Code     0  cfcmple.o(.text)
    __aeabi_cfcmple                          0x08000759   Thumb Code    20  cfcmple.o(.text)
    __aeabi_uidiv                            0x0800076d   Thumb Code     0  uidiv.o(.text)
    __aeabi_uidivmod                         0x0800076d   Thumb Code    44  uidiv.o(.text)
    __aeabi_uldivmod                         0x08000799   Thumb Code    98  uldiv.o(.text)
    __aeabi_llsl                             0x080007fb   Thumb Code    30  llshl.o(.text)
    _ll_shift_l                              0x080007fb   Thumb Code     0  llshl.o(.text)
    __aeabi_llsr                             0x08000819   Thumb Code    32  llushr.o(.text)
    _ll_ushift_r                             0x08000819   Thumb Code     0  llushr.o(.text)
    __aeabi_lasr                             0x08000839   Thumb Code    36  llsshr.o(.text)
    _ll_sshift_r                             0x08000839   Thumb Code     0  llsshr.o(.text)
    __strtod_int                             0x08000893   Thumb Code    88  strtod.o(.text)
    __I$use$fp                               0x080008f9   Thumb Code     0  iusefp.o(.text)
    _float_round                             0x080008f9   Thumb Code    18  fepilogue.o(.text)
    _float_epilogue                          0x0800090b   Thumb Code    92  fepilogue.o(.text)
    _double_round                            0x08000967   Thumb Code    30  depilogue.o(.text)
    _double_epilogue                         0x08000985   Thumb Code   156  depilogue.o(.text)
    __aeabi_d2ulz                            0x08000a21   Thumb Code    48  dfixul.o(.text)
    __ARM_dcmp4                              0x08000a51   Thumb Code    96  dcmp4.o(.text)
    _dcmp4                                   0x08000a51   Thumb Code     0  dcmp4.o(.text)
    __scatterload                            0x08000ab1   Thumb Code    28  init.o(.text)
    __scatterload_rt2                        0x08000ab1   Thumb Code     0  init.o(.text)
    isspace                                  0x08000ad5   Thumb Code    10  isspace_c.o(.text)
    _scanf_real                              0x08000be1   Thumb Code     0  scanf_fp.o(.text)
    _scanf_really_real                       0x08000be1   Thumb Code   556  scanf_fp.o(.text)
    _sgetc                                   0x08000e19   Thumb Code    30  _sgetc.o(.text)
    _sbackspace                              0x08000e37   Thumb Code    34  _sgetc.o(.text)
    __ARM_scalbn                             0x08000e59   Thumb Code    46  dscalb.o(.text)
    scalbn                                   0x08000e59   Thumb Code     0  dscalb.o(.text)
    __ctype_lookup                           0x08000e89   Thumb Code    34  ctype_c.o(.text)
    __aeabi_ul2d                             0x08000eb1   Thumb Code    24  dfltul.o(.text)
    GPIO_Init                                0x08000ec9   Thumb Code   278  stm32f10x_gpio.o(i.GPIO_Init)
    GPIO_ResetBits                           0x08000fdf   Thumb Code     4  stm32f10x_gpio.o(i.GPIO_ResetBits)
    GPIO_SetBits                             0x08000fe3   Thumb Code     4  stm32f10x_gpio.o(i.GPIO_SetBits)
    GUI_ShowChar                             0x08000fe9   Thumb Code   262  oled.o(i.GUI_ShowChar)
    GUI_ShowFloat                            0x080010f9   Thumb Code    70  oled.o(i.GUI_ShowFloat)
    GUI_ShowString                           0x08001149   Thumb Code   110  oled.o(i.GUI_ShowString)
    MPU_Get_Accelerometer                    0x080011b7   Thumb Code    80  mpu6050.o(i.MPU_Get_Accelerometer)
    MPU_Get_Gyroscope                        0x08001207   Thumb Code    80  mpu6050.o(i.MPU_Get_Gyroscope)
    MPU_IIC_Ack                              0x08001259   Thumb Code    62  mpuiic.o(i.MPU_IIC_Ack)
    MPU_IIC_Delay                            0x080012a5   Thumb Code    10  mpuiic.o(i.MPU_IIC_Delay)
    MPU_IIC_Init                             0x080012b1   Thumb Code    38  mpuiic.o(i.MPU_IIC_Init)
    MPU_IIC_NAck                             0x080012dd   Thumb Code    62  mpuiic.o(i.MPU_IIC_NAck)
    MPU_IIC_Read_Byte                        0x08001329   Thumb Code    94  mpuiic.o(i.MPU_IIC_Read_Byte)
    MPU_IIC_Send_Byte                        0x08001395   Thumb Code    80  mpuiic.o(i.MPU_IIC_Send_Byte)
    MPU_IIC_Start                            0x080013f1   Thumb Code    60  mpuiic.o(i.MPU_IIC_Start)
    MPU_IIC_Stop                             0x08001439   Thumb Code    58  mpuiic.o(i.MPU_IIC_Stop)
    MPU_IIC_Wait_Ack                         0x08001481   Thumb Code    86  mpuiic.o(i.MPU_IIC_Wait_Ack)
    MPU_Init                                 0x080014e5   Thumb Code   118  mpu6050.o(i.MPU_Init)
    MPU_Read_Byte                            0x0800155b   Thumb Code    58  mpu6050.o(i.MPU_Read_Byte)
    MPU_Read_Len                             0x08001595   Thumb Code   116  mpu6050.o(i.MPU_Read_Len)
    MPU_Set_Accel_Fsr                        0x08001609   Thumb Code    16  mpu6050.o(i.MPU_Set_Accel_Fsr)
    MPU_Set_Gyro_Fsr                         0x08001619   Thumb Code    16  mpu6050.o(i.MPU_Set_Gyro_Fsr)
    MPU_Set_LPF                              0x08001629   Thumb Code    58  mpu6050.o(i.MPU_Set_LPF)
    MPU_Set_Rate                             0x08001663   Thumb Code    58  mpu6050.o(i.MPU_Set_Rate)
    MPU_Write_Byte                           0x0800169d   Thumb Code    68  mpu6050.o(i.MPU_Write_Byte)
    NVIC_Init                                0x080016e1   Thumb Code   100  misc.o(i.NVIC_Init)
    NVIC_PriorityGroupConfig                 0x08001751   Thumb Code    10  misc.o(i.NVIC_PriorityGroupConfig)
    OLED_Clear                               0x08001765   Thumb Code    36  oled.o(i.OLED_Clear)
    OLED_Display                             0x0800178d   Thumb Code    68  oled.o(i.OLED_Display)
    OLED_Init                                0x080017d5   Thumb Code   222  oled.o(i.OLED_Init)
    OLED_Init_GPIO                           0x080018b5   Thumb Code    50  oled.o(i.OLED_Init_GPIO)
    OLED_Reset                               0x080018ed   Thumb Code    40  oled.o(i.OLED_Reset)
    OLED_Set_Pixel                           0x08001919   Thumb Code   122  oled.o(i.OLED_Set_Pixel)
    OLED_WR_Byte                             0x08001999   Thumb Code    60  oled.o(i.OLED_WR_Byte)
    PID_control                              0x080019dd   Thumb Code   610  pid.o(i.PID_control)
    PWM_LoadL                                0x08001c99   Thumb Code    28  pwm.o(i.PWM_LoadL)
    PWM_LoadR                                0x08001cb5   Thumb Code    28  pwm.o(i.PWM_LoadR)
    RCC_APB1PeriphClockCmd                   0x08001cd1   Thumb Code    26  stm32f10x_rcc.o(i.RCC_APB1PeriphClockCmd)
    RCC_APB2PeriphClockCmd                   0x08001cf1   Thumb Code    26  stm32f10x_rcc.o(i.RCC_APB2PeriphClockCmd)
    RCC_GetClocksFreq                        0x08001d11   Thumb Code   192  stm32f10x_rcc.o(i.RCC_GetClocksFreq)
    SPI1_Init                                0x08001de5   Thumb Code   146  oled.o(i.SPI1_Init)
    SPI_Cmd                                  0x08001e81   Thumb Code    24  stm32f10x_spi.o(i.SPI_Cmd)
    SPI_Init                                 0x08001e99   Thumb Code    60  stm32f10x_spi.o(i.SPI_Init)
    SPI_WriteByte                            0x08001ed5   Thumb Code    34  oled.o(i.SPI_WriteByte)
    Str_dec                                  0x08001fe1   Thumb Code   166  usart.o(i.Str_dec)
    SysTick_CLKSourceConfig                  0x08002087   Thumb Code    40  misc.o(i.SysTick_CLKSourceConfig)
    SystemInit                               0x080020b1   Thumb Code    78  system_stm32f10x.o(i.SystemInit)
    TIM2_PWM_Init                            0x08002111   Thumb Code   204  pwm.o(i.TIM2_PWM_Init)
    TIM3_IRQHandler                          0x080021e1   Thumb Code    30  tim.o(i.TIM3_IRQHandler)
    TIM3_Init                                0x08002205   Thumb Code    94  tim.o(i.TIM3_Init)
    TIM_ARRPreloadConfig                     0x08002269   Thumb Code    24  stm32f10x_tim.o(i.TIM_ARRPreloadConfig)
    TIM_ClearITPendingBit                    0x08002281   Thumb Code     6  stm32f10x_tim.o(i.TIM_ClearITPendingBit)
    TIM_Cmd                                  0x08002287   Thumb Code    24  stm32f10x_tim.o(i.TIM_Cmd)
    TIM_GetITStatus                          0x0800229f   Thumb Code    34  stm32f10x_tim.o(i.TIM_GetITStatus)
    TIM_ITConfig                             0x080022c1   Thumb Code    18  stm32f10x_tim.o(i.TIM_ITConfig)
    TIM_OC1Init                              0x080022d5   Thumb Code   132  stm32f10x_tim.o(i.TIM_OC1Init)
    TIM_OC1PreloadConfig                     0x0800236d   Thumb Code    18  stm32f10x_tim.o(i.TIM_OC1PreloadConfig)
    TIM_OC2Init                              0x08002381   Thumb Code   154  stm32f10x_tim.o(i.TIM_OC2Init)
    TIM_OC2PreloadConfig                     0x08002425   Thumb Code    26  stm32f10x_tim.o(i.TIM_OC2PreloadConfig)
    TIM_OC3Init                              0x08002441   Thumb Code   150  stm32f10x_tim.o(i.TIM_OC3Init)
    TIM_OC3PreloadConfig                     0x080024e1   Thumb Code    18  stm32f10x_tim.o(i.TIM_OC3PreloadConfig)
    TIM_OC4Init                              0x080024f5   Thumb Code   114  stm32f10x_tim.o(i.TIM_OC4Init)
    TIM_OC4PreloadConfig                     0x08002571   Thumb Code    26  stm32f10x_tim.o(i.TIM_OC4PreloadConfig)
    TIM_SetCompare1                          0x0800258b   Thumb Code     4  stm32f10x_tim.o(i.TIM_SetCompare1)
    TIM_SetCompare2                          0x0800258f   Thumb Code     4  stm32f10x_tim.o(i.TIM_SetCompare2)
    TIM_SetCompare3                          0x08002593   Thumb Code     4  stm32f10x_tim.o(i.TIM_SetCompare3)
    TIM_SetCompare4                          0x08002597   Thumb Code     6  stm32f10x_tim.o(i.TIM_SetCompare4)
    TIM_TimeBaseInit                         0x0800259d   Thumb Code   122  stm32f10x_tim.o(i.TIM_TimeBaseInit)
    Turn                                     0x08002641   Thumb Code    58  pid.o(i.Turn)
    USART1_IRQHandler                        0x0800268d   Thumb Code   150  usart.o(i.USART1_IRQHandler)
    USART_Cmd                                0x08002741   Thumb Code    24  stm32f10x_usart.o(i.USART_Cmd)
    USART_GetITStatus                        0x08002759   Thumb Code    84  stm32f10x_usart.o(i.USART_GetITStatus)
    USART_ITConfig                           0x080027ad   Thumb Code    74  stm32f10x_usart.o(i.USART_ITConfig)
    USART_Init                               0x080027f9   Thumb Code   210  stm32f10x_usart.o(i.USART_Init)
    USART_ReceiveData                        0x080028d1   Thumb Code    10  stm32f10x_usart.o(i.USART_ReceiveData)
    Usart_str                                0x080028dd   Thumb Code    34  usart.o(i.Usart_str)
    __0printf                                0x08002905   Thumb Code    22  printfa.o(i.__0printf)
    __1printf                                0x08002905   Thumb Code     0  printfa.o(i.__0printf)
    __2printf                                0x08002905   Thumb Code     0  printfa.o(i.__0printf)
    __c89printf                              0x08002905   Thumb Code     0  printfa.o(i.__0printf)
    printf                                   0x08002905   Thumb Code     0  printfa.o(i.__0printf)
    __0sprintf                               0x08002925   Thumb Code    34  printfa.o(i.__0sprintf)
    __1sprintf                               0x08002925   Thumb Code     0  printfa.o(i.__0sprintf)
    __2sprintf                               0x08002925   Thumb Code     0  printfa.o(i.__0sprintf)
    __c89sprintf                             0x08002925   Thumb Code     0  printfa.o(i.__0sprintf)
    sprintf                                  0x08002925   Thumb Code     0  printfa.o(i.__0sprintf)
    __ARM_fpclassify                         0x0800294d   Thumb Code    40  fpclassify.o(i.__ARM_fpclassify)
    __kernel_poly                            0x08002975   Thumb Code   170  poly.o(i.__kernel_poly)
    __mathlib_dbl_infnan                     0x08002a1f   Thumb Code     6  dunder.o(i.__mathlib_dbl_infnan)
    __mathlib_dbl_infnan2                    0x08002a25   Thumb Code     4  dunder.o(i.__mathlib_dbl_infnan2)
    __mathlib_dbl_underflow                  0x08002a29   Thumb Code    10  dunder.o(i.__mathlib_dbl_underflow)
    __scatterload_copy                       0x08002a39   Thumb Code    14  handlers.o(i.__scatterload_copy)
    __scatterload_null                       0x08002a47   Thumb Code     2  handlers.o(i.__scatterload_null)
    __scatterload_zeroinit                   0x08002a49   Thumb Code    14  handlers.o(i.__scatterload_zeroinit)
    _is_digit                                0x08002bbd   Thumb Code    14  scanf_fp.o(i._is_digit)
    acc_init                                 0x08003305   Thumb Code   146  kalman.o(i.acc_init)
    atan                                     0x080033a5   Thumb Code   474  atan.o(i.atan)
    atan2                                    0x080035c5   Thumb Code   346  atan2.o(i.atan2)
    delay_init                               0x08003745   Thumb Code    50  delay.o(i.delay_init)
    delay_ms                                 0x08003789   Thumb Code    72  delay.o(i.delay_ms)
    delay_us                                 0x080037d5   Thumb Code    72  delay.o(i.delay_us)
    fmax                                     0x08003821   Thumb Code    66  fmax.o(i.fmax)
    fmin                                     0x08003863   Thumb Code    66  fmin.o(i.fmin)
    fputc                                    0x080038a5   Thumb Code    24  usart.o(i.fputc)
    get_acc_data                             0x080038c1   Thumb Code    78  kalman.o(i.get_acc_data)
    get_gyro_data                            0x08003925   Thumb Code    40  kalman.o(i.get_gyro_data)
    gyro_init                                0x08003961   Thumb Code   146  kalman.o(i.gyro_init)
    ini_theta                                0x08003a01   Thumb Code    46  kalman.o(i.ini_theta)
    main                                     0x08003a41   Thumb Code   258  main.o(i.main)
    mat_add                                  0x08003b69   Thumb Code    66  kalman.o(i.mat_add)
    mat_mul                                  0x08003bab   Thumb Code   108  kalman.o(i.mat_mul)
    mat_mul_const                            0x08003c17   Thumb Code    60  kalman.o(i.mat_mul_const)
    mat_sub                                  0x08003c53   Thumb Code    66  kalman.o(i.mat_sub)
    mat_tran                                 0x08003c95   Thumb Code    44  kalman.o(i.mat_tran)
    strtod                                   0x08003cc1   Thumb Code    28  strtod.o(i.strtod)
    uart_init                                0x08003cdd   Thumb Code   160  usart.o(i.uart_init)
    update_theta                             0x08003d85   Thumb Code   552  kalman.o(i.update_theta)
    theta_update_freq                        0x08003fdc   Data           4  kalman.o(.constdata)
    theta_update_interval                    0x08003fe0   Data           4  kalman.o(.constdata)
    F6x8                                     0x08003ff4   Data         760  oled.o(.constdata)
    F8X16                                    0x080042ec   Data        1520  oled.o(.constdata)
    cfont16                                  0x080048dc   Data         544  oled.o(.constdata)
    cfont24                                  0x08004afc   Data         444  oled.o(.constdata)
    cfont32                                  0x08004cb8   Data         780  oled.o(.constdata)
    __mathlib_zero                           0x08005060   Data           8  qnan.o(.constdata)
    __ctype_categories                       0x08005068   Data          64  ctype_c.o(.constdata)
    Region$$Table$$Base                      0x080050a8   Number         0  anon$$obj.o(Region$$Table)
    Region$$Table$$Limit                     0x080050c8   Number         0  anon$$obj.o(Region$$Table)
    __stdout                                 0x20000004   Data           4  usart.o(.data)
    USART_RX_STA                             0x20000008   Data           2  usart.o(.data)
    pid_control                              0x2000000c   Data           8  usart.o(.data)
    accX                                     0x20000018   Data           2  kalman.o(.data)
    accY                                     0x2000001a   Data           2  kalman.o(.data)
    accZ                                     0x2000001c   Data           2  kalman.o(.data)
    gyroX                                    0x2000001e   Data           2  kalman.o(.data)
    gyroY                                    0x20000020   Data           2  kalman.o(.data)
    gyroZ                                    0x20000022   Data           2  kalman.o(.data)
    theta_deg                                0x20000024   Data           4  kalman.o(.data)
    theta_deg2                               0x20000028   Data           4  kalman.o(.data)
    theta_dot                                0x2000002c   Data           4  kalman.o(.data)
    theta_dot2                               0x20000030   Data           4  kalman.o(.data)
    theta_mean                               0x20000034   Data           4  kalman.o(.data)
    theta_variance                           0x20000038   Data           4  kalman.o(.data)
    theta_dot_mean                           0x2000003c   Data           4  kalman.o(.data)
    theta_dot_variance                       0x20000040   Data           4  kalman.o(.data)
    theta_data_predict                       0x20000044   Data           8  kalman.o(.data)
    theta_data                               0x2000004c   Data           8  kalman.o(.data)
    A_theta                                  0x20000054   Data          16  kalman.o(.data)
    B_theta                                  0x20000064   Data           8  kalman.o(.data)
    C_theta                                  0x2000006c   Data           8  kalman.o(.data)
    Kp                                       0x20000074   Data           4  pid.o(.data)
    Ki                                       0x20000078   Data           4  pid.o(.data)
    Kd                                       0x2000007c   Data           4  pid.o(.data)
    Ktp                                      0x20000080   Data           4  pid.o(.data)
    thetaP                                   0x20000084   Data           4  pid.o(.data)
    thetaI                                   0x20000088   Data           4  pid.o(.data)
    thetaD                                   0x2000008c   Data           4  pid.o(.data)
    powerL                                   0x20000090   Data           4  pid.o(.data)
    powerR                                   0x20000094   Data           4  pid.o(.data)
    mX                                       0x20000098   Data           4  pid.o(.data)
    mY                                       0x2000009c   Data           4  pid.o(.data)
    SystemCoreClock                          0x200000bc   Data           4  system_stm32f10x.o(.data)
    AHBPrescTable                            0x200000c0   Data          16  system_stm32f10x.o(.data)
    USART_RX_BUF                             0x200000d0   Data         200  usart.o(.bss)
    Str_sta                                  0x20000198   Data          50  usart.o(.bss)
    P_theta_predict                          0x200001cc   Data          16  kalman.o(.bss)
    P_theta                                  0x200001dc   Data          16  kalman.o(.bss)
    __initial_sp                             0x200009f0   Data           0  startup_stm32f10x_ld.o(STACK)



==============================================================================

Memory Map of the image

  Image Entry point : 0x080000ed

  Load Region LR_IROM1 (Base: 0x08000000, Size: 0x00005198, Max: 0x00010000, ABSOLUTE)

    Execution Region ER_IROM1 (Base: 0x08000000, Size: 0x000050c8, Max: 0x00010000, ABSOLUTE)

    Base Addr    Size         Type   Attr      Idx    E Section Name        Object

    0x08000000   0x000000ec   Data   RO         2174    RESET               startup_stm32f10x_ld.o
    0x080000ec   0x00000000   Code   RO         2241  * .ARM.Collect$$$$00000000  mc_w.l(entry.o)
    0x080000ec   0x00000004   Code   RO         2594    .ARM.Collect$$$$00000001  mc_w.l(entry2.o)
    0x080000f0   0x00000004   Code   RO         2597    .ARM.Collect$$$$00000004  mc_w.l(entry5.o)
    0x080000f4   0x00000000   Code   RO         2599    .ARM.Collect$$$$00000008  mc_w.l(entry7b.o)
    0x080000f4   0x00000000   Code   RO         2601    .ARM.Collect$$$$0000000A  mc_w.l(entry8b.o)
    0x080000f4   0x00000008   Code   RO         2602    .ARM.Collect$$$$0000000B  mc_w.l(entry9a.o)
    0x080000fc   0x00000000   Code   RO         2604    .ARM.Collect$$$$0000000D  mc_w.l(entry10a.o)
    0x080000fc   0x00000000   Code   RO         2606    .ARM.Collect$$$$0000000F  mc_w.l(entry11a.o)
    0x080000fc   0x00000004   Code   RO         2595    .ARM.Collect$$$$00002712  mc_w.l(entry2.o)
    0x08000100   0x00000024   Code   RO         2175    .text               startup_stm32f10x_ld.o
    0x08000124   0x00000024   Code   RO         2244    .text               mc_w.l(memseta.o)
    0x08000148   0x0000000e   Code   RO         2246    .text               mc_w.l(strlen.o)
    0x08000156   0x000000b0   Code   RO         2537    .text               mf_w.l(fadd.o)
    0x08000206   0x00000064   Code   RO         2539    .text               mf_w.l(fmul.o)
    0x0800026a   0x0000007c   Code   RO         2541    .text               mf_w.l(fdiv.o)
    0x080002e6   0x0000014e   Code   RO         2543    .text               mf_w.l(dadd.o)
    0x08000434   0x000000e4   Code   RO         2545    .text               mf_w.l(dmul.o)
    0x08000518   0x000000de   Code   RO         2547    .text               mf_w.l(ddiv.o)
    0x080005f6   0x00000012   Code   RO         2549    .text               mf_w.l(fflti.o)
    0x08000608   0x00000022   Code   RO         2551    .text               mf_w.l(dflti.o)
    0x0800062a   0x00000032   Code   RO         2553    .text               mf_w.l(ffixi.o)
    0x0800065c   0x0000003e   Code   RO         2555    .text               mf_w.l(dfixi.o)
    0x0800069a   0x00000026   Code   RO         2557    .text               mf_w.l(f2d.o)
    0x080006c0   0x00000030   Code   RO         2559    .text               mf_w.l(cdcmple.o)
    0x080006f0   0x00000030   Code   RO         2561    .text               mf_w.l(cdrcmple.o)
    0x08000720   0x00000038   Code   RO         2563    .text               mf_w.l(d2f.o)
    0x08000758   0x00000014   Code   RO         2565    .text               mf_w.l(cfcmple.o)
    0x0800076c   0x0000002c   Code   RO         2608    .text               mc_w.l(uidiv.o)
    0x08000798   0x00000062   Code   RO         2610    .text               mc_w.l(uldiv.o)
    0x080007fa   0x0000001e   Code   RO         2612    .text               mc_w.l(llshl.o)
    0x08000818   0x00000020   Code   RO         2614    .text               mc_w.l(llushr.o)
    0x08000838   0x00000024   Code   RO         2616    .text               mc_w.l(llsshr.o)
    0x0800085c   0x0000009c   Code   RO         2631    .text               mc_w.l(strtod.o)
    0x080008f8   0x00000000   Code   RO         2633    .text               mc_w.l(iusefp.o)
    0x080008f8   0x0000006e   Code   RO         2634    .text               mf_w.l(fepilogue.o)
    0x08000966   0x000000ba   Code   RO         2636    .text               mf_w.l(depilogue.o)
    0x08000a20   0x00000030   Code   RO         2638    .text               mf_w.l(dfixul.o)
    0x08000a50   0x00000060   Code   RO         2640    .text               mf_w.l(dcmp4.o)
    0x08000ab0   0x00000024   Code   RO         2646    .text               mc_w.l(init.o)
    0x08000ad4   0x0000000a   Code   RO         2648    .text               mc_w.l(isspace_c.o)
    0x08000ade   0x00000002   PAD
    0x08000ae0   0x00000338   Code   RO         2650    .text               mc_w.l(scanf_fp.o)
    0x08000e18   0x00000040   Code   RO         2654    .text               mc_w.l(_sgetc.o)
    0x08000e58   0x0000002e   Code   RO         2656    .text               mf_w.l(dscalb.o)
    0x08000e86   0x00000002   PAD
    0x08000e88   0x00000028   Code   RO         2658    .text               mc_w.l(ctype_c.o)
    0x08000eb0   0x00000018   Code   RO         2661    .text               mf_w.l(dfltul.o)
    0x08000ec8   0x00000116   Code   RO          935    i.GPIO_Init         stm32f10x_gpio.o
    0x08000fde   0x00000004   Code   RO          942    i.GPIO_ResetBits    stm32f10x_gpio.o
    0x08000fe2   0x00000004   Code   RO          943    i.GPIO_SetBits      stm32f10x_gpio.o
    0x08000fe6   0x00000002   PAD
    0x08000fe8   0x00000110   Code   RO          543    i.GUI_ShowChar      oled.o
    0x080010f8   0x00000050   Code   RO          544    i.GUI_ShowFloat     oled.o
    0x08001148   0x0000006e   Code   RO          549    i.GUI_ShowString    oled.o
    0x080011b6   0x00000050   Code   RO          364    i.MPU_Get_Accelerometer  mpu6050.o
    0x08001206   0x00000050   Code   RO          365    i.MPU_Get_Gyroscope  mpu6050.o
    0x08001256   0x00000002   PAD
    0x08001258   0x0000004c   Code   RO          460    i.MPU_IIC_Ack       mpuiic.o
    0x080012a4   0x0000000a   Code   RO          461    i.MPU_IIC_Delay     mpuiic.o
    0x080012ae   0x00000002   PAD
    0x080012b0   0x0000002c   Code   RO          462    i.MPU_IIC_Init      mpuiic.o
    0x080012dc   0x0000004c   Code   RO          463    i.MPU_IIC_NAck      mpuiic.o
    0x08001328   0x0000006c   Code   RO          464    i.MPU_IIC_Read_Byte  mpuiic.o
    0x08001394   0x0000005c   Code   RO          465    i.MPU_IIC_Send_Byte  mpuiic.o
    0x080013f0   0x00000048   Code   RO          466    i.MPU_IIC_Start     mpuiic.o
    0x08001438   0x00000048   Code   RO          467    i.MPU_IIC_Stop      mpuiic.o
    0x08001480   0x00000064   Code   RO          468    i.MPU_IIC_Wait_Ack  mpuiic.o
    0x080014e4   0x00000076   Code   RO          367    i.MPU_Init          mpu6050.o
    0x0800155a   0x0000003a   Code   RO          368    i.MPU_Read_Byte     mpu6050.o
    0x08001594   0x00000074   Code   RO          369    i.MPU_Read_Len      mpu6050.o
    0x08001608   0x00000010   Code   RO          370    i.MPU_Set_Accel_Fsr  mpu6050.o
    0x08001618   0x00000010   Code   RO          371    i.MPU_Set_Gyro_Fsr  mpu6050.o
    0x08001628   0x0000003a   Code   RO          372    i.MPU_Set_LPF       mpu6050.o
    0x08001662   0x0000003a   Code   RO          373    i.MPU_Set_Rate      mpu6050.o
    0x0800169c   0x00000044   Code   RO          374    i.MPU_Write_Byte    mpu6050.o
    0x080016e0   0x00000070   Code   RO          881    i.NVIC_Init         misc.o
    0x08001750   0x00000014   Code   RO          882    i.NVIC_PriorityGroupConfig  misc.o
    0x08001764   0x00000028   Code   RO          550    i.OLED_Clear        oled.o
    0x0800178c   0x00000048   Code   RO          551    i.OLED_Display      oled.o
    0x080017d4   0x000000de   Code   RO          554    i.OLED_Init         oled.o
    0x080018b2   0x00000002   PAD
    0x080018b4   0x00000038   Code   RO          555    i.OLED_Init_GPIO    oled.o
    0x080018ec   0x0000002c   Code   RO          556    i.OLED_Reset        oled.o
    0x08001918   0x00000080   Code   RO          557    i.OLED_Set_Pixel    oled.o
    0x08001998   0x00000044   Code   RO          559    i.OLED_WR_Byte      oled.o
    0x080019dc   0x000002bc   Code   RO          845    i.PID_control       pid.o
    0x08001c98   0x0000001c   Code   RO          773    i.PWM_LoadL         pwm.o
    0x08001cb4   0x0000001c   Code   RO          774    i.PWM_LoadR         pwm.o
    0x08001cd0   0x00000020   Code   RO         1057    i.RCC_APB1PeriphClockCmd  stm32f10x_rcc.o
    0x08001cf0   0x00000020   Code   RO         1059    i.RCC_APB2PeriphClockCmd  stm32f10x_rcc.o
    0x08001d10   0x000000d4   Code   RO         1067    i.RCC_GetClocksFreq  stm32f10x_rcc.o
    0x08001de4   0x0000009c   Code   RO          560    i.SPI1_Init         oled.o
    0x08001e80   0x00000018   Code   RO         1272    i.SPI_Cmd           stm32f10x_spi.o
    0x08001e98   0x0000003c   Code   RO         1285    i.SPI_Init          stm32f10x_spi.o
    0x08001ed4   0x00000022   Code   RO          562    i.SPI_WriteByte     oled.o
    0x08001ef6   0x00000008   Code   RO         2182    i.SetSysClock       system_stm32f10x.o
    0x08001efe   0x00000002   PAD
    0x08001f00   0x000000e0   Code   RO         2183    i.SetSysClockTo72   system_stm32f10x.o
    0x08001fe0   0x000000a6   Code   RO          188    i.Str_dec           usart.o
    0x08002086   0x00000028   Code   RO          885    i.SysTick_CLKSourceConfig  misc.o
    0x080020ae   0x00000002   PAD
    0x080020b0   0x00000060   Code   RO         2185    i.SystemInit        system_stm32f10x.o
    0x08002110   0x000000d0   Code   RO          775    i.TIM2_PWM_Init     pwm.o
    0x080021e0   0x00000024   Code   RO          812    i.TIM3_IRQHandler   tim.o
    0x08002204   0x00000064   Code   RO          813    i.TIM3_Init         tim.o
    0x08002268   0x00000018   Code   RO         1427    i.TIM_ARRPreloadConfig  stm32f10x_tim.o
    0x08002280   0x00000006   Code   RO         1434    i.TIM_ClearITPendingBit  stm32f10x_tim.o
    0x08002286   0x00000018   Code   RO         1439    i.TIM_Cmd           stm32f10x_tim.o
    0x0800229e   0x00000022   Code   RO         1460    i.TIM_GetITStatus   stm32f10x_tim.o
    0x080022c0   0x00000012   Code   RO         1464    i.TIM_ITConfig      stm32f10x_tim.o
    0x080022d2   0x00000002   PAD
    0x080022d4   0x00000098   Code   RO         1468    i.TIM_OC1Init       stm32f10x_tim.o
    0x0800236c   0x00000012   Code   RO         1471    i.TIM_OC1PreloadConfig  stm32f10x_tim.o
    0x0800237e   0x00000002   PAD
    0x08002380   0x000000a4   Code   RO         1473    i.TIM_OC2Init       stm32f10x_tim.o
    0x08002424   0x0000001a   Code   RO         1476    i.TIM_OC2PreloadConfig  stm32f10x_tim.o
    0x0800243e   0x00000002   PAD
    0x08002440   0x000000a0   Code   RO         1478    i.TIM_OC3Init       stm32f10x_tim.o
    0x080024e0   0x00000012   Code   RO         1481    i.TIM_OC3PreloadConfig  stm32f10x_tim.o
    0x080024f2   0x00000002   PAD
    0x080024f4   0x0000007c   Code   RO         1483    i.TIM_OC4Init       stm32f10x_tim.o
    0x08002570   0x0000001a   Code   RO         1485    i.TIM_OC4PreloadConfig  stm32f10x_tim.o
    0x0800258a   0x00000004   Code   RO         1500    i.TIM_SetCompare1   stm32f10x_tim.o
    0x0800258e   0x00000004   Code   RO         1501    i.TIM_SetCompare2   stm32f10x_tim.o
    0x08002592   0x00000004   Code   RO         1502    i.TIM_SetCompare3   stm32f10x_tim.o
    0x08002596   0x00000006   Code   RO         1503    i.TIM_SetCompare4   stm32f10x_tim.o
    0x0800259c   0x000000a4   Code   RO         1510    i.TIM_TimeBaseInit  stm32f10x_tim.o
    0x08002640   0x0000004c   Code   RO          846    i.Turn              pid.o
    0x0800268c   0x000000b4   Code   RO          189    i.USART1_IRQHandler  usart.o
    0x08002740   0x00000018   Code   RO         1987    i.USART_Cmd         stm32f10x_usart.o
    0x08002758   0x00000054   Code   RO         1991    i.USART_GetITStatus  stm32f10x_usart.o
    0x080027ac   0x0000004a   Code   RO         1993    i.USART_ITConfig    stm32f10x_usart.o
    0x080027f6   0x00000002   PAD
    0x080027f8   0x000000d8   Code   RO         1994    i.USART_Init        stm32f10x_usart.o
    0x080028d0   0x0000000a   Code   RO         2001    i.USART_ReceiveData  stm32f10x_usart.o
    0x080028da   0x00000002   PAD
    0x080028dc   0x00000028   Code   RO          190    i.Usart_str         usart.o
    0x08002904   0x00000020   Code   RO         2481    i.__0printf         mc_w.l(printfa.o)
    0x08002924   0x00000028   Code   RO         2483    i.__0sprintf        mc_w.l(printfa.o)
    0x0800294c   0x00000028   Code   RO         2642    i.__ARM_fpclassify  m_ws.l(fpclassify.o)
    0x08002974   0x000000aa   Code   RO         2644    i.__kernel_poly     m_ws.l(poly.o)
    0x08002a1e   0x00000006   Code   RO         2580    i.__mathlib_dbl_infnan  m_ws.l(dunder.o)
    0x08002a24   0x00000004   Code   RO         2581    i.__mathlib_dbl_infnan2  m_ws.l(dunder.o)
    0x08002a28   0x00000010   Code   RO         2585    i.__mathlib_dbl_underflow  m_ws.l(dunder.o)
    0x08002a38   0x0000000e   Code   RO         2665    i.__scatterload_copy  mc_w.l(handlers.o)
    0x08002a46   0x00000002   Code   RO         2666    i.__scatterload_null  mc_w.l(handlers.o)
    0x08002a48   0x0000000e   Code   RO         2667    i.__scatterload_zeroinit  mc_w.l(handlers.o)
    0x08002a56   0x00000002   PAD
    0x08002a58   0x00000164   Code   RO         2488    i._fp_digits        mc_w.l(printfa.o)
    0x08002bbc   0x0000000e   Code   RO         2652    i._is_digit         mc_w.l(scanf_fp.o)
    0x08002bca   0x00000002   PAD
    0x08002bcc   0x000006dc   Code   RO         2489    i._printf_core      mc_w.l(printfa.o)
    0x080032a8   0x00000024   Code   RO         2490    i._printf_post_padding  mc_w.l(printfa.o)
    0x080032cc   0x0000002e   Code   RO         2491    i._printf_pre_padding  mc_w.l(printfa.o)
    0x080032fa   0x0000000a   Code   RO         2493    i._sputc            mc_w.l(printfa.o)
    0x08003304   0x000000a0   Code   RO          259    i.acc_init          kalman.o
    0x080033a4   0x00000220   Code   RO         2570    i.atan              m_ws.l(atan.o)
    0x080035c4   0x00000180   Code   RO         2226    i.atan2             m_ws.l(atan2.o)
    0x08003744   0x00000044   Code   RO          108    i.delay_init        delay.o
    0x08003788   0x0000004c   Code   RO          109    i.delay_ms          delay.o
    0x080037d4   0x0000004c   Code   RO          110    i.delay_us          delay.o
    0x08003820   0x00000042   Code   RO         2233    i.fmax              m_ws.l(fmax.o)
    0x08003862   0x00000042   Code   RO         2239    i.fmin              m_ws.l(fmin.o)
    0x080038a4   0x0000001c   Code   RO          192    i.fputc             usart.o
    0x080038c0   0x00000064   Code   RO          260    i.get_acc_data      kalman.o
    0x08003924   0x0000003c   Code   RO          261    i.get_gyro_data     kalman.o
    0x08003960   0x000000a0   Code   RO          262    i.gyro_init         kalman.o
    0x08003a00   0x00000040   Code   RO          263    i.ini_theta         kalman.o
    0x08003a40   0x00000128   Code   RO            4    i.main              main.o
    0x08003b68   0x00000042   Code   RO          264    i.mat_add           kalman.o
    0x08003baa   0x0000006c   Code   RO          266    i.mat_mul           kalman.o
    0x08003c16   0x0000003c   Code   RO          267    i.mat_mul_const     kalman.o
    0x08003c52   0x00000042   Code   RO          268    i.mat_sub           kalman.o
    0x08003c94   0x0000002c   Code   RO          269    i.mat_tran          kalman.o
    0x08003cc0   0x0000001c   Code   RO         2236    i.strtod            m_ws.l(strtod.o)
    0x08003cdc   0x000000a8   Code   RO          193    i.uart_init         usart.o
    0x08003d84   0x00000258   Code   RO          270    i.update_theta      kalman.o
    0x08003fdc   0x00000018   Data   RO          272    .constdata          kalman.o
    0x08003ff4   0x00000fd0   Data   RO          568    .constdata          oled.o
    0x08004fc4   0x00000004   PAD
    0x08004fc8   0x00000098   Data   RO         2571    .constdata          m_ws.l(atan.o)
    0x08005060   0x00000008   Data   RO         2593    .constdata          m_ws.l(qnan.o)
    0x08005068   0x00000040   Data   RO         2659    .constdata          mc_w.l(ctype_c.o)
    0x080050a8   0x00000020   Data   RO         2663    Region$$Table       anon$$obj.o


    Execution Region RW_IRAM1 (Base: 0x20000000, Size: 0x000009f0, Max: 0x00005000, ABSOLUTE)

    Base Addr    Size         Type   Attr      Idx    E Section Name        Object

    0x20000000   0x00000004   Data   RW          111    .data               delay.o
    0x20000004   0x00000011   Data   RW          195    .data               usart.o
    0x20000015   0x00000003   PAD
    0x20000018   0x0000005c   Data   RW          273    .data               kalman.o
    0x20000074   0x00000034   Data   RW          847    .data               pid.o
    0x200000a8   0x00000014   Data   RW         1087    .data               stm32f10x_rcc.o
    0x200000bc   0x00000014   Data   RW         2186    .data               system_stm32f10x.o
    0x200000d0   0x000000fa   Zero   RW          194    .bss                usart.o
    0x200001ca   0x00000002   PAD
    0x200001cc   0x00000020   Zero   RW          271    .bss                kalman.o
    0x200001ec   0x00000400   Zero   RW          567    .bss                oled.o
    0x200005ec   0x00000004   PAD
    0x200005f0   0x00000400   Zero   RW         2172    STACK               startup_stm32f10x_ld.o


==============================================================================

Image component sizes


      Code (inc. data)   RO Data    RW Data    ZI Data      Debug   Object Name

       220         26          0          4          0       1675   delay.o
      1488        136         24         92         32      10081   kalman.o
       296         38          0          0          0     259015   main.o
       172         22          0          0          0       2245   misc.o
       668          0          0          0          0       6571   mpu6050.o
       650        100          0          0          0       4678   mpuiic.o
      1282         62       4048          0       1024       8835   oled.o
       776        108          0         52          0       1593   pid.o
       264          4          0          0          0       1792   pwm.o
        36          8        236          0       1024        824   startup_stm32f10x_ld.o
       286          0          0          0          0       3216   stm32f10x_gpio.o
       276         32          0         20          0       4606   stm32f10x_rcc.o
        84          0          0          0          0       2285   stm32f10x_spi.o
       976         92          0          0          0      12173   stm32f10x_tim.o
       408          6          0          0          0       5250   stm32f10x_usart.o
       328         28          0         20          0       2325   system_stm32f10x.o
       136         12          0          0          0       1078   tim.o
       582         48          0         17        250       5242   usart.o

    ----------------------------------------------------------------------
      8952        722       4344        208       2336     333484   Object Totals
         0          0         32          0          0          0   (incl. Generated)
        24          0          4          3          6          0   (incl. Padding)

    ----------------------------------------------------------------------

      Code (inc. data)   RO Data    RW Data    ZI Data      Debug   Library Member Name

       544         70        152          0          0        124   atan.o
       384         38          0          0          0        144   atan2.o
        26          6          0          0          0        204   dunder.o
        66          0          0          0          0         84   fmax.o
        66          0          0          0          0         84   fmin.o
        40          0          0          0          0         68   fpclassify.o
       170          0          0          0          0         96   poly.o
         0          0          8          0          0          0   qnan.o
        28          0          0          0          0         80   strtod.o
        64          0          0          0          0         84   _sgetc.o
        40          6         64          0          0         68   ctype_c.o
         0          0          0          0          0          0   entry.o
         0          0          0          0          0          0   entry10a.o
         0          0          0          0          0          0   entry11a.o
         8          4          0          0          0          0   entry2.o
         4          0          0          0          0          0   entry5.o
         0          0          0          0          0          0   entry7b.o
         0          0          0          0          0          0   entry8b.o
         8          4          0          0          0          0   entry9a.o
        30          0          0          0          0          0   handlers.o
        36          8          0          0          0         68   init.o
        10          0          0          0          0         68   isspace_c.o
         0          0          0          0          0          0   iusefp.o
        30          0          0          0          0         68   llshl.o
        36          0          0          0          0         68   llsshr.o
        32          0          0          0          0         68   llushr.o
        36          0          0          0          0        108   memseta.o
      2276         96          0          0          0        596   printfa.o
       838         12          0          0          0        216   scanf_fp.o
        14          0          0          0          0         68   strlen.o
       156         14          0          0          0        120   strtod.o
        44          0          0          0          0         80   uidiv.o
        98          0          0          0          0         92   uldiv.o
        48          0          0          0          0         68   cdcmple.o
        48          0          0          0          0         68   cdrcmple.o
        20          0          0          0          0         68   cfcmple.o
        56          0          0          0          0         88   d2f.o
       334          0          0          0          0        148   dadd.o
        96          0          0          0          0         80   dcmp4.o
       222          0          0          0          0        100   ddiv.o
       186          0          0          0          0        176   depilogue.o
        62          0          0          0          0         80   dfixi.o
        48          0          0          0          0         68   dfixul.o
        34          0          0          0          0         76   dflti.o
        24          0          0          0          0         76   dfltul.o
       228          0          0          0          0         96   dmul.o
        46          0          0          0          0         80   dscalb.o
        38          0          0          0          0         68   f2d.o
       176          0          0          0          0        140   fadd.o
       124          0          0          0          0         88   fdiv.o
       110          0          0          0          0        168   fepilogue.o
        50          0          0          0          0         68   ffixi.o
        18          0          0          0          0         68   fflti.o
       100          0          0          0          0         76   fmul.o

    ----------------------------------------------------------------------
      7160        258        224          0          0       4604   Library Totals
         8          0          0          0          0          0   (incl. Padding)

    ----------------------------------------------------------------------

      Code (inc. data)   RO Data    RW Data    ZI Data      Debug   Library Name

      1324        114        160          0          0        884   m_ws.l
      3760        144         64          0          0       1772   mc_w.l
      2068          0          0          0          0       1948   mf_w.l

    ----------------------------------------------------------------------
      7160        258        224          0          0       4604   Library Totals

    ----------------------------------------------------------------------

==============================================================================


      Code (inc. data)   RO Data    RW Data    ZI Data      Debug   

     16112        980       4568        208       2336     330856   Grand Totals
     16112        980       4568        208       2336     330856   ELF Image Totals
     16112        980       4568        208          0          0   ROM Totals

==============================================================================

    Total RO  Size (Code + RO Data)                20680 (  20.20kB)
    Total RW  Size (RW Data + ZI Data)              2544 (   2.48kB)
    Total ROM Size (Code + RO Data + RW Data)      20888 (  20.40kB)

==============================================================================

