Component: ARM Compiler 5.06 update 2 (build 183) Tool: armlink [4d35b7]

==============================================================================

Section Cross References

    main.o(i.main) refers to delay.o(i.delay_init) for delay_init
    main.o(i.main) refers to usart.o(i.uart_init) for uart_init
    main.o(i.main) refers to led.o(i.Led_Init) for Led_Init
    main.o(i.main) refers to mpu6050.o(i.MPU_Init) for MPU_Init
    main.o(i.main) refers to inv_mpu.o(i.mpu_dmp_init) for mpu_dmp_init
    main.o(i.main) refers to kalman.o(i.kalman_init) for kalman_init
    main.o(i.main) refers to exti.o(i.MPU6050_EXTI_Init) for MPU6050_EXTI_Init
    main.o(i.main) refers to main.o(i.send_mpu6050_data) for send_mpu6050_data
    main.o(i.main) refers to kalman.o(.data) for theta_deg2
    main.o(i.main) refers to exti.o(.data) for roll
    main.o(i.send_mpu6050_data) refers to main.o(i.usart1_niming_report) for usart1_niming_report
    main.o(i.usart1_niming_report) refers to main.o(i.usart1_send_char) for usart1_send_char
    delay.o(i.delay_init) refers to misc.o(i.SysTick_CLKSourceConfig) for SysTick_CLKSourceConfig
    delay.o(i.delay_init) refers to system_stm32f10x.o(.data) for SystemCoreClock
    delay.o(i.delay_init) refers to delay.o(.data) for .data
    delay.o(i.delay_ms) refers to delay.o(.data) for .data
    delay.o(i.delay_us) refers to delay.o(.data) for .data
    usart.o(i.USART1_IRQHandler) refers to stm32f10x_usart.o(i.USART_GetITStatus) for USART_GetITStatus
    usart.o(i.USART1_IRQHandler) refers to stm32f10x_usart.o(i.USART_ReceiveData) for USART_ReceiveData
    usart.o(i.USART1_IRQHandler) refers to usart.o(.data) for .data
    usart.o(i.USART1_IRQHandler) refers to usart.o(.bss) for .bss
    usart.o(i.uart_init) refers to stm32f10x_rcc.o(i.RCC_APB2PeriphClockCmd) for RCC_APB2PeriphClockCmd
    usart.o(i.uart_init) refers to stm32f10x_gpio.o(i.GPIO_Init) for GPIO_Init
    usart.o(i.uart_init) refers to misc.o(i.NVIC_Init) for NVIC_Init
    usart.o(i.uart_init) refers to stm32f10x_usart.o(i.USART_Init) for USART_Init
    usart.o(i.uart_init) refers to stm32f10x_usart.o(i.USART_ITConfig) for USART_ITConfig
    usart.o(i.uart_init) refers to stm32f10x_usart.o(i.USART_Cmd) for USART_Cmd
    mpu6050.o(i.MPU_Get_Accelerometer) refers to mpu6050.o(i.MPU_Read_Len) for MPU_Read_Len
    mpu6050.o(i.MPU_Get_Gyroscope) refers to mpu6050.o(i.MPU_Read_Len) for MPU_Read_Len
    mpu6050.o(i.MPU_Get_Temperature) refers to mpu6050.o(i.MPU_Read_Len) for MPU_Read_Len
    mpu6050.o(i.MPU_Get_Temperature) refers to dflti.o(.text) for __aeabi_i2d
    mpu6050.o(i.MPU_Get_Temperature) refers to ddiv.o(.text) for __aeabi_ddiv
    mpu6050.o(i.MPU_Get_Temperature) refers to dadd.o(.text) for __aeabi_dadd
    mpu6050.o(i.MPU_Get_Temperature) refers to d2f.o(.text) for __aeabi_d2f
    mpu6050.o(i.MPU_Get_Temperature) refers to fmul.o(.text) for __aeabi_fmul
    mpu6050.o(i.MPU_Get_Temperature) refers to ffixi.o(.text) for __aeabi_f2iz
    mpu6050.o(i.MPU_Init) refers to mpuiic.o(i.MPU_IIC_Init) for MPU_IIC_Init
    mpu6050.o(i.MPU_Init) refers to mpu6050.o(i.MPU_Write_Byte) for MPU_Write_Byte
    mpu6050.o(i.MPU_Init) refers to delay.o(i.delay_ms) for delay_ms
    mpu6050.o(i.MPU_Init) refers to mpu6050.o(i.MPU_Set_Gyro_Fsr) for MPU_Set_Gyro_Fsr
    mpu6050.o(i.MPU_Init) refers to mpu6050.o(i.MPU_Set_Accel_Fsr) for MPU_Set_Accel_Fsr
    mpu6050.o(i.MPU_Init) refers to mpu6050.o(i.MPU_Set_Rate) for MPU_Set_Rate
    mpu6050.o(i.MPU_Init) refers to mpu6050.o(i.MPU_Read_Byte) for MPU_Read_Byte
    mpu6050.o(i.MPU_Read_Byte) refers to mpuiic.o(i.MPU_IIC_Start) for MPU_IIC_Start
    mpu6050.o(i.MPU_Read_Byte) refers to mpuiic.o(i.MPU_IIC_Send_Byte) for MPU_IIC_Send_Byte
    mpu6050.o(i.MPU_Read_Byte) refers to mpuiic.o(i.MPU_IIC_Wait_Ack) for MPU_IIC_Wait_Ack
    mpu6050.o(i.MPU_Read_Byte) refers to mpuiic.o(i.MPU_IIC_Read_Byte) for MPU_IIC_Read_Byte
    mpu6050.o(i.MPU_Read_Byte) refers to mpuiic.o(i.MPU_IIC_Stop) for MPU_IIC_Stop
    mpu6050.o(i.MPU_Read_Len) refers to mpuiic.o(i.MPU_IIC_Start) for MPU_IIC_Start
    mpu6050.o(i.MPU_Read_Len) refers to mpuiic.o(i.MPU_IIC_Send_Byte) for MPU_IIC_Send_Byte
    mpu6050.o(i.MPU_Read_Len) refers to mpuiic.o(i.MPU_IIC_Wait_Ack) for MPU_IIC_Wait_Ack
    mpu6050.o(i.MPU_Read_Len) refers to mpuiic.o(i.MPU_IIC_Stop) for MPU_IIC_Stop
    mpu6050.o(i.MPU_Read_Len) refers to mpuiic.o(i.MPU_IIC_Read_Byte) for MPU_IIC_Read_Byte
    mpu6050.o(i.MPU_Set_Accel_Fsr) refers to mpu6050.o(i.MPU_Write_Byte) for MPU_Write_Byte
    mpu6050.o(i.MPU_Set_Gyro_Fsr) refers to mpu6050.o(i.MPU_Write_Byte) for MPU_Write_Byte
    mpu6050.o(i.MPU_Set_LPF) refers to mpu6050.o(i.MPU_Write_Byte) for MPU_Write_Byte
    mpu6050.o(i.MPU_Set_Rate) refers to mpu6050.o(i.MPU_Write_Byte) for MPU_Write_Byte
    mpu6050.o(i.MPU_Set_Rate) refers to mpu6050.o(i.MPU_Set_LPF) for MPU_Set_LPF
[...]
    Removing stm32f10x_usart.o(i.USART_SendBreak), (10 bytes).
    Removing stm32f10x_usart.o(i.USART_SendData), (8 bytes).
    Removing stm32f10x_usart.o(i.USART_SetAddress), (16 bytes).
    Removing stm32f10x_usart.o(i.USART_SetGuardTime), (16 bytes).
    Removing stm32f10x_usart.o(i.USART_SetPrescaler), (16 bytes).
    Removing stm32f10x_usart.o(i.USART_SmartCardCmd), (20 bytes).
    Removing stm32f10x_usart.o(i.USART_SmartCardNACKCmd), (20 bytes).
    Removing stm32f10x_usart.o(i.USART_StructInit), (22 bytes).
    Removing stm32f10x_usart.o(i.USART_WakeUpConfig), (16 bytes).
    Removing startup_stm32f10x_ld.o(HEAP), (512 bytes).
    Removing system_stm32f10x.o(.rev16_text), (4 bytes).
    Removing system_stm32f10x.o(.revsh_text), (4 bytes).
    Removing system_stm32f10x.o(.rrx_text), (6 bytes).
    Removing system_stm32f10x.o(i.SystemCoreClockUpdate), (104 bytes).
    Removing cfrcmple.o(.text), (20 bytes).
    Removing dfixul.o(.text), (48 bytes).
    Removing cdrcmple.o(.text), (48 bytes).
    Removing cdcmple.o(.text), (48 bytes).

260 unused section(s) (total 8198 bytes) removed from the image.

==============================================================================

Image Symbol Table

    Local Symbols

    Symbol Name                              Value     Ov Type        Size  Object(Section)

    ../clib/microlib/division.c              0x00000000   Number         0  uidiv.o ABSOLUTE
    ../clib/microlib/division.c              0x00000000   Number         0  ldiv.o ABSOLUTE
    ../clib/microlib/division.c              0x00000000   Number         0  uldiv.o ABSOLUTE
    ../clib/microlib/errno.c                 0x00000000   Number         0  errno.o ABSOLUTE
    ../clib/microlib/init/entry.s            0x00000000   Number         0  entry11b.o ABSOLUTE
    ../clib/microlib/init/entry.s            0x00000000   Number         0  entry11a.o ABSOLUTE
    ../clib/microlib/init/entry.s            0x00000000   Number         0  entry10b.o ABSOLUTE
    ../clib/microlib/init/entry.s            0x00000000   Number         0  entry.o ABSOLUTE
    ../clib/microlib/init/entry.s            0x00000000   Number         0  entry10a.o ABSOLUTE
    ../clib/microlib/init/entry.s            0x00000000   Number         0  entry9a.o ABSOLUTE
    ../clib/microlib/init/entry.s            0x00000000   Number         0  entry8b.o ABSOLUTE
    ../clib/microlib/init/entry.s            0x00000000   Number         0  entry8a.o ABSOLUTE
    ../clib/microlib/init/entry.s            0x00000000   Number         0  entry7b.o ABSOLUTE
    ../clib/microlib/init/entry.s            0x00000000   Number         0  entry7a.o ABSOLUTE
    ../clib/microlib/init/entry.s            0x00000000   Number         0  entry5.o ABSOLUTE
    ../clib/microlib/init/entry.s            0x00000000   Number         0  entry2.o ABSOLUTE
    ../clib/microlib/init/entry.s            0x00000000   Number         0  entry9b.o ABSOLUTE
    ../clib/microlib/longlong.c              0x00000000   Number         0  llushr.o ABSOLUTE
    ../clib/microlib/longlong.c              0x00000000   Number         0  llsshr.o ABSOLUTE
    ../clib/microlib/longlong.c              0x00000000   Number         0  llshl.o ABSOLUTE
    ../clib/microlib/malloc/malloc.c         0x00000000   Number         0  mallocra.o ABSOLUTE
    ../clib/microlib/malloc/malloc.c         0x00000000   Number         0  malloc.o ABSOLUTE
    ../clib/microlib/malloc/malloc.c         0x00000000   Number         0  mallocr.o ABSOLUTE
    ../clib/microlib/malloc/malloc.c         0x00000000   Number         0  malloca.o ABSOLUTE
    ../clib/microlib/malloc/mvars.c          0x00000000   Number         0  mvars.o ABSOLUTE
    ../clib/microlib/printf/printf.c         0x00000000   Number         0  printfb.o ABSOLUTE
    ../clib/microlib/printf/printf.c         0x00000000   Number         0  printf5.o ABSOLUTE
    ../clib/microlib/printf/printf.c         0x00000000   Number         0  printf3.o ABSOLUTE
    ../clib/microlib/printf/printf.c         0x00000000   Number         0  printf2.o ABSOLUTE
    ../clib/microlib/printf/printf.c         0x00000000   Number         0  printf4.o ABSOLUTE
    ../clib/microlib/printf/printf.c         0x00000000   Number         0  printfa.o ABSOLUTE
    ../clib/microlib/printf/printf.c         0x00000000   Number         0  printf0.o ABSOLUTE
    ../clib/microlib/printf/printf.c         0x00000000   Number         0  printf1.o ABSOLUTE
    ../clib/microlib/printf/printf.c         0x00000000   Number         0  printf8.o ABSOLUTE
    ../clib/microlib/printf/printf.c         0x00000000   Number         0  printf7.o ABSOLUTE
    ../clib/microlib/printf/printf.c         0x00000000   Number         0  printf6.o ABSOLUTE
    ../clib/microlib/printf/stubs.s          0x00000000   Number         0  stubs.o ABSOLUTE
    ../clib/microlib/string/memcmp.c         0x00000000   Number         0  memcmp.o ABSOLUTE
    ../clib/microlib/string/memcpy.c         0x00000000   Number         0  memcpyb.o ABSOLUTE
    ../clib/microlib/string/memcpy.c         0x00000000   Number         0  memcpya.o ABSOLUTE
    ../clib/microlib/string/memset.c         0x00000000   Number         0  memseta.o ABSOLUTE
    ../clib/microlib/stubs.s                 0x00000000   Number         0  useno.o ABSOLUTE
    ../clib/microlib/stubs.s                 0x00000000   Number         0  iusefp.o ABSOLUTE
    ../fplib/microlib/d2f.c                  0x00000000   Number         0  d2f.o ABSOLUTE
    ../fplib/microlib/f2d.c                  0x00000000   Number         0  f2d.o ABSOLUTE
    ../fplib/microlib/fpadd.c                0x00000000   Number         0  dadd.o ABSOLUTE
    ../fplib/microlib/fpadd.c                0x00000000   Number         0  fadd.o ABSOLUTE
    ../fplib/microlib/fpdiv.c                0x00000000   Number         0  fdiv.o ABSOLUTE
    ../fplib/microlib/fpdiv.c                0x00000000   Number         0  ddiv.o ABSOLUTE
    ../fplib/microlib/fpepilogue.c           0x00000000   Number         0  fepilogue.o ABSOLUTE
    ../fplib/microlib/fpepilogue.c           0x00000000   Number         0  depilogue.o ABSOLUTE
    ../fplib/microlib/fpfix.c                0x00000000   Number         0  dfixul.o ABSOLUTE
    ../fplib/microlib/fpfix.c                0x00000000   Number         0  ffixui.o ABSOLUTE
    ../fplib/microlib/fpfix.c                0x00000000   Number         0  ffixi.o ABSOLUTE
    ../fplib/microlib/fpflt.c                0x00000000   Number         0  dflti.o ABSOLUTE
    ../fplib/microlib/fpflt.c                0x00000000   Number         0  ffltui.o ABSOLUTE
    ../fplib/microlib/fpflt.c                0x00000000   Number         0  fflti.o ABSOLUTE
    ../fplib/microlib/fpmul.c                0x00000000   Number         0  dmul.o ABSOLUTE
    ../fplib/microlib/fpmul.c                0x00000000   Number         0  fmul.o ABSOLUTE
    ../fplib/microlib/fpscalb.c              0x00000000   Number         0  fscalb.o ABSOLUTE
    ../fplib/microlib/fpscalb.c              0x00000000   Number         0  dscalb.o ABSOLUTE
    ../fplib/microlib/fpsqrt.c               0x00000000   Number         0  dsqrt.o ABSOLUTE
    ../mathlib/asin.c                        0x00000000   Number         0  asin_x.o ABSOLUTE
    ../mathlib/asin.c                        0x00000000   Number         0  asin.o ABSOLUTE
    ../mathlib/atan.c                        0x00000000   Number         0  atan_x.o ABSOLUTE
    ../mathlib/atan.c                        0x00000000   Number         0  atan.o ABSOLUTE
    ../mathlib/atan2.c                       0x00000000   Number         0  atan2.o ABSOLUTE
    ../mathlib/atan2.c                       0x00000000   Number         0  atan2_x.o ABSOLUTE
    ../mathlib/dunder.c                      0x00000000   Number         0  dunder.o ABSOLUTE
    ../mathlib/fpclassify.c                  0x00000000   Number         0  fpclassify.o ABSOLUTE
    ../mathlib/poly.c                        0x00000000   Number         0  poly.o ABSOLUTE
    ../mathlib/qnan.c                        0x00000000   Number         0  qnan.o ABSOLUTE
    ../mathlib/sqrt.c                        0x00000000   Number         0  sqrt_x.o ABSOLUTE
    ../mathlib/sqrt.c                        0x00000000   Number         0  sqrt.o ABSOLUTE
    C:\Keil_v5\ARM\PACK\Keil\STM32F1xx_DFP\2.2.0\Device\StdPeriph_Driver\src\misc.c 0x00000000   Number         0  misc.o ABSOLUTE
    C:\Keil_v5\ARM\PACK\Keil\STM32F1xx_DFP\2.2.0\Device\StdPeriph_Driver\src\stm32f10x_exti.c 0x00000000   Number         0  stm32f10x_exti.o ABSOLUTE
    C:\Keil_v5\ARM\PACK\Keil\STM32F1xx_DFP\2.2.0\Device\StdPeriph_Driver\src\stm32f10x_gpio.c 0x00000000   Number         0  stm32f10x_gpio.o ABSOLUTE
    C:\Keil_v5\ARM\PACK\Keil\STM32F1xx_DFP\2.2.0\Device\StdPeriph_Driver\src\stm32f10x_rcc.c 0x00000000   Number         0  stm32f10x_rcc.o ABSOLUTE
    C:\Keil_v5\ARM\PACK\Keil\STM32F1xx_DFP\2.2.0\Device\StdPeriph_Driver\src\stm32f10x_tim.c 0x00000000   Number         0  stm32f10x_tim.o ABSOLUTE
    C:\Keil_v5\ARM\PACK\Keil\STM32F1xx_DFP\2.2.0\Device\StdPeriph_Driver\src\stm32f10x_usart.c 0x00000000   Number         0  stm32f10x_usart.o ABSOLUTE
    C:\\Keil_v5\\ARM\\PACK\\Keil\\STM32F1xx_DFP\\2.2.0\\Device\\StdPeriph_Driver\\src\\misc.c 0x00000000   Number         0  misc.o ABSOLUTE
    C:\\Keil_v5\\ARM\\PACK\\Keil\\STM32F1xx_DFP\\2.2.0\\Device\\StdPeriph_Driver\\src\\stm32f10x_exti.c 0x00000000   Number         0  stm32f10x_exti.o ABSOLUTE
    C:\\Keil_v5\\ARM\\PACK\\Keil\\STM32F1xx_DFP\\2.2.0\\Device\\StdPeriph_Driver\\src\\stm32f10x_gpio.c 0x00000000   Number         0  stm32f10x_gpio.o ABSOLUTE
    C:\\Keil_v5\\ARM\\PACK\\Keil\\STM32F1xx_DFP\\2.2.0\\Device\\StdPeriph_Driver\\src\\stm32f10x_rcc.c 0x00000000   Number         0  stm32f10x_rcc.o ABSOLUTE
    C:\\Keil_v5\\ARM\\PACK\\Keil\\STM32F1xx_DFP\\2.2.0\\Device\\StdPeriph_Driver\\src\\stm32f10x_tim.c 0x00000000   Number         0  stm32f10x_tim.o ABSOLUTE
    C:\\Keil_v5\\ARM\\PACK\\Keil\\STM32F1xx_DFP\\2.2.0\\Device\\StdPeriph_Driver\\src\\stm32f10x_usart.c 0x00000000   Number         0  stm32f10x_usart.o ABSOLUTE
    Drive\MPU6050\eMPL\inv_mpu.c             0x00000000   Number         0  inv_mpu.o ABSOLUTE
    Drive\MPU6050\eMPL\inv_mpu_dmp_motion_driver.c 0x00000000   Number         0  inv_mpu_dmp_motion_driver.o ABSOLUTE
    Drive\MPU6050\mpu6050.c                  0x00000000   Number         0  mpu6050.o ABSOLUTE
    Drive\MPU6050\mpuiic.c                   0x00000000   Number         0  mpuiic.o ABSOLUTE
    Drive\\MPU6050\\eMPL\\inv_mpu.c          0x00000000   Number         0  inv_mpu.o ABSOLUTE
    Drive\\MPU6050\\eMPL\\inv_mpu_dmp_motion_driver.c 0x00000000   Number         0  inv_mpu_dmp_motion_driver.o ABSOLUTE
    Drive\\MPU6050\\mpu6050.c                0x00000000   Number         0  mpu6050.o ABSOLUTE
    Drive\\MPU6050\\mpuiic.c                 0x00000000   Number         0  mpuiic.o ABSOLUTE
    Drive\\exti\\exti.c                      0x00000000   Number         0  exti.o ABSOLUTE
    Drive\\kalman\\kalman.c                  0x00000000   Number         0  kalman.o ABSOLUTE
    Drive\\led\\led.c                        0x00000000   Number         0  led.o ABSOLUTE
    Drive\exti\exti.c                        0x00000000   Number         0  exti.o ABSOLUTE
    Drive\kalman\kalman.c                    0x00000000   Number         0  kalman.o ABSOLUTE
    Drive\led\led.c                          0x00000000   Number         0  led.o ABSOLUTE
    RTE\Device\STM32F103C6\startup_stm32f10x_ld.s 0x00000000   Number         0  startup_stm32f10x_ld.o ABSOLUTE
    RTE\Device\STM32F103C6\system_stm32f10x.c 0x00000000   Number         0  system_stm32f10x.o ABSOLUTE
    RTE\\Device\\STM32F103C6\\system_stm32f10x.c 0x00000000   Number         0  system_stm32f10x.o ABSOLUTE
    SYSTEM\\delay\\delay.c                   0x00000000   Number         0  delay.o ABSOLUTE
    SYSTEM\\sys\\sys.c                       0x00000000   Number         0  sys.o ABSOLUTE
    SYSTEM\\usart\\usart.c                   0x00000000   Number         0  usart.o ABSOLUTE
    SYSTEM\delay\delay.c                     0x00000000   Number         0  delay.o ABSOLUTE
    SYSTEM\sys\sys.c                         0x00000000   Number         0  sys.o ABSOLUTE
    SYSTEM\usart\usart.c                     0x00000000   Number         0  usart.o ABSOLUTE
    USER\\main.c                             0x00000000   Number         0  main.o ABSOLUTE
    USER\main.c                              0x00000000   Number         0  main.o ABSOLUTE
    cdcmple.s                                0x00000000   Number         0  cdcmple.o ABSOLUTE
    cdrcmple.s                               0x00000000   Number         0  cdrcmple.o ABSOLUTE
    cfrcmple.s                               0x00000000   Number         0  cfrcmple.o ABSOLUTE
    dc.s                                     0x00000000   Number         0  dc.o ABSOLUTE
    handlers.s                               0x00000000   Number         0  handlers.o ABSOLUTE
    init.s                                   0x00000000   Number         0  init.o ABSOLUTE
    RESET                                    0x08000000   Section      236  startup_stm32f10x_ld.o(RESET)
    .ARM.Collect$$$$00000000                 0x080000ec   Section        0  entry.o(.ARM.Collect$$$$00000000)
    .ARM.Collect$$$$00000001                 0x080000ec   Section        4  entry2.o(.ARM.Collect$$$$00000001)
    .ARM.Collect$$$$00000004                 0x080000f0   Section        4  entry5.o(.ARM.Collect$$$$00000004)
    .ARM.Collect$$$$00000008                 0x080000f4   Section        0  entry7b.o(.ARM.Collect$$$$00000008)
    .ARM.Collect$$$$0000000A                 0x080000f4   Section        0  entry8b.o(.ARM.Collect$$$$0000000A)
    .ARM.Collect$$$$0000000B                 0x080000f4   Section        8  entry9a.o(.ARM.Collect$$$$0000000B)
    .ARM.Collect$$$$0000000D                 0x080000fc   Section        0  entry10a.o(.ARM.Collect$$$$0000000D)
    .ARM.Collect$$$$0000000F                 0x080000fc   Section        0  entry11a.o(.ARM.Collect$$$$0000000F)
    .ARM.Collect$$$$00002712                 0x080000fc   Section        4  entry2.o(.ARM.Collect$$$$00002712)
    __lit__00000000                          0x080000fc   Data           4  entry2.o(.ARM.Collect$$$$00002712)
    .text                                    0x08000100   Section       36  startup_stm32f10x_ld.o(.text)
    .text                                    0x08000124   Section        0  ldiv.o(.text)
    .text                                    0x08000186   Section        0  memseta.o(.text)
    .text                                    0x080001aa   Section        0  memcmp.o(.text)
    .text                                    0x080001c4   Section        0  fadd.o(.text)
    .text                                    0x08000274   Section        0  fmul.o(.text)
    .text                                    0x080002d8   Section        0  fdiv.o(.text)
    .text                                    0x08000354   Section        0  fscalb.o(.text)
    .text                                    0x0800036c   Section        0  dadd.o(.text)
    .text                                    0x080004ba   Section        0  dmul.o(.text)
    .text                                    0x0800059e   Section        0  ddiv.o(.text)
    .text                                    0x0800067c   Section        0  fflti.o(.text)
    .text                                    0x0800068e   Section        0  ffltui.o(.text)
    .text                                    0x08000698   Section        0  dflti.o(.text)
    .text                                    0x080006ba   Section        0  ffixi.o(.text)
    .text                                    0x080006ec   Section        0  ffixui.o(.text)
    .text                                    0x08000714   Section        0  f2d.o(.text)
    .text                                    0x0800073a   Section        0  d2f.o(.text)
    .text                                    0x08000772   Section        0  uldiv.o(.text)
    .text                                    0x080007d4   Section        0  llshl.o(.text)
    .text                                    0x080007f2   Section        0  llsshr.o(.text)
    .text                                    0x08000816   Section        0  fepilogue.o(.text)
    .text                                    0x08000816   Section        0  iusefp.o(.text)
    .text                                    0x08000884   Section        0  depilogue.o(.text)
    .text                                    0x0800093e   Section        0  dscalb.o(.text)
    .text                                    0x0800096c   Section       36  init.o(.text)
    .text                                    0x08000990   Section        0  llushr.o(.text)
    .text                                    0x080009b0   Section        0  dsqrt.o(.text)
    i.EXTI9_5_IRQHandler                     0x08000a54   Section        0  exti.o(i.EXTI9_5_IRQHandler)
    i.EXTI_ClearITPendingBit                 0x08000a84   Section        0  stm32f10x_exti.o(i.EXTI_ClearITPendingBit)
    i.EXTI_Init                              0x08000a90   Section        0  stm32f10x_exti.o(i.EXTI_Init)
    i.GPIO_EXTILineConfig                    0x08000b00   Section        0  stm32f10x_gpio.o(i.GPIO_EXTILineConfig)
    i.GPIO_Init                              0x08000b28   Section        0  stm32f10x_gpio.o(i.GPIO_Init)
    i.GPIO_ReadInputDataBit                  0x08000bc4   Section        0  stm32f10x_gpio.o(i.GPIO_ReadInputDataBit)
    i.GPIO_SetBits                           0x08000bd2   Section        0  stm32f10x_gpio.o(i.GPIO_SetBits)
    i.Led_Init                               0x08000bd8   Section        0  led.o(i.Led_Init)
    i.MPU6050_EXTI_Init                      0x08000c10   Section        0  exti.o(i.MPU6050_EXTI_Init)
    i.MPU_Get_Accelerometer                  0x08000c7c   Section        0  mpu6050.o(i.MPU_Get_Accelerometer)
    i.MPU_Get_Gyroscope                      0x08000cae   Section        0  mpu6050.o(i.MPU_Get_Gyroscope)
    i.MPU_IIC_Ack                            0x08000ce0   Section        0  mpuiic.o(i.MPU_IIC_Ack)
    i.MPU_IIC_Init                           0x08000d20   Section        0  mpuiic.o(i.MPU_IIC_Init)
    i.MPU_IIC_NAck                           0x08000d4c   Section        0  mpuiic.o(i.MPU_IIC_NAck)
    i.MPU_IIC_Read_Byte                      0x08000d8c   Section        0  mpuiic.o(i.MPU_IIC_Read_Byte)
    i.MPU_IIC_Send_Byte                      0x08000df8   Section        0  mpuiic.o(i.MPU_IIC_Send_Byte)
    i.MPU_IIC_Start                          0x08000e50   Section        0  mpuiic.o(i.MPU_IIC_Start)
    i.MPU_IIC_Stop                           0x08000e90   Section        0  mpuiic.o(i.MPU_IIC_Stop)
    i.MPU_IIC_Wait_Ack                       0x08000ed4   Section        0  mpuiic.o(i.MPU_IIC_Wait_Ack)
    i.MPU_Init                               0x08000f2c   Section        0  mpu6050.o(i.MPU_Init)
    i.MPU_Read_Byte                          0x08000fa2   Section        0  mpu6050.o(i.MPU_Read_Byte)
    i.MPU_Read_Len                           0x08000fdc   Section        0  mpu6050.o(i.MPU_Read_Len)
    i.MPU_Set_Accel_Fsr                      0x08001046   Section        0  mpu6050.o(i.MPU_Set_Accel_Fsr)
    i.MPU_Set_Gyro_Fsr                       0x08001050   Section        0  mpu6050.o(i.MPU_Set_Gyro_Fsr)
    i.MPU_Set_LPF                            0x0800105a   Section        0  mpu6050.o(i.MPU_Set_LPF)
    i.MPU_Set_Rate                           0x0800108a   Section        0  mpu6050.o(i.MPU_Set_Rate)
    i.MPU_Write_Byte                         0x080010b8   Section        0  mpu6050.o(i.MPU_Write_Byte)
    i.MPU_Write_Len                          0x080010f4   Section        0  mpu6050.o(i.MPU_Write_Len)
    i.NVIC_Init                              0x08001148   Section        0  misc.o(i.NVIC_Init)
    i.NVIC_PriorityGroupConfig               0x080011ac   Section        0  misc.o(i.NVIC_PriorityGroupConfig)
    i.RCC_APB2PeriphClockCmd                 0x080011c0   Section        0  stm32f10x_rcc.o(i.RCC_APB2PeriphClockCmd)
    i.RCC_GetClocksFreq                      0x080011d8   Section        0  stm32f10x_rcc.o(i.RCC_GetClocksFreq)
    i.SetSysClockTo72                        0x0800126c   Section        0  system_stm32f10x.o(i.SetSysClockTo72)
    SetSysClockTo72                          0x0800126d   Thumb Code   160  system_stm32f10x.o(i.SetSysClockTo72)
    i.SysTick_CLKSourceConfig                0x08001314   Section        0  misc.o(i.SysTick_CLKSourceConfig)
    i.SystemInit                             0x0800132c   Section        0  system_stm32f10x.o(i.SystemInit)
    i.USART1_IRQHandler                      0x0800137c   Section        0  usart.o(i.USART1_IRQHandler)
    i.USART_Cmd                              0x080013e0   Section        0  stm32f10x_usart.o(i.USART_Cmd)
    i.USART_GetITStatus                      0x080013f4   Section        0  stm32f10x_usart.o(i.USART_GetITStatus)
    i.USART_ITConfig                         0x08001432   Section        0  stm32f10x_usart.o(i.USART_ITConfig)
    i.USART_Init                             0x08001464   Section        0  stm32f10x_usart.o(i.USART_Init)
    i.USART_ReceiveData                      0x08001510   Section        0  stm32f10x_usart.o(i.USART_ReceiveData)
    i.__0printf$8                            0x08001518   Section        0  printf8.o(i.__0printf$8)
    i.__ARM_fpclassify                       0x08001538   Section        0  fpclassify.o(i.__ARM_fpclassify)
    i.__kernel_poly                          0x08001560   Section        0  poly.o(i.__kernel_poly)
    i.__mathlib_dbl_infnan                   0x0800160a   Section        0  dunder.o(i.__mathlib_dbl_infnan)
    i.__mathlib_dbl_infnan2                  0x08001610   Section        0  dunder.o(i.__mathlib_dbl_infnan2)
    i.__mathlib_dbl_invalid                  0x08001614   Section        0  dunder.o(i.__mathlib_dbl_invalid)
    i.__mathlib_dbl_underflow                0x08001620   Section        0  dunder.o(i.__mathlib_dbl_underflow)
    i.__scatterload_copy                     0x08001630   Section       14  handlers.o(i.__scatterload_copy)
    i.__scatterload_null                     0x0800163e   Section        2  handlers.o(i.__scatterload_null)
    i.__scatterload_zeroinit                 0x08001640   Section       14  handlers.o(i.__scatterload_zeroinit)
    i.__set_errno                            0x08001650   Section        0  errno.o(i.__set_errno)
    i._printf_core                           0x0800165c   Section        0  printf8.o(i._printf_core)
    _printf_core                             0x0800165d   Thumb Code   996  printf8.o(i._printf_core)
    i._printf_post_padding                   0x08001a6c   Section        0  printf8.o(i._printf_post_padding)
    _printf_post_padding                     0x08001a6d   Thumb Code    36  printf8.o(i._printf_post_padding)
    i._printf_pre_padding                    0x08001a90   Section        0  printf8.o(i._printf_pre_padding)
    _printf_pre_padding                      0x08001a91   Thumb Code    46  printf8.o(i._printf_pre_padding)
    i.acc_init                               0x08001ac0   Section        0  kalman.o(i.acc_init)
    i.accel_self_test                        0x08001b40   Section        0  inv_mpu.o(i.accel_self_test)
    accel_self_test                          0x08001b41   Thumb Code   112  inv_mpu.o(i.accel_self_test)
    i.asin                                   0x08001bbc   Section        0  asin.o(i.asin)
    i.atan                                   0x08001e2c   Section        0  atan.o(i.atan)
    i.atan2                                  0x0800204c   Section        0  atan2.o(i.atan2)
    i.delay_init                             0x080021cc   Section        0  delay.o(i.delay_init)
    i.delay_ms                               0x08002208   Section        0  delay.o(i.delay_ms)
    i.delay_us                               0x0800223c   Section        0  delay.o(i.delay_us)
    i.dmp_enable_6x_lp_quat                  0x08002270   Section        0  inv_mpu_dmp_motion_driver.o(i.dmp_enable_6x_lp_quat)
    i.dmp_enable_feature                     0x080022ac   Section        0  inv_mpu_dmp_motion_driver.o(i.dmp_enable_feature)
    i.dmp_enable_gyro_cal                    0x08002488   Section        0  inv_mpu_dmp_motion_driver.o(i.dmp_enable_gyro_cal)
    i.dmp_enable_lp_quat                     0x080024c0   Section        0  inv_mpu_dmp_motion_driver.o(i.dmp_enable_lp_quat)
    i.dmp_load_motion_driver_firmware        0x080024fc   Section        0  inv_mpu_dmp_motion_driver.o(i.dmp_load_motion_driver_firmware)
    i.dmp_read_fifo                          0x08002510   Section        0  inv_mpu_dmp_motion_driver.o(i.dmp_read_fifo)
    i.dmp_set_accel_bias                     0x08002658   Section        0  inv_mpu_dmp_motion_driver.o(i.dmp_set_accel_bias)
    i.dmp_set_fifo_rate                      0x08002730   Section        0  inv_mpu_dmp_motion_driver.o(i.dmp_set_fifo_rate)
    i.dmp_set_gyro_bias                      0x08002794   Section        0  inv_mpu_dmp_motion_driver.o(i.dmp_set_gyro_bias)
    i.dmp_set_orientation                    0x08002860   Section        0  inv_mpu_dmp_motion_driver.o(i.dmp_set_orientation)
    i.dmp_set_shake_reject_thresh            0x0800296c   Section        0  inv_mpu_dmp_motion_driver.o(i.dmp_set_shake_reject_thresh)
    i.dmp_set_shake_reject_time              0x0800299c   Section        0  inv_mpu_dmp_motion_driver.o(i.dmp_set_shake_reject_time)
    i.dmp_set_shake_reject_timeout           0x080029bc   Section        0  inv_mpu_dmp_motion_driver.o(i.dmp_set_shake_reject_timeout)
    i.dmp_set_tap_axes                       0x080029dc   Section        0  inv_mpu_dmp_motion_driver.o(i.dmp_set_tap_axes)
    i.dmp_set_tap_count                      0x08002a1c   Section        0  inv_mpu_dmp_motion_driver.o(i.dmp_set_tap_count)
    i.dmp_set_tap_thresh                     0x08002a40   Section        0  inv_mpu_dmp_motion_driver.o(i.dmp_set_tap_thresh)
    i.dmp_set_tap_time                       0x08002b68   Section        0  inv_mpu_dmp_motion_driver.o(i.dmp_set_tap_time)
    i.dmp_set_tap_time_multi                 0x08002b88   Section        0  inv_mpu_dmp_motion_driver.o(i.dmp_set_tap_time_multi)
    i.fputc                                  0x08002ba8   Section        0  usart.o(i.fputc)
    i.get_acc_data                           0x08002bc0   Section        0  kalman.o(i.get_acc_data)
    i.get_accel_prod_shift                   0x08002c08   Section        0  inv_mpu.o(i.get_accel_prod_shift)
    get_accel_prod_shift                     0x08002c09   Thumb Code   156  inv_mpu.o(i.get_accel_prod_shift)
    i.get_gyro_data                          0x08002cb0   Section        0  kalman.o(i.get_gyro_data)
    i.get_st_biases                          0x08002cdc   Section        0  inv_mpu.o(i.get_st_biases)
    get_st_biases                            0x08002cdd   Thumb Code   784  inv_mpu.o(i.get_st_biases)
    i.gyro_init                              0x08002ff0   Section        0  kalman.o(i.gyro_init)
    i.gyro_self_test                         0x08003070   Section        0  inv_mpu.o(i.gyro_self_test)
    gyro_self_test                           0x08003071   Thumb Code   194  inv_mpu.o(i.gyro_self_test)
    i.inv_orientation_matrix_to_scalar       0x08003148   Section        0  inv_mpu.o(i.inv_orientation_matrix_to_scalar)
    i.inv_row_2_scale                        0x0800316a   Section        0  inv_mpu.o(i.inv_row_2_scale)
    i.kalman_filter                          0x080031b4   Section        0  kalman.o(i.kalman_filter)
    i.kalman_init                            0x080033bc   Section        0  kalman.o(i.kalman_init)
    i.main                                   0x080033f0   Section        0  main.o(i.main)
    i.mat_add                                0x08003430   Section        0  kalman.o(i.mat_add)
    i.mat_mul                                0x0800346a   Section        0  kalman.o(i.mat_mul)
    i.mat_mul_const                          0x080034ca   Section        0  kalman.o(i.mat_mul_const)
    i.mat_sub                                0x08003502   Section        0  kalman.o(i.mat_sub)
    i.mat_tran                               0x0800353c   Section        0  kalman.o(i.mat_tran)
    i.mget_ms                                0x08003564   Section        0  inv_mpu.o(i.mget_ms)
    i.mpu_configure_fifo                     0x08003568   Section        0  inv_mpu.o(i.mpu_configure_fifo)
    i.mpu_dmp_get_data                       0x080035c0   Section        0  inv_mpu.o(i.mpu_dmp_get_data)
    i.mpu_dmp_init                           0x0800375c   Section        0  inv_mpu.o(i.mpu_dmp_init)
    i.mpu_get_accel_fsr                      0x080037fc   Section        0  inv_mpu.o(i.mpu_get_accel_fsr)
    i.mpu_get_accel_sens                     0x08003838   Section        0  inv_mpu.o(i.mpu_get_accel_sens)
    i.mpu_get_gyro_fsr                       0x0800387c   Section        0  inv_mpu.o(i.mpu_get_gyro_fsr)
    i.mpu_get_gyro_sens                      0x080038b0   Section        0  inv_mpu.o(i.mpu_get_gyro_sens)
    i.mpu_get_lpf                            0x080038f0   Section        0  inv_mpu.o(i.mpu_get_lpf)
    i.mpu_get_sample_rate                    0x08003928   Section        0  inv_mpu.o(i.mpu_get_sample_rate)
    i.mpu_init                               0x08003944   Section        0  inv_mpu.o(i.mpu_init)
    i.mpu_load_firmware                      0x08003acc   Section        0  inv_mpu.o(i.mpu_load_firmware)
    i.mpu_lp_accel_mode                      0x08003b70   Section        0  inv_mpu.o(i.mpu_lp_accel_mode)
    i.mpu_read_fifo_stream                   0x08003c28   Section        0  inv_mpu.o(i.mpu_read_fifo_stream)
    i.mpu_read_mem                           0x08003cb8   Section        0  inv_mpu.o(i.mpu_read_mem)
    i.mpu_reset_fifo                         0x08003d0c   Section        0  inv_mpu.o(i.mpu_reset_fifo)
    i.mpu_run_self_test                      0x08003e68   Section        0  inv_mpu.o(i.mpu_run_self_test)
    i.mpu_set_accel_fsr                      0x08003f58   Section        0  inv_mpu.o(i.mpu_set_accel_fsr)
    i.mpu_set_bypass                         0x08003fc0   Section        0  inv_mpu.o(i.mpu_set_bypass)
    i.mpu_set_dmp_state                      0x0800409c   Section        0  inv_mpu.o(i.mpu_set_dmp_state)
    i.mpu_set_gyro_fsr                       0x08004114   Section        0  inv_mpu.o(i.mpu_set_gyro_fsr)
    i.mpu_set_int_latched                    0x08004180   Section        0  inv_mpu.o(i.mpu_set_int_latched)
    i.mpu_set_lpf                            0x080041e4   Section        0  inv_mpu.o(i.mpu_set_lpf)
    i.mpu_set_sample_rate                    0x08004250   Section        0  inv_mpu.o(i.mpu_set_sample_rate)
    i.mpu_set_sensors                        0x080042c8   Section        0  inv_mpu.o(i.mpu_set_sensors)
    i.mpu_write_mem                          0x08004380   Section        0  inv_mpu.o(i.mpu_write_mem)
    i.run_self_test                          0x080043d4   Section        0  inv_mpu.o(i.run_self_test)
    i.send_mpu6050_data                      0x08004454   Section        0  main.o(i.send_mpu6050_data)
    i.set_int_enable                         0x08004484   Section        0  inv_mpu.o(i.set_int_enable)
    set_int_enable                           0x08004485   Thumb Code    80  inv_mpu.o(i.set_int_enable)
    i.sqrt                                   0x080044d8   Section        0  sqrt.o(i.sqrt)
    i.uart_init                              0x08004524   Section        0  usart.o(i.uart_init)
    i.usart1_niming_report                   0x080045c4   Section        0  main.o(i.usart1_niming_report)
    i.usart1_send_char                       0x08004624   Section        0  main.o(i.usart1_send_char)
    .constdata                               0x08004638   Section       16  kalman.o(.constdata)
    .constdata                               0x08004648   Section       27  inv_mpu.o(.constdata)
    .constdata                               0x08004664   Section       12  inv_mpu.o(.constdata)
    .constdata                               0x08004670   Section       40  inv_mpu.o(.constdata)
    .constdata                               0x08004698   Section     3062  inv_mpu_dmp_motion_driver.o(.constdata)
    dmp_memory                               0x08004698   Data        3062  inv_mpu_dmp_motion_driver.o(.constdata)
    .constdata                               0x08005290   Section       80  asin.o(.constdata)
    pS                                       0x08005290   Data          48  asin.o(.constdata)
    qS                                       0x080052c0   Data          32  asin.o(.constdata)
    .constdata                               0x080052e0   Section      152  atan.o(.constdata)
    atanhi                                   0x080052e0   Data          32  atan.o(.constdata)
    atanlo                                   0x08005300   Data          32  atan.o(.constdata)
    aTodd                                    0x08005320   Data          40  atan.o(.constdata)
    aTeven                                   0x08005348   Data          48  atan.o(.constdata)
    .constdata                               0x08005378   Section        8  qnan.o(.constdata)
    .conststring                             0x08005380   Section       77  inv_mpu.o(.conststring)
    .data                                    0x20000000   Section        4  delay.o(.data)
    fac_us                                   0x20000000   Data           1  delay.o(.data)
    fac_ms                                   0x20000002   Data           2  delay.o(.data)
    .data                                    0x20000004   Section        2  usart.o(.data)
    .data                                    0x20000008   Section        4  usart.o(.data)
    .data                                    0x2000000c   Section       92  kalman.o(.data)
    .data                                    0x20000068   Section       12  exti.o(.data)
    .data                                    0x20000074   Section       53  inv_mpu.o(.data)
    st                                       0x20000074   Data          44  inv_mpu.o(.data)
    gyro_orientation                         0x200000a0   Data           9  inv_mpu.o(.data)
    .data                                    0x200000a9   Section       20  stm32f10x_rcc.o(.data)
    ADCPrescTable                            0x200000a9   Data           4  stm32f10x_rcc.o(.data)
    APBAHBPrescTable                         0x200000ad   Data          16  stm32f10x_rcc.o(.data)
    .data                                    0x200000c0   Section       20  system_stm32f10x.o(.data)
    .data                                    0x200000d4   Section        4  errno.o(.data)
    _errno                                   0x200000d4   Data           4  errno.o(.data)
    .bss                                     0x200000d8   Section      200  usart.o(.bss)
    .bss                                     0x200001a0   Section       32  kalman.o(.bss)
    .bss                                     0x200001c0   Section       16  inv_mpu_dmp_motion_driver.o(.bss)
    dmp                                      0x200001c0   Data          16  inv_mpu_dmp_motion_driver.o(.bss)
    STACK                                    0x200001d0   Section     1024  startup_stm32f10x_ld.o(STACK)

    Global Symbols

    Symbol Name                              Value     Ov Type        Size  Object(Section)

    BuildAttributes$$THM_ISAv4$P$D$K$B$S$PE$A:L22UL41UL21$X:L11$S22US41US21$IEEE1$IW$USESV6$~STKCKD$USESV7$~SHL$OTIME$ROPI$IEEEX$EBA8$MICROLIB$REQ8$PRES8$EABIv2 0x00000000   Number         0  anon$$obj.o ABSOLUTE
    __ARM_use_no_argv                        0x00000000   Number         0  main.o ABSOLUTE
    __use_no_errno                           0x00000000   Number         0  useno.o ABSOLUTE
    __use_no_exception_handling              0x00000000   Number         0  useno.o ABSOLUTE
    __use_no_fp                              0x00000000   Number         0  useno.o ABSOLUTE
    __use_no_heap                            0x00000000   Number         0  useno.o ABSOLUTE
    __use_no_heap_region                     0x00000000   Number         0  useno.o ABSOLUTE
    __use_no_semihosting                     0x00000000   Number         0  useno.o ABSOLUTE
    __use_no_semihosting_swi                 0x00000000   Number         0  useno.o ABSOLUTE
    __use_no_signal_handling                 0x00000000   Number         0  useno.o ABSOLUTE
    _printf_a                                0x00000000   Number         0  stubs.o ABSOLUTE
    _printf_c                                0x00000000   Number         0  stubs.o ABSOLUTE
    _printf_charcount                        0x00000000   Number         0  stubs.o ABSOLUTE
    _printf_d                                0x00000000   Number         0  stubs.o ABSOLUTE
    _printf_e                                0x00000000   Number         0  stubs.o ABSOLUTE
    _printf_f                                0x00000000   Number         0  stubs.o ABSOLUTE
    _printf_flags                            0x00000000   Number         0  stubs.o ABSOLUTE
    _printf_fp_dec                           0x00000000   Number         0  stubs.o ABSOLUTE
    _printf_fp_hex                           0x00000000   Number         0  stubs.o ABSOLUTE
    _printf_g                                0x00000000   Number         0  stubs.o ABSOLUTE
    _printf_i                                0x00000000   Number         0  stubs.o ABSOLUTE
    _printf_int_dec                          0x00000000   Number         0  stubs.o ABSOLUTE
    _printf_l                                0x00000000   Number         0  stubs.o ABSOLUTE
    _printf_lc                               0x00000000   Number         0  stubs.o ABSOLUTE
    _printf_ll                               0x00000000   Number         0  stubs.o ABSOLUTE
    _printf_lld                              0x00000000   Number         0  stubs.o ABSOLUTE
    _printf_lli                              0x00000000   Number         0  stubs.o ABSOLUTE
    _printf_llo                              0x00000000   Number         0  stubs.o ABSOLUTE
    _printf_llu                              0x00000000   Number         0  stubs.o ABSOLUTE
    _printf_llx                              0x00000000   Number         0  stubs.o ABSOLUTE
    _printf_longlong_dec                     0x00000000   Number         0  stubs.o ABSOLUTE
    _printf_longlong_hex                     0x00000000   Number         0  stubs.o ABSOLUTE
    _printf_longlong_oct                     0x00000000   Number         0  stubs.o ABSOLUTE
    _printf_ls                               0x00000000   Number         0  stubs.o ABSOLUTE
    _printf_mbtowc                           0x00000000   Number         0  stubs.o ABSOLUTE
    _printf_n                                0x00000000   Number         0  stubs.o ABSOLUTE
    _printf_o                                0x00000000   Number         0  stubs.o ABSOLUTE
    _printf_p                                0x00000000   Number         0  stubs.o ABSOLUTE
    _printf_percent                          0x00000000   Number         0  stubs.o ABSOLUTE
    _printf_pre_padding                      0x00000000   Number         0  stubs.o ABSOLUTE
    _printf_return_value                     0x00000000   Number         0  stubs.o ABSOLUTE
    _printf_s                                0x00000000   Number         0  stubs.o ABSOLUTE
    _printf_sizespec                         0x00000000   Number         0  stubs.o ABSOLUTE
    _printf_str                              0x00000000   Number         0  stubs.o ABSOLUTE
    _printf_truncate_signed                  0x00000000   Number         0  stubs.o ABSOLUTE
    _printf_truncate_unsigned                0x00000000   Number         0  stubs.o ABSOLUTE
    _printf_u                                0x00000000   Number         0  stubs.o ABSOLUTE
    _printf_wc                               0x00000000   Number         0  stubs.o ABSOLUTE
    _printf_wctomb                           0x00000000   Number         0  stubs.o ABSOLUTE
    _printf_widthprec                        0x00000000   Number         0  stubs.o ABSOLUTE
    _printf_x                                0x00000000   Number         0  stubs.o ABSOLUTE
    __cpp_initialize__aeabi_                  - Undefined Weak Reference
    __cxa_finalize                            - Undefined Weak Reference
    __decompress                              - Undefined Weak Reference
    _clock_init                               - Undefined Weak Reference
    _microlib_exit                            - Undefined Weak Reference
    __Vectors_Size                           0x000000ec   Number         0  startup_stm32f10x_ld.o ABSOLUTE
    __Vectors                                0x08000000   Data           4  startup_stm32f10x_ld.o(RESET)
    __Vectors_End                            0x080000ec   Data           0  startup_stm32f10x_ld.o(RESET)
    __main                                   0x080000ed   Thumb Code     0  entry.o(.ARM.Collect$$$$00000000)
    _main_stk                                0x080000ed   Thumb Code     0  entry2.o(.ARM.Collect$$$$00000001)
    _main_scatterload                        0x080000f1   Thumb Code     0  entry5.o(.ARM.Collect$$$$00000004)
    __main_after_scatterload                 0x080000f5   Thumb Code     0  entry5.o(.ARM.Collect$$$$00000004)
    _main_clock                              0x080000f5   Thumb Code     0  entry7b.o(.ARM.Collect$$$$00000008)
    _main_cpp_init                           0x080000f5   Thumb Code     0  entry8b.o(.ARM.Collect$$$$0000000A)
    _main_init                               0x080000f5   Thumb Code     0  entry9a.o(.ARM.Collect$$$$0000000B)
    __rt_final_cpp                           0x080000fd   Thumb Code     0  entry10a.o(.ARM.Collect$$$$0000000D)
    __rt_final_exit                          0x080000fd   Thumb Code     0  entry11a.o(.ARM.Collect$$$$0000000F)
    Reset_Handler                            0x08000101   Thumb Code     8  startup_stm32f10x_ld.o(.text)
    NMI_Handler                              0x08000109   Thumb Code     2  startup_stm32f10x_ld.o(.text)
    HardFault_Handler                        0x0800010b   Thumb Code     2  startup_stm32f10x_ld.o(.text)
    MemManage_Handler                        0x0800010d   Thumb Code     2  startup_stm32f10x_ld.o(.text)
    BusFault_Handler                         0x0800010f   Thumb Code     2  startup_stm32f10x_ld.o(.text)
    UsageFault_Handler                       0x08000111   Thumb Code     2  startup_stm32f10x_ld.o(.text)
    SVC_Handler                              0x08000113   Thumb Code     2  startup_stm32f10x_ld.o(.text)
    DebugMon_Handler                         0x08000115   Thumb Code     2  startup_stm32f10x_ld.o(.text)
    PendSV_Handler                           0x08000117   Thumb Code     2  startup_stm32f10x_ld.o(.text)
    SysTick_Handler                          0x08000119   Thumb Code     2  startup_stm32f10x_ld.o(.text)
    ADC1_2_IRQHandler                        0x0800011b   Thumb Code     0  startup_stm32f10x_ld.o(.text)
    CAN1_RX1_IRQHandler                      0x0800011b   Thumb Code     0  startup_stm32f10x_ld.o(.text)
    CAN1_SCE_IRQHandler                      0x0800011b   Thumb Code     0  startup_stm32f10x_ld.o(.text)
    DMA1_Channel1_IRQHandler                 0x0800011b   Thumb Code     0  startup_stm32f10x_ld.o(.text)
    DMA1_Channel2_IRQHandler                 0x0800011b   Thumb Code     0  startup_stm32f10x_ld.o(.text)
    DMA1_Channel3_IRQHandler                 0x0800011b   Thumb Code     0  startup_stm32f10x_ld.o(.text)
    DMA1_Channel4_IRQHandler                 0x0800011b   Thumb Code     0  startup_stm32f10x_ld.o(.text)
    DMA1_Channel5_IRQHandler                 0x0800011b   Thumb Code     0  startup_stm32f10x_ld.o(.text)
    DMA1_Channel6_IRQHandler                 0x0800011b   Thumb Code     0  startup_stm32f10x_ld.o(.text)
    DMA1_Channel7_IRQHandler                 0x0800011b   Thumb Code     0  startup_stm32f10x_ld.o(.text)
    EXTI0_IRQHandler                         0x0800011b   Thumb Code     0  startup_stm32f10x_ld.o(.text)
    EXTI15_10_IRQHandler                     0x0800011b   Thumb Code     0  startup_stm32f10x_ld.o(.text)
    EXTI1_IRQHandler                         0x0800011b   Thumb Code     0  startup_stm32f10x_ld.o(.text)
    EXTI2_IRQHandler                         0x0800011b   Thumb Code     0  startup_stm32f10x_ld.o(.text)
    EXTI3_IRQHandler                         0x0800011b   Thumb Code     0  startup_stm32f10x_ld.o(.text)
    EXTI4_IRQHandler                         0x0800011b   Thumb Code     0  startup_stm32f10x_ld.o(.text)
    FLASH_IRQHandler                         0x0800011b   Thumb Code     0  startup_stm32f10x_ld.o(.text)
    I2C1_ER_IRQHandler                       0x0800011b   Thumb Code     0  startup_stm32f10x_ld.o(.text)
    I2C1_EV_IRQHandler                       0x0800011b   Thumb Code     0  startup_stm32f10x_ld.o(.text)
    PVD_IRQHandler                           0x0800011b   Thumb Code     0  startup_stm32f10x_ld.o(.text)
    RCC_IRQHandler                           0x0800011b   Thumb Code     0  startup_stm32f10x_ld.o(.text)
    RTCAlarm_IRQHandler                      0x0800011b   Thumb Code     0  startup_stm32f10x_ld.o(.text)
    RTC_IRQHandler                           0x0800011b   Thumb Code     0  startup_stm32f10x_ld.o(.text)
    SPI1_IRQHandler                          0x0800011b   Thumb Code     0  startup_stm32f10x_ld.o(.text)
    TAMPER_IRQHandler                        0x0800011b   Thumb Code     0  startup_stm32f10x_ld.o(.text)
    TIM1_BRK_IRQHandler                      0x0800011b   Thumb Code     0  startup_stm32f10x_ld.o(.text)
    TIM1_CC_IRQHandler                       0x0800011b   Thumb Code     0  startup_stm32f10x_ld.o(.text)
    TIM1_TRG_COM_IRQHandler                  0x0800011b   Thumb Code     0  startup_stm32f10x_ld.o(.text)
    TIM1_UP_IRQHandler                       0x0800011b   Thumb Code     0  startup_stm32f10x_ld.o(.text)
    TIM2_IRQHandler                          0x0800011b   Thumb Code     0  startup_stm32f10x_ld.o(.text)
    TIM3_IRQHandler                          0x0800011b   Thumb Code     0  startup_stm32f10x_ld.o(.text)
    USART2_IRQHandler                        0x0800011b   Thumb Code     0  startup_stm32f10x_ld.o(.text)
    USBWakeUp_IRQHandler                     0x0800011b   Thumb Code     0  startup_stm32f10x_ld.o(.text)
    USB_HP_CAN1_TX_IRQHandler                0x0800011b   Thumb Code     0  startup_stm32f10x_ld.o(.text)
    USB_LP_CAN1_RX0_IRQHandler               0x0800011b   Thumb Code     0  startup_stm32f10x_ld.o(.text)
    WWDG_IRQHandler                          0x0800011b   Thumb Code     0  startup_stm32f10x_ld.o(.text)
    __aeabi_ldivmod                          0x08000125   Thumb Code    98  ldiv.o(.text)
    __aeabi_memset                           0x08000187   Thumb Code    14  memseta.o(.text)
    __aeabi_memset4                          0x08000187   Thumb Code     0  memseta.o(.text)
    __aeabi_memset8                          0x08000187   Thumb Code     0  memseta.o(.text)
    __aeabi_memclr                           0x08000195   Thumb Code     4  memseta.o(.text)
    __aeabi_memclr4                          0x08000195   Thumb Code     0  memseta.o(.text)
    __aeabi_memclr8                          0x08000195   Thumb Code     0  memseta.o(.text)
    _memset$wrapper                          0x08000199   Thumb Code    18  memseta.o(.text)
    memcmp                                   0x080001ab   Thumb Code    26  memcmp.o(.text)
    __aeabi_fadd                             0x080001c5   Thumb Code   164  fadd.o(.text)
    __aeabi_fsub                             0x08000269   Thumb Code     6  fadd.o(.text)
    __aeabi_frsub                            0x0800026f   Thumb Code     6  fadd.o(.text)
    __aeabi_fmul                             0x08000275   Thumb Code   100  fmul.o(.text)
    __aeabi_fdiv                             0x080002d9   Thumb Code   124  fdiv.o(.text)
    __ARM_scalbnf                            0x08000355   Thumb Code    24  fscalb.o(.text)
    scalbnf                                  0x08000355   Thumb Code     0  fscalb.o(.text)
    __aeabi_dadd                             0x0800036d   Thumb Code   322  dadd.o(.text)
    __aeabi_dsub                             0x080004af   Thumb Code     6  dadd.o(.text)
    __aeabi_drsub                            0x080004b5   Thumb Code     6  dadd.o(.text)
    __aeabi_dmul                             0x080004bb   Thumb Code   228  dmul.o(.text)
    __aeabi_ddiv                             0x0800059f   Thumb Code   222  ddiv.o(.text)
    __aeabi_i2f                              0x0800067d   Thumb Code    18  fflti.o(.text)
    __aeabi_ui2f                             0x0800068f   Thumb Code    10  ffltui.o(.text)
    __aeabi_i2d                              0x08000699   Thumb Code    34  dflti.o(.text)
    __aeabi_f2iz                             0x080006bb   Thumb Code    50  ffixi.o(.text)
    __aeabi_f2uiz                            0x080006ed   Thumb Code    40  ffixui.o(.text)
    __aeabi_f2d                              0x08000715   Thumb Code    38  f2d.o(.text)
    __aeabi_d2f                              0x0800073b   Thumb Code    56  d2f.o(.text)
    __aeabi_uldivmod                         0x08000773   Thumb Code    98  uldiv.o(.text)
    __aeabi_llsl                             0x080007d5   Thumb Code    30  llshl.o(.text)
    _ll_shift_l                              0x080007d5   Thumb Code     0  llshl.o(.text)
    __aeabi_lasr                             0x080007f3   Thumb Code    36  llsshr.o(.text)
    _ll_sshift_r                             0x080007f3   Thumb Code     0  llsshr.o(.text)
    __I$use$fp                               0x08000817   Thumb Code     0  iusefp.o(.text)
    _float_round                             0x08000817   Thumb Code    18  fepilogue.o(.text)
    _float_epilogue                          0x08000829   Thumb Code    92  fepilogue.o(.text)
    _double_round                            0x08000885   Thumb Code    30  depilogue.o(.text)
    _double_epilogue                         0x080008a3   Thumb Code   156  depilogue.o(.text)
    __ARM_scalbn                             0x0800093f   Thumb Code    46  dscalb.o(.text)
    scalbn                                   0x0800093f   Thumb Code     0  dscalb.o(.text)
    __scatterload                            0x0800096d   Thumb Code    28  init.o(.text)
    __scatterload_rt2                        0x0800096d   Thumb Code     0  init.o(.text)
    __aeabi_llsr                             0x08000991   Thumb Code    32  llushr.o(.text)
    _ll_ushift_r                             0x08000991   Thumb Code     0  llushr.o(.text)
    _dsqrt                                   0x080009b1   Thumb Code   162  dsqrt.o(.text)
    EXTI9_5_IRQHandler                       0x08000a55   Thumb Code    40  exti.o(i.EXTI9_5_IRQHandler)
    EXTI_ClearITPendingBit                   0x08000a85   Thumb Code     6  stm32f10x_exti.o(i.EXTI_ClearITPendingBit)
    EXTI_Init                                0x08000a91   Thumb Code   108  stm32f10x_exti.o(i.EXTI_Init)
    GPIO_EXTILineConfig                      0x08000b01   Thumb Code    34  stm32f10x_gpio.o(i.GPIO_EXTILineConfig)
    GPIO_Init                                0x08000b29   Thumb Code   156  stm32f10x_gpio.o(i.GPIO_Init)
    GPIO_ReadInputDataBit                    0x08000bc5   Thumb Code    14  stm32f10x_gpio.o(i.GPIO_ReadInputDataBit)
    GPIO_SetBits                             0x08000bd3   Thumb Code     4  stm32f10x_gpio.o(i.GPIO_SetBits)
    Led_Init                                 0x08000bd9   Thumb Code    50  led.o(i.Led_Init)
    MPU6050_EXTI_Init                        0x08000c11   Thumb Code   104  exti.o(i.MPU6050_EXTI_Init)
    MPU_Get_Accelerometer                    0x08000c7d   Thumb Code    50  mpu6050.o(i.MPU_Get_Accelerometer)
    MPU_Get_Gyroscope                        0x08000caf   Thumb Code    50  mpu6050.o(i.MPU_Get_Gyroscope)
    MPU_IIC_Ack                              0x08000ce1   Thumb Code    56  mpuiic.o(i.MPU_IIC_Ack)
    MPU_IIC_Init                             0x08000d21   Thumb Code    38  mpuiic.o(i.MPU_IIC_Init)
    MPU_IIC_NAck                             0x08000d4d   Thumb Code    56  mpuiic.o(i.MPU_IIC_NAck)
    MPU_IIC_Read_Byte                        0x08000d8d   Thumb Code   100  mpuiic.o(i.MPU_IIC_Read_Byte)
    MPU_IIC_Send_Byte                        0x08000df9   Thumb Code    80  mpuiic.o(i.MPU_IIC_Send_Byte)
    MPU_IIC_Start                            0x08000e51   Thumb Code    56  mpuiic.o(i.MPU_IIC_Start)
    MPU_IIC_Stop                             0x08000e91   Thumb Code    58  mpuiic.o(i.MPU_IIC_Stop)
    MPU_IIC_Wait_Ack                         0x08000ed5   Thumb Code    78  mpuiic.o(i.MPU_IIC_Wait_Ack)
    MPU_Init                                 0x08000f2d   Thumb Code   118  mpu6050.o(i.MPU_Init)
    MPU_Read_Byte                            0x08000fa3   Thumb Code    58  mpu6050.o(i.MPU_Read_Byte)
    MPU_Read_Len                             0x08000fdd   Thumb Code   106  mpu6050.o(i.MPU_Read_Len)
    MPU_Set_Accel_Fsr                        0x08001047   Thumb Code    10  mpu6050.o(i.MPU_Set_Accel_Fsr)
    MPU_Set_Gyro_Fsr                         0x08001051   Thumb Code    10  mpu6050.o(i.MPU_Set_Gyro_Fsr)
    MPU_Set_LPF                              0x0800105b   Thumb Code    48  mpu6050.o(i.MPU_Set_LPF)
    MPU_Set_Rate                             0x0800108b   Thumb Code    46  mpu6050.o(i.MPU_Set_Rate)
    MPU_Write_Byte                           0x080010b9   Thumb Code    60  mpu6050.o(i.MPU_Write_Byte)
    MPU_Write_Len                            0x080010f5   Thumb Code    82  mpu6050.o(i.MPU_Write_Len)
    NVIC_Init                                0x08001149   Thumb Code    94  misc.o(i.NVIC_Init)
    NVIC_PriorityGroupConfig                 0x080011ad   Thumb Code    10  misc.o(i.NVIC_PriorityGroupConfig)
    RCC_APB2PeriphClockCmd                   0x080011c1   Thumb Code    18  stm32f10x_rcc.o(i.RCC_APB2PeriphClockCmd)
    RCC_GetClocksFreq                        0x080011d9   Thumb Code   132  stm32f10x_rcc.o(i.RCC_GetClocksFreq)
    SysTick_CLKSourceConfig                  0x08001315   Thumb Code    24  misc.o(i.SysTick_CLKSourceConfig)
    SystemInit                               0x0800132d   Thumb Code    64  system_stm32f10x.o(i.SystemInit)
    USART1_IRQHandler                        0x0800137d   Thumb Code    88  usart.o(i.USART1_IRQHandler)
    USART_Cmd                                0x080013e1   Thumb Code    20  stm32f10x_usart.o(i.USART_Cmd)
    USART_GetITStatus                        0x080013f5   Thumb Code    62  stm32f10x_usart.o(i.USART_GetITStatus)
    USART_ITConfig                           0x08001433   Thumb Code    48  stm32f10x_usart.o(i.USART_ITConfig)
    USART_Init                               0x08001465   Thumb Code   166  stm32f10x_usart.o(i.USART_Init)
    USART_ReceiveData                        0x08001511   Thumb Code     8  stm32f10x_usart.o(i.USART_ReceiveData)
    __0printf$8                              0x08001519   Thumb Code    22  printf8.o(i.__0printf$8)
    __1printf$8                              0x08001519   Thumb Code     0  printf8.o(i.__0printf$8)
    __2printf                                0x08001519   Thumb Code     0  printf8.o(i.__0printf$8)
    __ARM_fpclassify                         0x08001539   Thumb Code    40  fpclassify.o(i.__ARM_fpclassify)
    __kernel_poly                            0x08001561   Thumb Code   170  poly.o(i.__kernel_poly)
    __mathlib_dbl_infnan                     0x0800160b   Thumb Code     6  dunder.o(i.__mathlib_dbl_infnan)
    __mathlib_dbl_infnan2                    0x08001611   Thumb Code     4  dunder.o(i.__mathlib_dbl_infnan2)
    __mathlib_dbl_invalid                    0x08001615   Thumb Code    12  dunder.o(i.__mathlib_dbl_invalid)
    __mathlib_dbl_underflow                  0x08001621   Thumb Code    10  dunder.o(i.__mathlib_dbl_underflow)
    __scatterload_copy                       0x08001631   Thumb Code    14  handlers.o(i.__scatterload_copy)
    __scatterload_null                       0x0800163f   Thumb Code     2  handlers.o(i.__scatterload_null)
    __scatterload_zeroinit                   0x08001641   Thumb Code    14  handlers.o(i.__scatterload_zeroinit)
    __set_errno                              0x08001651   Thumb Code     6  errno.o(i.__set_errno)
    acc_init                                 0x08001ac1   Thumb Code   118  kalman.o(i.acc_init)
    asin                                     0x08001bbd   Thumb Code   572  asin.o(i.asin)
    atan                                     0x08001e2d   Thumb Code   474  atan.o(i.atan)
    atan2                                    0x0800204d   Thumb Code   346  atan2.o(i.atan2)
    delay_init                               0x080021cd   Thumb Code    46  delay.o(i.delay_init)
    delay_ms                                 0x08002209   Thumb Code    46  delay.o(i.delay_ms)
    delay_us                                 0x0800223d   Thumb Code    46  delay.o(i.delay_us)
    dmp_enable_6x_lp_quat                    0x08002271   Thumb Code    58  inv_mpu_dmp_motion_driver.o(i.dmp_enable_6x_lp_quat)
    dmp_enable_feature                       0x080022ad   Thumb Code   468  inv_mpu_dmp_motion_driver.o(i.dmp_enable_feature)
    dmp_enable_gyro_cal                      0x08002489   Thumb Code    32  inv_mpu_dmp_motion_driver.o(i.dmp_enable_gyro_cal)
    dmp_enable_lp_quat                       0x080024c1   Thumb Code    58  inv_mpu_dmp_motion_driver.o(i.dmp_enable_lp_quat)
    dmp_load_motion_driver_firmware          0x080024fd   Thumb Code    16  inv_mpu_dmp_motion_driver.o(i.dmp_load_motion_driver_firmware)
    dmp_read_fifo                            0x08002511   Thumb Code   324  inv_mpu_dmp_motion_driver.o(i.dmp_read_fifo)
    dmp_set_accel_bias                       0x08002659   Thumb Code   210  inv_mpu_dmp_motion_driver.o(i.dmp_set_accel_bias)
    dmp_set_fifo_rate                        0x08002731   Thumb Code    82  inv_mpu_dmp_motion_driver.o(i.dmp_set_fifo_rate)
    dmp_set_gyro_bias                        0x08002795   Thumb Code   196  inv_mpu_dmp_motion_driver.o(i.dmp_set_gyro_bias)
    dmp_set_orientation                      0x08002861   Thumb Code   246  inv_mpu_dmp_motion_driver.o(i.dmp_set_orientation)
    dmp_set_shake_reject_thresh              0x0800296d   Thumb Code    48  inv_mpu_dmp_motion_driver.o(i.dmp_set_shake_reject_thresh)
    dmp_set_shake_reject_time                0x0800299d   Thumb Code    32  inv_mpu_dmp_motion_driver.o(i.dmp_set_shake_reject_time)
    dmp_set_shake_reject_timeout             0x080029bd   Thumb Code    32  inv_mpu_dmp_motion_driver.o(i.dmp_set_shake_reject_timeout)
    dmp_set_tap_axes                         0x080029dd   Thumb Code    64  inv_mpu_dmp_motion_driver.o(i.dmp_set_tap_axes)
    dmp_set_tap_count                        0x08002a1d   Thumb Code    34  inv_mpu_dmp_motion_driver.o(i.dmp_set_tap_count)
    dmp_set_tap_thresh                       0x08002a41   Thumb Code   274  inv_mpu_dmp_motion_driver.o(i.dmp_set_tap_thresh)
    dmp_set_tap_time                         0x08002b69   Thumb Code    32  inv_mpu_dmp_motion_driver.o(i.dmp_set_tap_time)
    dmp_set_tap_time_multi                   0x08002b89   Thumb Code    32  inv_mpu_dmp_motion_driver.o(i.dmp_set_tap_time_multi)
    fputc                                    0x08002ba9   Thumb Code    18  usart.o(i.fputc)
    get_acc_data                             0x08002bc1   Thumb Code    62  kalman.o(i.get_acc_data)
    get_gyro_data                            0x08002cb1   Thumb Code    34  kalman.o(i.get_gyro_data)
    gyro_init                                0x08002ff1   Thumb Code   118  kalman.o(i.gyro_init)
    inv_orientation_matrix_to_scalar         0x08003149   Thumb Code    34  inv_mpu.o(i.inv_orientation_matrix_to_scalar)
    inv_row_2_scale                          0x0800316b   Thumb Code    72  inv_mpu.o(i.inv_row_2_scale)
    kalman_filter                            0x080031b5   Thumb Code   506  kalman.o(i.kalman_filter)
    kalman_init                              0x080033bd   Thumb Code    42  kalman.o(i.kalman_init)
    main                                     0x080033f1   Thumb Code    54  main.o(i.main)
    mat_add                                  0x08003431   Thumb Code    58  kalman.o(i.mat_add)
    mat_mul                                  0x0800346b   Thumb Code    96  kalman.o(i.mat_mul)
    mat_mul_const                            0x080034cb   Thumb Code    56  kalman.o(i.mat_mul_const)
    mat_sub                                  0x08003503   Thumb Code    58  kalman.o(i.mat_sub)
    mat_tran                                 0x0800353d   Thumb Code    40  kalman.o(i.mat_tran)
    mget_ms                                  0x08003565   Thumb Code     2  inv_mpu.o(i.mget_ms)
    mpu_configure_fifo                       0x08003569   Thumb Code    84  inv_mpu.o(i.mpu_configure_fifo)
    mpu_dmp_get_data                         0x080035c1   Thumb Code   408  inv_mpu.o(i.mpu_dmp_get_data)
    mpu_dmp_init                             0x0800375d   Thumb Code   154  inv_mpu.o(i.mpu_dmp_init)
    mpu_get_accel_fsr                        0x080037fd   Thumb Code    54  inv_mpu.o(i.mpu_get_accel_fsr)
    mpu_get_accel_sens                       0x08003839   Thumb Code    62  inv_mpu.o(i.mpu_get_accel_sens)
    mpu_get_gyro_fsr                         0x0800387d   Thumb Code    48  inv_mpu.o(i.mpu_get_gyro_fsr)
    mpu_get_gyro_sens                        0x080038b1   Thumb Code    44  inv_mpu.o(i.mpu_get_gyro_sens)
    mpu_get_lpf                              0x080038f1   Thumb Code    52  inv_mpu.o(i.mpu_get_lpf)
    mpu_get_sample_rate                      0x08003929   Thumb Code    22  inv_mpu.o(i.mpu_get_sample_rate)
    mpu_init                                 0x08003945   Thumb Code   310  inv_mpu.o(i.mpu_init)
    mpu_load_firmware                        0x08003acd   Thumb Code   158  inv_mpu.o(i.mpu_load_firmware)
    mpu_lp_accel_mode                        0x08003b71   Thumb Code   178  inv_mpu.o(i.mpu_lp_accel_mode)
    mpu_read_fifo_stream                     0x08003c29   Thumb Code   140  inv_mpu.o(i.mpu_read_fifo_stream)
    mpu_read_mem                             0x08003cb9   Thumb Code    80  inv_mpu.o(i.mpu_read_mem)
    mpu_reset_fifo                           0x08003d0d   Thumb Code   344  inv_mpu.o(i.mpu_reset_fifo)
    mpu_run_self_test                        0x08003e69   Thumb Code   234  inv_mpu.o(i.mpu_run_self_test)
    mpu_set_accel_fsr                        0x08003f59   Thumb Code    98  inv_mpu.o(i.mpu_set_accel_fsr)
    mpu_set_bypass                           0x08003fc1   Thumb Code   214  inv_mpu.o(i.mpu_set_bypass)
    mpu_set_dmp_state                        0x0800409d   Thumb Code   114  inv_mpu.o(i.mpu_set_dmp_state)
    mpu_set_gyro_fsr                         0x08004115   Thumb Code   104  inv_mpu.o(i.mpu_set_gyro_fsr)
    mpu_set_int_latched                      0x08004181   Thumb Code    94  inv_mpu.o(i.mpu_set_int_latched)
    mpu_set_lpf                              0x080041e5   Thumb Code   102  inv_mpu.o(i.mpu_set_lpf)
    mpu_set_sample_rate                      0x08004251   Thumb Code   116  inv_mpu.o(i.mpu_set_sample_rate)
    mpu_set_sensors                          0x080042c9   Thumb Code   178  inv_mpu.o(i.mpu_set_sensors)
    mpu_write_mem                            0x08004381   Thumb Code    80  inv_mpu.o(i.mpu_write_mem)
    run_self_test                            0x080043d5   Thumb Code   128  inv_mpu.o(i.run_self_test)
    send_mpu6050_data                        0x08004455   Thumb Code    46  main.o(i.send_mpu6050_data)
    sqrt                                     0x080044d9   Thumb Code    76  sqrt.o(i.sqrt)
    uart_init                                0x08004525   Thumb Code   152  usart.o(i.uart_init)
    usart1_niming_report                     0x080045c5   Thumb Code    96  main.o(i.usart1_niming_report)
    usart1_send_char                         0x08004625   Thumb Code    16  main.o(i.usart1_send_char)
    reg                                      0x08004648   Data          27  inv_mpu.o(.constdata)
    hw                                       0x08004664   Data          12  inv_mpu.o(.constdata)
    test                                     0x08004670   Data          40  inv_mpu.o(.constdata)
    __mathlib_zero                           0x08005378   Data           8  qnan.o(.constdata)
    Region$$Table$$Base                      0x080053d0   Number         0  anon$$obj.o(Region$$Table)
    Region$$Table$$Limit                     0x080053f0   Number         0  anon$$obj.o(Region$$Table)
    USART_RX_STA                             0x20000004   Data           2  usart.o(.data)
    __stdout                                 0x20000008   Data           4  usart.o(.data)
    accX                                     0x2000000c   Data           2  kalman.o(.data)
    accY                                     0x2000000e   Data           2  kalman.o(.data)
    accZ                                     0x20000010   Data           2  kalman.o(.data)
    gyroX                                    0x20000012   Data           2  kalman.o(.data)
    gyroY                                    0x20000014   Data           2  kalman.o(.data)
    gyroZ                                    0x20000016   Data           2  kalman.o(.data)
    theta_deg                                0x20000018   Data           4  kalman.o(.data)
    theta_deg2                               0x2000001c   Data           4  kalman.o(.data)
    theta_dot                                0x20000020   Data           4  kalman.o(.data)
    theta_dot2                               0x20000024   Data           4  kalman.o(.data)
    theta_mean                               0x20000028   Data           4  kalman.o(.data)
    theta_variance                           0x2000002c   Data           4  kalman.o(.data)
    theta_dot_mean                           0x20000030   Data           4  kalman.o(.data)
    theta_dot_variance                       0x20000034   Data           4  kalman.o(.data)
    B_theta                                  0x20000038   Data           8  kalman.o(.data)
    C_theta                                  0x20000040   Data           8  kalman.o(.data)
    theta_data_predict                       0x20000048   Data           8  kalman.o(.data)
    theta_data                               0x20000050   Data           8  kalman.o(.data)
    A_theta                                  0x20000058   Data          16  kalman.o(.data)
    pitch                                    0x20000068   Data           4  exti.o(.data)
    roll                                     0x2000006c   Data           4  exti.o(.data)
    yaw                                      0x20000070   Data           4  exti.o(.data)
    SystemCoreClock                          0x200000c0   Data           4  system_stm32f10x.o(.data)
    AHBPrescTable                            0x200000c4   Data          16  system_stm32f10x.o(.data)
    USART_RX_BUF                             0x200000d8   Data         200  usart.o(.bss)
    P_theta_predict                          0x200001a0   Data          16  kalman.o(.bss)
    P_theta                                  0x200001b0   Data          16  kalman.o(.bss)
    __initial_sp                             0x200005d0   Data           0  startup_stm32f10x_ld.o(STACK)



==============================================================================

Memory Map of the image

  Image Entry point : 0x080000ed

  Load Region LR_IROM1 (Base: 0x08000000, Size: 0x000054c8, Max: 0x00010000, ABSOLUTE)

    Execution Region ER_IROM1 (Base: 0x08000000, Size: 0x000053f0, Max: 0x00010000, ABSOLUTE)

    Base Addr    Size         Type   Attr      Idx    E Section Name        Object

    0x08000000   0x000000ec   Data   RO         2323    RESET               startup_stm32f10x_ld.o
    0x080000ec   0x00000000   Code   RO         2387  * .ARM.Collect$$$$00000000  mc_w.l(entry.o)
    0x080000ec   0x00000004   Code   RO         2752    .ARM.Collect$$$$00000001  mc_w.l(entry2.o)
    0x080000f0   0x00000004   Code   RO         2755    .ARM.Collect$$$$00000004  mc_w.l(entry5.o)
    0x080000f4   0x00000000   Code   RO         2757    .ARM.Collect$$$$00000008  mc_w.l(entry7b.o)
    0x080000f4   0x00000000   Code   RO         2759    .ARM.Collect$$$$0000000A  mc_w.l(entry8b.o)
    0x080000f4   0x00000008   Code   RO         2760    .ARM.Collect$$$$0000000B  mc_w.l(entry9a.o)
    0x080000fc   0x00000000   Code   RO         2762    .ARM.Collect$$$$0000000D  mc_w.l(entry10a.o)
    0x080000fc   0x00000000   Code   RO         2764    .ARM.Collect$$$$0000000F  mc_w.l(entry11a.o)
    0x080000fc   0x00000004   Code   RO         2753    .ARM.Collect$$$$00002712  mc_w.l(entry2.o)
    0x08000100   0x00000024   Code   RO         2324    .text               startup_stm32f10x_ld.o
    0x08000124   0x00000062   Code   RO         2390    .text               mc_w.l(ldiv.o)
    0x08000186   0x00000024   Code   RO         2392    .text               mc_w.l(memseta.o)
    0x080001aa   0x0000001a   Code   RO         2394    .text               mc_w.l(memcmp.o)
    0x080001c4   0x000000b0   Code   RO         2685    .text               mf_w.l(fadd.o)
    0x08000274   0x00000064   Code   RO         2687    .text               mf_w.l(fmul.o)
    0x080002d8   0x0000007c   Code   RO         2689    .text               mf_w.l(fdiv.o)
    0x08000354   0x00000018   Code   RO         2691    .text               mf_w.l(fscalb.o)
    0x0800036c   0x0000014e   Code   RO         2693    .text               mf_w.l(dadd.o)
    0x080004ba   0x000000e4   Code   RO         2695    .text               mf_w.l(dmul.o)
    0x0800059e   0x000000de   Code   RO         2697    .text               mf_w.l(ddiv.o)
    0x0800067c   0x00000012   Code   RO         2699    .text               mf_w.l(fflti.o)
    0x0800068e   0x0000000a   Code   RO         2701    .text               mf_w.l(ffltui.o)
    0x08000698   0x00000022   Code   RO         2703    .text               mf_w.l(dflti.o)
    0x080006ba   0x00000032   Code   RO         2705    .text               mf_w.l(ffixi.o)
    0x080006ec   0x00000028   Code   RO         2707    .text               mf_w.l(ffixui.o)
    0x08000714   0x00000026   Code   RO         2709    .text               mf_w.l(f2d.o)
    0x0800073a   0x00000038   Code   RO         2711    .text               mf_w.l(d2f.o)
    0x08000772   0x00000062   Code   RO         2768    .text               mc_w.l(uldiv.o)
    0x080007d4   0x0000001e   Code   RO         2770    .text               mc_w.l(llshl.o)
    0x080007f2   0x00000024   Code   RO         2772    .text               mc_w.l(llsshr.o)
    0x08000816   0x00000000   Code   RO         2787    .text               mc_w.l(iusefp.o)
    0x08000816   0x0000006e   Code   RO         2788    .text               mf_w.l(fepilogue.o)
    0x08000884   0x000000ba   Code   RO         2790    .text               mf_w.l(depilogue.o)
    0x0800093e   0x0000002e   Code   RO         2792    .text               mf_w.l(dscalb.o)
    0x0800096c   0x00000024   Code   RO         2798    .text               mc_w.l(init.o)
    0x08000990   0x00000020   Code   RO         2800    .text               mc_w.l(llushr.o)
    0x080009b0   0x000000a2   Code   RO         2802    .text               mf_w.l(dsqrt.o)
    0x08000a52   0x00000002   PAD
    0x08000a54   0x00000030   Code   RO          569    i.EXTI9_5_IRQHandler  exti.o
    0x08000a84   0x0000000c   Code   RO         1184    i.EXTI_ClearITPendingBit  stm32f10x_exti.o
    0x08000a90   0x00000070   Code   RO         1189    i.EXTI_Init         stm32f10x_exti.o
    0x08000b00   0x00000028   Code   RO         1252    i.GPIO_EXTILineConfig  stm32f10x_gpio.o
    0x08000b28   0x0000009c   Code   RO         1255    i.GPIO_Init         stm32f10x_gpio.o
    0x08000bc4   0x0000000e   Code   RO         1259    i.GPIO_ReadInputDataBit  stm32f10x_gpio.o
    0x08000bd2   0x00000004   Code   RO         1263    i.GPIO_SetBits      stm32f10x_gpio.o
    0x08000bd6   0x00000002   PAD
    0x08000bd8   0x00000038   Code   RO          542    i.Led_Init          led.o
    0x08000c10   0x0000006c   Code   RO          570    i.MPU6050_EXTI_Init  exti.o
    0x08000c7c   0x00000032   Code   RO          270    i.MPU_Get_Accelerometer  mpu6050.o
    0x08000cae   0x00000032   Code   RO          271    i.MPU_Get_Gyroscope  mpu6050.o
    0x08000ce0   0x00000040   Code   RO          365    i.MPU_IIC_Ack       mpuiic.o
    0x08000d20   0x0000002c   Code   RO          367    i.MPU_IIC_Init      mpuiic.o
    0x08000d4c   0x00000040   Code   RO          368    i.MPU_IIC_NAck      mpuiic.o
    0x08000d8c   0x0000006c   Code   RO          369    i.MPU_IIC_Read_Byte  mpuiic.o
    0x08000df8   0x00000058   Code   RO          370    i.MPU_IIC_Send_Byte  mpuiic.o
    0x08000e50   0x00000040   Code   RO          371    i.MPU_IIC_Start     mpuiic.o
    0x08000e90   0x00000044   Code   RO          372    i.MPU_IIC_Stop      mpuiic.o
    0x08000ed4   0x00000058   Code   RO          373    i.MPU_IIC_Wait_Ack  mpuiic.o
    0x08000f2c   0x00000076   Code   RO          273    i.MPU_Init          mpu6050.o
    0x08000fa2   0x0000003a   Code   RO          274    i.MPU_Read_Byte     mpu6050.o
    0x08000fdc   0x0000006a   Code   RO          275    i.MPU_Read_Len      mpu6050.o
    0x08001046   0x0000000a   Code   RO          276    i.MPU_Set_Accel_Fsr  mpu6050.o
    0x08001050   0x0000000a   Code   RO          277    i.MPU_Set_Gyro_Fsr  mpu6050.o
    0x0800105a   0x00000030   Code   RO          278    i.MPU_Set_LPF       mpu6050.o
    0x0800108a   0x0000002e   Code   RO          279    i.MPU_Set_Rate      mpu6050.o
    0x080010b8   0x0000003c   Code   RO          280    i.MPU_Write_Byte    mpu6050.o
    0x080010f4   0x00000052   Code   RO          281    i.MPU_Write_Len     mpu6050.o
    0x08001146   0x00000002   PAD
    0x08001148   0x00000064   Code   RO         1135    i.NVIC_Init         misc.o
    0x080011ac   0x00000014   Code   RO         1136    i.NVIC_PriorityGroupConfig  misc.o
    0x080011c0   0x00000018   Code   RO         1379    i.RCC_APB2PeriphClockCmd  stm32f10x_rcc.o
    0x080011d8   0x00000094   Code   RO         1387    i.RCC_GetClocksFreq  stm32f10x_rcc.o
    0x0800126c   0x000000a8   Code   RO         2331    i.SetSysClockTo72   system_stm32f10x.o
    0x08001314   0x00000018   Code   RO         1139    i.SysTick_CLKSourceConfig  misc.o
    0x0800132c   0x00000050   Code   RO         2333    i.SystemInit        system_stm32f10x.o
    0x0800137c   0x00000064   Code   RO          210    i.USART1_IRQHandler  usart.o
    0x080013e0   0x00000014   Code   RO         2136    i.USART_Cmd         stm32f10x_usart.o
    0x080013f4   0x0000003e   Code   RO         2140    i.USART_GetITStatus  stm32f10x_usart.o
    0x08001432   0x00000030   Code   RO         2142    i.USART_ITConfig    stm32f10x_usart.o
    0x08001462   0x00000002   PAD
    0x08001464   0x000000ac   Code   RO         2143    i.USART_Init        stm32f10x_usart.o
    0x08001510   0x00000008   Code   RO         2150    i.USART_ReceiveData  stm32f10x_usart.o
    0x08001518   0x00000020   Code   RO         2603    i.__0printf$8       mc_w.l(printf8.o)
    0x08001538   0x00000028   Code   RO         2739    i.__ARM_fpclassify  m_ws.l(fpclassify.o)
    0x08001560   0x000000aa   Code   RO         2741    i.__kernel_poly     m_ws.l(poly.o)
    0x0800160a   0x00000006   Code   RO         2726    i.__mathlib_dbl_infnan  m_ws.l(dunder.o)
    0x08001610   0x00000004   Code   RO         2727    i.__mathlib_dbl_infnan2  m_ws.l(dunder.o)
    0x08001614   0x0000000c   Code   RO         2728    i.__mathlib_dbl_invalid  m_ws.l(dunder.o)
    0x08001620   0x00000010   Code   RO         2731    i.__mathlib_dbl_underflow  m_ws.l(dunder.o)
    0x08001630   0x0000000e   Code   RO         2808    i.__scatterload_copy  mc_w.l(handlers.o)
    0x0800163e   0x00000002   Code   RO         2809    i.__scatterload_null  mc_w.l(handlers.o)
    0x08001640   0x0000000e   Code   RO         2810    i.__scatterload_zeroinit  mc_w.l(handlers.o)
    0x0800164e   0x00000002   PAD
    0x08001650   0x0000000c   Code   RO         2782    i.__set_errno       mc_w.l(errno.o)
    0x0800165c   0x00000410   Code   RO         2610    i._printf_core      mc_w.l(printf8.o)
    0x08001a6c   0x00000024   Code   RO         2611    i._printf_post_padding  mc_w.l(printf8.o)
    0x08001a90   0x0000002e   Code   RO         2612    i._printf_pre_padding  mc_w.l(printf8.o)
    0x08001abe   0x00000002   PAD
    0x08001ac0   0x00000080   Code   RO          437    i.acc_init          kalman.o
    0x08001b40   0x0000007c   Code   RO          605    i.accel_self_test   inv_mpu.o
    0x08001bbc   0x00000270   Code   RO         2370    i.asin              m_ws.l(asin.o)
    0x08001e2c   0x00000220   Code   RO         2716    i.atan              m_ws.l(atan.o)
    0x0800204c   0x00000180   Code   RO         2380    i.atan2             m_ws.l(atan2.o)
    0x080021cc   0x0000003c   Code   RO          126    i.delay_init        delay.o
    0x08002208   0x00000034   Code   RO          127    i.delay_ms          delay.o
    0x0800223c   0x00000034   Code   RO          128    i.delay_us          delay.o
    0x08002270   0x0000003a   Code   RO          950    i.dmp_enable_6x_lp_quat  inv_mpu_dmp_motion_driver.o
    0x080022aa   0x00000002   PAD
    0x080022ac   0x000001dc   Code   RO          951    i.dmp_enable_feature  inv_mpu_dmp_motion_driver.o
    0x08002488   0x00000038   Code   RO          952    i.dmp_enable_gyro_cal  inv_mpu_dmp_motion_driver.o
    0x080024c0   0x0000003a   Code   RO          953    i.dmp_enable_lp_quat  inv_mpu_dmp_motion_driver.o
    0x080024fa   0x00000002   PAD
    0x080024fc   0x00000014   Code   RO          958    i.dmp_load_motion_driver_firmware  inv_mpu_dmp_motion_driver.o
    0x08002510   0x00000148   Code   RO          959    i.dmp_read_fifo     inv_mpu_dmp_motion_driver.o
    0x08002658   0x000000d8   Code   RO          962    i.dmp_set_accel_bias  inv_mpu_dmp_motion_driver.o
    0x08002730   0x00000064   Code   RO          963    i.dmp_set_fifo_rate  inv_mpu_dmp_motion_driver.o
    0x08002794   0x000000cc   Code   RO          964    i.dmp_set_gyro_bias  inv_mpu_dmp_motion_driver.o
    0x08002860   0x0000010c   Code   RO          966    i.dmp_set_orientation  inv_mpu_dmp_motion_driver.o
    0x0800296c   0x00000030   Code   RO          969    i.dmp_set_shake_reject_thresh  inv_mpu_dmp_motion_driver.o
    0x0800299c   0x00000020   Code   RO          970    i.dmp_set_shake_reject_time  inv_mpu_dmp_motion_driver.o
    0x080029bc   0x00000020   Code   RO          971    i.dmp_set_shake_reject_timeout  inv_mpu_dmp_motion_driver.o
    0x080029dc   0x00000040   Code   RO          972    i.dmp_set_tap_axes  inv_mpu_dmp_motion_driver.o
    0x08002a1c   0x00000022   Code   RO          973    i.dmp_set_tap_count  inv_mpu_dmp_motion_driver.o
    0x08002a3e   0x00000002   PAD
    0x08002a40   0x00000128   Code   RO          974    i.dmp_set_tap_thresh  inv_mpu_dmp_motion_driver.o
    0x08002b68   0x00000020   Code   RO          975    i.dmp_set_tap_time  inv_mpu_dmp_motion_driver.o
    0x08002b88   0x00000020   Code   RO          976    i.dmp_set_tap_time_multi  inv_mpu_dmp_motion_driver.o
    0x08002ba8   0x00000018   Code   RO          212    i.fputc             usart.o
    0x08002bc0   0x00000048   Code   RO          438    i.get_acc_data      kalman.o
    0x08002c08   0x000000a8   Code   RO          606    i.get_accel_prod_shift  inv_mpu.o
    0x08002cb0   0x0000002c   Code   RO          439    i.get_gyro_data     kalman.o
    0x08002cdc   0x00000314   Code   RO          607    i.get_st_biases     inv_mpu.o
    0x08002ff0   0x00000080   Code   RO          440    i.gyro_init         kalman.o
    0x08003070   0x000000d8   Code   RO          608    i.gyro_self_test    inv_mpu.o
    0x08003148   0x00000022   Code   RO          609    i.inv_orientation_matrix_to_scalar  inv_mpu.o
    0x0800316a   0x00000048   Code   RO          610    i.inv_row_2_scale   inv_mpu.o
    0x080031b2   0x00000002   PAD
    0x080031b4   0x00000208   Code   RO          441    i.kalman_filter     kalman.o
    0x080033bc   0x00000034   Code   RO          442    i.kalman_init       kalman.o
    0x080033f0   0x00000040   Code   RO            4    i.main              main.o
    0x08003430   0x0000003a   Code   RO          443    i.mat_add           kalman.o
    0x0800346a   0x00000060   Code   RO          445    i.mat_mul           kalman.o
    0x080034ca   0x00000038   Code   RO          446    i.mat_mul_const     kalman.o
    0x08003502   0x0000003a   Code   RO          447    i.mat_sub           kalman.o
    0x0800353c   0x00000028   Code   RO          448    i.mat_tran          kalman.o
    0x08003564   0x00000002   Code   RO          611    i.mget_ms           inv_mpu.o
    0x08003566   0x00000002   PAD
    0x08003568   0x00000058   Code   RO          612    i.mpu_configure_fifo  inv_mpu.o
    0x080035c0   0x0000019c   Code   RO          613    i.mpu_dmp_get_data  inv_mpu.o
    0x0800375c   0x000000a0   Code   RO          614    i.mpu_dmp_init      inv_mpu.o
    0x080037fc   0x0000003c   Code   RO          615    i.mpu_get_accel_fsr  inv_mpu.o
    0x08003838   0x00000044   Code   RO          617    i.mpu_get_accel_sens  inv_mpu.o
    0x0800387c   0x00000034   Code   RO          623    i.mpu_get_gyro_fsr  inv_mpu.o
    0x080038b0   0x00000040   Code   RO          625    i.mpu_get_gyro_sens  inv_mpu.o
    0x080038f0   0x00000038   Code   RO          627    i.mpu_get_lpf       inv_mpu.o
    0x08003928   0x0000001c   Code   RO          629    i.mpu_get_sample_rate  inv_mpu.o
    0x08003944   0x00000188   Code   RO          631    i.mpu_init          inv_mpu.o
    0x08003acc   0x000000a4   Code   RO          632    i.mpu_load_firmware  inv_mpu.o
    0x08003b70   0x000000b8   Code   RO          633    i.mpu_lp_accel_mode  inv_mpu.o
    0x08003c28   0x00000090   Code   RO          636    i.mpu_read_fifo_stream  inv_mpu.o
    0x08003cb8   0x00000054   Code   RO          637    i.mpu_read_mem      inv_mpu.o
    0x08003d0c   0x0000015c   Code   RO          640    i.mpu_reset_fifo    inv_mpu.o
    0x08003e68   0x000000f0   Code   RO          641    i.mpu_run_self_test  inv_mpu.o
    0x08003f58   0x00000068   Code   RO          643    i.mpu_set_accel_fsr  inv_mpu.o
    0x08003fc0   0x000000dc   Code   RO          644    i.mpu_set_bypass    inv_mpu.o
    0x0800409c   0x00000078   Code   RO          646    i.mpu_set_dmp_state  inv_mpu.o
    0x08004114   0x0000006c   Code   RO          647    i.mpu_set_gyro_fsr  inv_mpu.o
    0x08004180   0x00000064   Code   RO          648    i.mpu_set_int_latched  inv_mpu.o
    0x080041e4   0x0000006c   Code   RO          650    i.mpu_set_lpf       inv_mpu.o
    0x08004250   0x00000078   Code   RO          651    i.mpu_set_sample_rate  inv_mpu.o
    0x080042c8   0x000000b8   Code   RO          652    i.mpu_set_sensors   inv_mpu.o
    0x08004380   0x00000054   Code   RO          653    i.mpu_write_mem     inv_mpu.o
    0x080043d4   0x00000080   Code   RO          654    i.run_self_test     inv_mpu.o
    0x08004454   0x0000002e   Code   RO            5    i.send_mpu6050_data  main.o
    0x08004482   0x00000002   PAD
    0x08004484   0x00000054   Code   RO          655    i.set_int_enable    inv_mpu.o
    0x080044d8   0x0000004c   Code   RO         2745    i.sqrt              m_ws.l(sqrt.o)
    0x08004524   0x000000a0   Code   RO          213    i.uart_init         usart.o
    0x080045c4   0x00000060   Code   RO            6    i.usart1_niming_report  main.o
    0x08004624   0x00000014   Code   RO            7    i.usart1_send_char  main.o
    0x08004638   0x00000010   Data   RO          450    .constdata          kalman.o
    0x08004648   0x0000001b   Data   RO          657    .constdata          inv_mpu.o
    0x08004663   0x00000001   PAD
    0x08004664   0x0000000c   Data   RO          658    .constdata          inv_mpu.o
    0x08004670   0x00000028   Data   RO          659    .constdata          inv_mpu.o
    0x08004698   0x00000bf6   Data   RO          978    .constdata          inv_mpu_dmp_motion_driver.o
    0x0800528e   0x00000002   PAD
    0x08005290   0x00000050   Data   RO         2371    .constdata          m_ws.l(asin.o)
    0x080052e0   0x00000098   Data   RO         2717    .constdata          m_ws.l(atan.o)
    0x08005378   0x00000008   Data   RO         2743    .constdata          m_ws.l(qnan.o)
    0x08005380   0x0000004d   Data   RO          660    .conststring        inv_mpu.o
    0x080053cd   0x00000003   PAD
    0x080053d0   0x00000020   Data   RO         2806    Region$$Table       anon$$obj.o


    Execution Region RW_IRAM1 (Base: 0x20000000, Size: 0x000005d0, Max: 0x00005000, ABSOLUTE)

    Base Addr    Size         Type   Attr      Idx    E Section Name        Object

    0x20000000   0x00000004   Data   RW          129    .data               delay.o
    0x20000004   0x00000002   Data   RW          215    .data               usart.o
    0x20000006   0x00000002   PAD
    0x20000008   0x00000004   Data   RW          216    .data               usart.o
    0x2000000c   0x0000005c   Data   RW          451    .data               kalman.o
    0x20000068   0x0000000c   Data   RW          571    .data               exti.o
    0x20000074   0x00000035   Data   RW          661    .data               inv_mpu.o
    0x200000a9   0x00000014   Data   RW         1407    .data               stm32f10x_rcc.o
    0x200000bd   0x00000003   PAD
    0x200000c0   0x00000014   Data   RW         2334    .data               system_stm32f10x.o
    0x200000d4   0x00000004   Data   RW         2783    .data               mc_w.l(errno.o)
    0x200000d8   0x000000c8   Zero   RW          214    .bss                usart.o
    0x200001a0   0x00000020   Zero   RW          449    .bss                kalman.o
    0x200001c0   0x00000010   Zero   RW          977    .bss                inv_mpu_dmp_motion_driver.o
    0x200001d0   0x00000400   Zero   RW         2321    STACK               startup_stm32f10x_ld.o


==============================================================================

Image component sizes


      Code (inc. data)   RO Data    RW Data    ZI Data      Debug   Object Name

       164         26          0          4          0       1563   delay.o
       156         12          0         12          0       1266   exti.o
      5308        282        156         53          0      29434   inv_mpu.o
      2354        116       3062          0         16      19238   inv_mpu_dmp_motion_driver.o
      1252         64         16         92         32       9660   kalman.o
        56          6          0          0          0        447   led.o
       226         14          0          0          0     235851   main.o
       144         16          0          0          0       2285   misc.o
       638          0          0          0          0       6985   mpu6050.o
       588         66          0          0          0       4786   mpuiic.o
        36          8        236          0       1024        792   startup_stm32f10x_ld.o
       124         10          0          0          0       1729   stm32f10x_exti.o
       214          6          0          0          0       4065   stm32f10x_gpio.o
       172         22          0         20          0       4061   stm32f10x_rcc.o
       310          6          0          0          0       5458   stm32f10x_usart.o
       248         24          0         20          0       1813   system_stm32f10x.o
       284         26          0          6        200       3536   usart.o

    ----------------------------------------------------------------------
     12292        704       3508        212       1272     332969   Object Totals
         0          0         32          0          0          0   (incl. Generated)
        18          0          6          5          0          0   (incl. Padding)

    ----------------------------------------------------------------------

      Code (inc. data)   RO Data    RW Data    ZI Data      Debug   Library Member Name

       624         52         80          0          0        168   asin.o
       544         70        152          0          0        124   atan.o
       384         38          0          0          0        144   atan2.o
        38          6          0          0          0        272   dunder.o
        40          0          0          0          0         68   fpclassify.o
       170          0          0          0          0         96   poly.o
         0          0          8          0          0          0   qnan.o
        76          0          0          0          0         84   sqrt.o
         0          0          0          0          0          0   entry.o
         0          0          0          0          0          0   entry10a.o
         0          0          0          0          0          0   entry11a.o
         8          4          0          0          0          0   entry2.o
         4          0          0          0          0          0   entry5.o
         0          0          0          0          0          0   entry7b.o
         0          0          0          0          0          0   entry8b.o
         8          4          0          0          0          0   entry9a.o
        12          6          0          4          0         68   errno.o
        30          0          0          0          0          0   handlers.o
        36          8          0          0          0         68   init.o
         0          0          0          0          0          0   iusefp.o
        98          0          0          0          0         84   ldiv.o
        30          0          0          0          0         68   llshl.o
        36          0          0          0          0         68   llsshr.o
        32          0          0          0          0         68   llushr.o
        26          0          0          0          0         80   memcmp.o
        36          0          0          0          0        108   memseta.o
      1154         54          0          0          0        352   printf8.o
        98          0          0          0          0         92   uldiv.o
        56          0          0          0          0         88   d2f.o
       334          0          0          0          0        148   dadd.o
       222          0          0          0          0        100   ddiv.o
       186          0          0          0          0        176   depilogue.o
        34          0          0          0          0         76   dflti.o
       228          0          0          0          0         96   dmul.o
        46          0          0          0          0         80   dscalb.o
       162          0          0          0          0        100   dsqrt.o
        38          0          0          0          0         68   f2d.o
       176          0          0          0          0        140   fadd.o
       124          0          0          0          0         88   fdiv.o
       110          0          0          0          0        168   fepilogue.o
        50          0          0          0          0         68   ffixi.o
        40          0          0          0          0         68   ffixui.o
        18          0          0          0          0         68   fflti.o
        10          0          0          0          0         68   ffltui.o
       100          0          0          0          0         76   fmul.o
        24          0          0          0          0         68   fscalb.o

    ----------------------------------------------------------------------
      5448        242        240          4          0       3756   Library Totals
         6          0          0          0          0          0   (incl. Padding)

    ----------------------------------------------------------------------

      Code (inc. data)   RO Data    RW Data    ZI Data      Debug   Library Name

      1876        166        240          0          0        956   m_ws.l
      1608         76          0          4          0       1056   mc_w.l
      1958          0          0          0          0       1744   mf_w.l

    ----------------------------------------------------------------------
      5448        242        240          4          0       3756   Library Totals

    ----------------------------------------------------------------------

==============================================================================


      Code (inc. data)   RO Data    RW Data    ZI Data      Debug   

     17740        946       3748        216       1272     329077   Grand Totals
     17740        946       3748        216       1272     329077   ELF Image Totals
     17740        946       3748        216          0          0   ROM Totals

==============================================================================

    Total RO  Size (Code + RO Data)                21488 (  20.98kB)
    Total RW  Size (RW Data + ZI Data)              1488 (   1.45kB)
    Total ROM Size (Code + RO Data + RW Data)      21704 (  21.20kB)

==============================================================================

