C51 COMPILER V9.01   FUNCTION                                                              05/15/2021 22:55:16 PAGE 1   


C51 COMPILER V9.01, COMPILATION OF MODULE FUNCTION
OBJECT MODULE PLACED IN function.OBJ
COMPILER INVOKED BY: D:\软件\keil\C51\BIN\C51.EXE function.c BROWSE DEBUG OBJECTEXTEND

line level    source

   1          #include "function.h"
   2          
   3          #define N 5//自定义可记录时间的个数
   4          
   5          bit a;//防长按，避免连续执行按键对应的功能
   6          unsigned char re=1;//记录次数，最大值为N
   7          unsigned char pag=1;//页码数，共2页
   8          unsigned char Look=1;//查阅第几页
   9          unsigned char ssec=0, sec=0, min=0;//更新时间
  10          unsigned char code rank[]={"NO."};//排名
  11          unsigned char code record[]={"RECORD"};//记录头衔
  12          unsigned char code time[]={"m  s  ms"};//时间头衔
  13          unsigned char code cover[]={"STOPWATCH"};//封面
  14          unsigned char re_ms[N]={0}, re_s[N]={0}, re_m[N]={0};//存储记录的时间
  15          unsigned char code num[]={'0','1','2','3','4','5','6','7','8','9'};
  16          
  17          
  18          /***************************************************************************
  19          *名称:Init_face
  20          *参数:无
  21          *功能:进入时显示1.6s的封面，然后字母慢慢从后面消失
  22          *返回值:无
  23          ***************************************************************************/
  24          void Init_face()
  25          {
  26   1              unsigned char i, j;
  27   1              Show_Str(1, 4, cover);//封面的英语
  28   1              for(i=0;i<8;i++)//大概1.6秒
  29   1              {
  30   2                      Delay(200);     
  31   2              }
  32   1              for(i=0;i<9;i++)//慢慢退去，现象是字母从后面一个消失
  33   1              {
  34   2                      for(j=0;j<9-i;j++)
  35   2                      {
  36   3                              Show_Data(1, 4+j, cover[j]);    
  37   3                      }
  38   2                      Delay(50);
  39   2                      Write_Command(0x01);//清除显示寄存器的内容，不然不会有后面那个现象
  40   2                      Write_Command(0x80);
  41   2              }
  42   1      }
  43          
  44          
  45          /***************************************************************************
  46          *名称:major_face
  47          *参数:无
  48          *功能:显示时间头衔，毫秒对毫秒，秒对秒，分对分
  49          *返回值:无
  50          ***************************************************************************/
  51          void major_face()
  52          {
  53   1              Show_Str(1, 5, time);
  54   1              Show_Data(2, 16, '1');//右下角显示1的页码
  55   1      }
C51 COMPILER V9.01   FUNCTION                                                              05/15/2021 22:55:16 PAGE 2   

  56          
  57          
  58          /***************************************************************************
  59          *名称:Time_face
  60          *参数:r, c, ssec, sec, min
  61          *功能:显示行，列，毫秒，秒，分
  62          *返回值:无
  63          ***************************************************************************/
  64          void Time_face(unsigned char r, c, ssec, sec, min)
  65          {
  66   1              Show_Data(r, c+7, num[ssec%10]);
  67   1              Show_Data(r, c+6, num[ssec/10]);
  68   1              Show_Data(r, c+5, 0x3a);
  69   1              Show_Data(r, c+4, num[sec%10]);
  70   1              Show_Data(r, c+3, num[sec/10]);
  71   1              Show_Data(r, c+2, 0x3a);
  72   1              Show_Data(r, c+1, num[min%10]);
  73   1              Show_Data(r, c, num[min/10]);
  74   1      }
  75          
  76          
  77          /***************************************************************************
  78          *名称:Record_face
  79          *参数:无
  80          *功能:显示记录的面板，调用全局变量Look实现翻阅记录
  81          *返回值:无
  82          ***************************************************************************/
  83          void Record_face()
  84          {
  85   1              unsigned char i, j;
  86   1              Show_Str(1, 6, record);
  87   1              Show_Str(2, 1, rank);
  88   1              Show_Data(2, 16, '2');//第2页
  89   1              i=Look;
  90   1              j=Look-1;
  91   1              if(re==1)i=0, j=0;//不记录时都显示0
  92   1              Show_Data(2, 4, i+'0');
  93   1              Time_face(2, 6, re_ms[j], re_s[j], re_m[j]);
  94   1      }
  95          
  96          
  97          /***************************************************************************
  98          *名称:Pag_change
  99          *参数:无
 100          *功能:翻页功能，调用全局变量pag实现翻页
 101          *返回值:无
 102          ***************************************************************************/
 103          void Pag_change()
 104          {
 105   1              Write_Command(0x01);
 106   1              Write_Command(0x80);
 107   1              switch(pag)
 108   1              {
 109   2                      case 1:major_face();Time_face(2, 5, ssec, sec, min);break;
 110   2                      case 2:Record_face();break;
 111   2              }
 112   1      }
 113          
 114          
 115          /***************************************************************************
 116          *名称:Delete
 117          *参数:无
C51 COMPILER V9.01   FUNCTION                                                              05/15/2021 22:55:16 PAGE 3   

 118          *功能:清除记录的时间
 119          *返回值:无
 120          ***************************************************************************/
 121          void Delete()
 122          {
 123   1              unsigned char i;
 124   1              for(i=0;i<re-1;i++)
 125   1              {
 126   2                      re_ms[i]=0;
 127   2                      re_s[i]=0;
 128   2                      re_m[i]=0;
 129   2              }
 130   1      }
 131          
 132          
 133          /***************************************************************************
 134          *名称:Key_scan
 135          *参数:无
 136          *功能:判断按键是否又被按下，按下后隔15毫秒进入中断，也就是消抖时间15毫秒
 137          *返回值:无
 138          ***************************************************************************/
 139          void Key_scan()
 140          {
 141   1              KEY=0x0f;
 142   1              if(KEY==0x0f)a=0;//a是防长按，按一次就锁定，这样不至于长按连续执行按键功能
 143   1              if(KEY!=0x0f)TR0=1;
 144   1      
 145   1      }
 146          
 147          
 148          /***************************************************************************
 149          *名称:Key_fun
 150          *参数:无
 151          *功能:按键的功能
 152          *返回值:无
 153          ***************************************************************************/
 154          void Key_fun()
 155          {
 156   1              switch(RC)
 157   1              {
 158   2                      case 13://页码加一
 159   2                      {
 160   3                              if(TR1==0)
 161   3                              {
 162   4                                      pag++;
 163   4                                      if(pag>2)pag=2;Pag_change();
 164   4                                      Look=1; 
 165   4                              }
 166   3                              break;
 167   3                      }       
 168   2                      case 14://页码减一
 169   2                      {
 170   3                              if(TR1==0)
 171   3                              {
 172   4                                      pag--;
 173   4                                      if(pag<1)pag=1;Pag_change();
 174   4                                      Look=1; 
 175   4                              }
 176   3                              break;
 177   3                      }
 178   2                      case 11://清零
 179   2                      {
C51 COMPILER V9.01   FUNCTION                                                              05/15/2021 22:55:16 PAGE 4   

 180   3                              if(TR1==0)//只有暂停时才可清零
 181   3                              {
 182   4                                      ssec=0;
 183   4                                      sec=0;
 184   4                                      min=0;
 185   4                                      Time_face(2, 5, ssec, sec, min);
 186   4                                      Delete();
 187   4                                      re=1;
 188   4                                      if(pag==2)//如果是第一页，它显示会错乱
 189   4                                      {
 190   5                                              Write_Command(0x01);
 191   5                                              Write_Command(0x80);
 192   5                                              Record_face();//更新记录面板显示的内容，不然清零后没显示0                                       
 193   5                                      }
 194   4                              }
 195   3                              break;
 196   3                      }
 197   2                      case 9://暂停与开始
 198   2                      {
 199   3                              if(pag==1)TR1=~TR1;
 200   3                              break;
 201   3                      }
 202   2                      case 10://记录时间数据
 203   2                      {
 204   3                              if(pag==1&&TR1==1)//要开始才可以记录
 205   3                              {
 206   4                                      if(re<=N)
 207   4                                      {
 208   5                                              re_ms[re-1]=ssec;
 209   5                                              re_s[re-1]=sec;
 210   5                                              re_m[re-1]=min;
 211   5                                              re++;   
 212   5                                      }
 213   4                              }break;
 214   3                      }
 215   2                      case 15://翻阅后面的时间记录
 216   2                      {
 217   3                              if(pag==2&&TR1==0)
 218   3                              {
 219   4                                      Look++;
 220   4                                      if(Look>=re-1)Look=re-1;
 221   4                                      Record_face();//更新显示
 222   4                              }break;
 223   3                      }
 224   2                      
 225   2                      case 16://翻阅前面的时间记录
 226   2                      {
 227   3                              if(pag==2&&TR1==0)
 228   3                              {
 229   4                                      Look--;
 230   4                                      if(Look<1)Look=1;
 231   4                                      Record_face();
 232   4                              }break;
 233   3                      }
 234   2              }
 235   1              RC=0;//清除按键数值，否则下次主函数循环又执行了按键的功能
 236   1      }


MODULE INFORMATION:   STATIC OVERLAYABLE
   CODE SIZE        =    970    ----
   CONSTANT SIZE    =     40    ----
C51 COMPILER V9.01   FUNCTION                                                              05/15/2021 22:55:16 PAGE 5   

   XDATA SIZE       =   ----    ----
   PDATA SIZE       =   ----    ----
   DATA SIZE        =     21      12
   IDATA SIZE       =   ----    ----
   BIT SIZE         =      1    ----
END OF MODULE INFORMATION.


C51 COMPILATION COMPLETE.  0 WARNING(S),  0 ERROR(S)
